<html>
<body>
<pre>
<h1>µVision Build Log</h1>
<h2>Tool Versions:</h2>
IDE-Version: µVision V5.22.0.0
Copyright (C) 2016 ARM Ltd and ARM Germany GmbH. All rights reserved.
License Information: Princewill Okorie, Saint Louis University, LIC=----
 
Tool Versions:
Toolchain:       MDK-Lite  Version: 5.22
Toolchain Path:  C:\Keil_v5\ARM\ARMCC\Bin
C Compiler:      Armcc.exe V5.06 update 4 (build 422)
Assembler:       Armasm.exe V5.06 update 4 (build 422)
Linker/Locator:  ArmLink.exe V5.06 update 4 (build 422)
Library Manager: ArmAr.exe V5.06 update 4 (build 422)
Hex Converter:   FromElf.exe V5.06 update 4 (build 422)
CPU DLL:         SARMCM3.DLL V5.22
Dialog DLL:      DARMCM1.DLL V1.15.0.0
Target DLL:      Segger\JL2CM3.dll V2.99.23.0
Dialog DLL:      TARMCM1.DLL V1.11.0.0
 
<h2>Project:</h2>
D:\Kiel\Projects\healthwatch\keil\healthwatch.uvproj
Project File Date:  04/14/2017

<h2>Output:</h2>
*** Using Compiler 'V5.06 update 4 (build 422)', folder: 'C:\Keil_v5\ARM\ARMCC\Bin'
Rebuild target 'blps'
assembling startup.s...
compiling system.c...
compiling app_main.c...
..\..\src\main\app_main.c(128): warning:  #550-D: variable "rxbuffer"  was set but never used
      uint8_t rxbuffer[100];
..\..\src\main\app_main.c: 1 warning, 0 errors
compiling usr_design.c...
compiling app_env.c...
compiling app_util.c...
compiling app_printf.c...
compiling app_sys.c...
compiling app_task.c...
compiling app_gatt.c...
compiling app_gap.c...
compiling app_gap_task.c...
compiling app_gatt_task.c...
compiling app_smp.c...
compiling app_smp_task.c...
compiling app_blps.c...
compiling app_diss.c...
compiling app_blps_task.c...
compiling blps.c...
compiling prf_utils.c...
compiling app_diss_task.c...
compiling blps_task.c...
compiling diss.c...
compiling diss_task.c...
compiling uart.c...
compiling gpio.c...
compiling sleep.c...
compiling wdt.c...
compiling syscon.c...
compiling timer.c...
compiling rtc.c...
compiling serialflash.c...
compiling i2c.c...
compiling adc.c...
compiling analog.c...
compiling dma.c...
compiling pwm.c...
compiling spi.c...
compiling led.c...
compiling retarget.c...
compiling button.c...
linking...
Program Size: Code=19296 RO-data=1752 RW-data=396 ZI-data=4284  
After Build - User command #1: fromelf --bin --output ./bin/healthwatch.bin ./obj/healthwatch.axf
".\obj\healthwatch.axf" - 0 Error(s), 1 Warning(s).
Build Time Elapsed:  00:00:07
</pre>
</body>
</html>
