Component: ARM Compiler 5.06 update 4 (build 422) Tool: armlink [4d35d2]

==============================================================================

Section Cross References

    startup.o(RESET) refers to startup.o(STACK) for __initial_sp
    startup.o(RESET) refers to startup.o(.text) for Reset_Handler
    startup.o(RESET) refers to gpio.o(i.GPIO_IRQHandler) for GPIO_IRQHandler
    startup.o(RESET) refers to analog.o(i.ACMP0_IRQHandler) for ACMP0_IRQHandler
    startup.o(RESET) refers to analog.o(i.ACMP1_IRQHandler) for ACMP1_IRQHandler
    startup.o(RESET) refers to lib.o(i.BLE_IRQHandler) for BLE_IRQHandler
    startup.o(RESET) refers to sleep.o(i.OSC_EN_IRQHandler) for OSC_EN_IRQHandler
    startup.o(RESET) refers to dma.o(i.DMA_IRQHandler) for DMA_IRQHandler
    startup.o(RESET) refers to uart.o(i.UART0_TX_IRQHandler) for UART0_TX_IRQHandler
    startup.o(RESET) refers to uart.o(i.UART0_RX_IRQHandler) for UART0_RX_IRQHandler
    startup.o(RESET) refers to spi.o(i.SPI0_IRQHandler) for SPI0_IRQHandler
    startup.o(RESET) refers to timer.o(i.TIMER0_IRQHandler) for TIMER0_IRQHandler
    startup.o(RESET) refers to timer.o(i.TIMER1_IRQHandler) for TIMER1_IRQHandler
    startup.o(RESET) refers to timer.o(i.TIMER2_IRQHandler) for TIMER2_IRQHandler
    startup.o(RESET) refers to timer.o(i.TIMER3_IRQHandler) for TIMER3_IRQHandler
    startup.o(RESET) refers to wdt.o(i.WDT_IRQHandler) for WDT_IRQHandler
    startup.o(.text) refers to entry.o(.ARM.Collect$$$$00000000) for __main
    app_main.o(i.assert_err) refers to printf8.o(i.__0printf$8) for __2printf
    app_main.o(i.assert_warn) refers to printf8.o(i.__0printf$8) for __2printf
    app_main.o(i.main) refers to system.o(i.SystemInit) for SystemInit
    app_main.o(i.main) refers to lib.o(i.ble_init) for ble_init
    app_main.o(i.main) refers to app_env.o(i.app_init) for app_init
    app_main.o(i.main) refers to usr_design.o(i.usr_init) for usr_init
    app_main.o(i.main) refers to sleep.o(i.sleep_init) for sleep_init
    app_main.o(i.main) refers to sleep.o(i.wakeup_by_sleep_timer) for wakeup_by_sleep_timer
    app_main.o(i.main) refers to i2c.o(i.i2c_init) for i2c_init
    app_main.o(i.main) refers to lib.o(i.ke_schedule) for ke_schedule
    app_main.o(i.main) refers to i2c.o(i.I2C_BYTE_WRITE) for I2C_BYTE_WRITE
    app_main.o(i.main) refers to i2c.o(i.I2C_BYTE_READ) for I2C_BYTE_READ
    app_main.o(i.main) refers to printf8.o(i.__0printf$8) for __2printf
    app_main.o(i.main) refers to sleep.o(i.usr_sleep) for usr_sleep
    app_main.o(i.main) refers to lib.o(i.ble_sleep) for ble_sleep
    app_main.o(i.main) refers to led.o(i.led_set) for led_set
    app_main.o(i.main) refers to sleep.o(i.enter_sleep) for enter_sleep
    app_main.o(i.main) refers to prf_utils.o(i.prf_init) for prf_init
    app_main.o(i.main) refers to prf_utils.o(i.prf_dispatch_disconnect) for prf_dispatch_disconnect
    app_main.o(i.main) refers to app_main.o(.bss) for .bss
    app_main.o(i.main) refers to sleep.o(i.sleep_cb) for sleep_cb
    system.o(i.SystemInit) refers to math.o(REG_ACCESS_SECTION) for __wr_reg_with_msk
    system.o(i.SystemInit) refers to syscon.o(i.syscon_set_sysclk_src) for syscon_set_sysclk_src
    system.o(i.SystemInit) refers to syscon.o(i.syscon_set_ahb_clk) for syscon_set_ahb_clk
    system.o(i.SystemInit) refers to syscon.o(i.syscon_set_apb_clk) for syscon_set_apb_clk
    system.o(i.SystemInit) refers to syscon.o(i.syscon_set_ble_clk) for syscon_set_ble_clk
    system.o(i.SystemInit) refers to syscon.o(i.syscon_set_timer_clk) for syscon_set_timer_clk
    system.o(i.SystemInit) refers to syscon.o(i.syscon_set_usart_clk) for syscon_set_usart_clk
    system.o(i.SystemInit) refers to gpio.o(i.gpio_init) for gpio_init
    system.o(i.SystemInit) refers to led.o(i.led_init) for led_init
    system.o(i.SystemInit) refers to button.o(i.button_init) for button_init
    system.o(i.SystemInit) refers to usr_design.o(i.gpio_interrupt_callback) for gpio_interrupt_callback
    usr_design.o(i.app_blps_blood_send_handler) refers to usr_design.o(i.app_blps_pressure_send) for app_blps_pressure_send
    usr_design.o(i.app_blps_blood_send_handler) refers to app_blps_task.o(.data) for app_blps_env
    usr_design.o(i.app_blps_pressure_send) refers to app_blps.o(i.app_blps_pressure_send_req) for app_blps_pressure_send_req
    usr_design.o(i.app_blps_pressure_send) refers to app_blps_task.o(.data) for app_blps_env
    usr_design.o(i.app_button_timer_handler) refers to gpio.o(i.gpio_read_pin) for gpio_read_pin
    usr_design.o(i.app_button_timer_handler) refers to app_main.o(i.assert_err) for assert_err
    usr_design.o(i.app_button_timer_handler) refers to app_gap.o(i.app_gap_adv_stop_req) for app_gap_adv_stop_req
    usr_design.o(i.app_button_timer_handler) refers to app_util.o(i.app_get_local_service_flag) for app_get_local_service_flag
    usr_design.o(i.app_button_timer_handler) refers to app_util.o(i.app_set_scan_rsp_data) for app_set_scan_rsp_data
[...]
    llc_data_req_handler_patch               0x10003c59   Thumb Code   134  lib.o(i.llc_data_req_handler_patch)
    i.llc_lld_stop_ind_handler_patch         0x10003cf4   Section        0  lib.o(i.llc_lld_stop_ind_handler_patch)
    llc_lld_stop_ind_handler_patch           0x10003cf5   Thumb Code    36  lib.o(i.llc_lld_stop_ind_handler_patch)
    i.llm_lld_data_ind_handler_patch         0x10003d20   Section        0  lib.o(i.llm_lld_data_ind_handler_patch)
    llm_lld_data_ind_handler_patch           0x10003d21   Thumb Code   138  lib.o(i.llm_lld_data_ind_handler_patch)
    i.main                                   0x10003dbc   Section        0  app_main.o(i.main)
    i.power_off_flash                        0x10003f2c   Section        0  serialflash.o(i.power_off_flash)
    i.power_on_flash                         0x10003f54   Section        0  serialflash.o(i.power_on_flash)
    i.prf_dispatch_disconnect                0x10003f94   Section        0  prf_utils.o(i.prf_dispatch_disconnect)
    i.prf_init                               0x10003fd0   Section        0  prf_utils.o(i.prf_init)
    i.prf_pack_date_time                     0x10003fe8   Section        0  prf_utils.o(i.prf_pack_date_time)
    i.prf_server_error_ind_send              0x10004008   Section        0  prf_utils.o(i.prf_server_error_ind_send)
    i.read_flash_id                          0x10004034   Section        0  serialflash.o(i.read_flash_id)
    i.restore_ble_dev_mode_flag              0x10004044   Section        0  lib.o(i.restore_ble_dev_mode_flag)
    i.restore_ble_setting                    0x1000407c   Section        0  lib.o(i.restore_ble_setting)
    i.set_dbg_info                           0x100040cc   Section        0  lib.o(i.set_dbg_info)
    i.sleep_cb                               0x100040dc   Section        0  sleep.o(i.sleep_cb)
    i.sleep_init                             0x100040f4   Section        0  sleep.o(i.sleep_init)
    i.sleep_post_process                     0x10004128   Section        0  lib.o(i.sleep_post_process)
    i.smp_rtx_ind_handler_patch              0x10004194   Section        0  lib.o(i.smp_rtx_ind_handler_patch)
    smp_rtx_ind_handler_patch                0x10004195   Thumb Code    70  lib.o(i.smp_rtx_ind_handler_patch)
    i.smpc_l2cc_data_packet_ind_handler_patch 0x100041ec   Section        0  lib.o(i.smpc_l2cc_data_packet_ind_handler_patch)
    smpc_l2cc_data_packet_ind_handler_patch  0x100041ed   Thumb Code    96  lib.o(i.smpc_l2cc_data_packet_ind_handler_patch)
    i.spi_int_enable                         0x10004258   Section        0  spi.o(i.spi_int_enable)
    spi_int_enable                           0x10004259   Thumb Code   126  spi.o(i.spi_int_enable)
    i.spi_rx_data                            0x100042e4   Section        0  spi.o(i.spi_rx_data)
    spi_rx_data                              0x100042e5   Thumb Code    76  spi.o(i.spi_rx_data)
    i.spi_spi_GetSR                          0x10004330   Section        0  spi.o(i.spi_spi_GetSR)
    spi_spi_GetSR                            0x10004331   Thumb Code    10  spi.o(i.spi_spi_GetSR)
    i.spi_spi_SetTXD                         0x1000433a   Section        0  spi.o(i.spi_spi_SetTXD)
    spi_spi_SetTXD                           0x1000433b   Thumb Code    10  spi.o(i.spi_spi_SetTXD)
    i.spi_tx_data                            0x10004344   Section        0  spi.o(i.spi_tx_data)
    spi_tx_data                              0x10004345   Thumb Code    70  spi.o(i.spi_tx_data)
    i.store_ble_dev_mode_flag                0x1000438c   Section        0  lib.o(i.store_ble_dev_mode_flag)
    i.syscon_GetBLESR                        0x10004398   Section        0  sleep.o(i.syscon_GetBLESR)
    syscon_GetBLESR                          0x10004399   Thumb Code    10  sleep.o(i.syscon_GetBLESR)
    i.syscon_GetBLESR                        0x100043a2   Section        0  lib.o(i.syscon_GetBLESR)
    syscon_GetBLESR                          0x100043a3   Thumb Code    10  lib.o(i.syscon_GetBLESR)
    i.syscon_SetCMDCRWithMask                0x100043ac   Section        0  sleep.o(i.syscon_SetCMDCRWithMask)
    syscon_SetCMDCRWithMask                  0x100043ad   Thumb Code    10  sleep.o(i.syscon_SetCMDCRWithMask)
    i.syscon_SetCMDCRWithMask                0x100043b6   Section        0  syscon.o(i.syscon_SetCMDCRWithMask)
    syscon_SetCMDCRWithMask                  0x100043b7   Thumb Code    10  syscon.o(i.syscon_SetCMDCRWithMask)
    i.syscon_SetIvrefX32WithMask             0x100043c0   Section        0  sleep.o(i.syscon_SetIvrefX32WithMask)
    syscon_SetIvrefX32WithMask               0x100043c1   Thumb Code    10  sleep.o(i.syscon_SetIvrefX32WithMask)
    i.syscon_SetPGCR0WithMask                0x100043ca   Section        0  sleep.o(i.syscon_SetPGCR0WithMask)
    syscon_SetPGCR0WithMask                  0x100043cb   Thumb Code    10  sleep.o(i.syscon_SetPGCR0WithMask)
    i.syscon_SetPGCR1WithMask                0x100043d4   Section        0  lib.o(i.syscon_SetPGCR1WithMask)
    syscon_SetPGCR1WithMask                  0x100043d5   Thumb Code    10  lib.o(i.syscon_SetPGCR1WithMask)
    i.syscon_SetPGCR2WithMask                0x100043de   Section        0  sleep.o(i.syscon_SetPGCR2WithMask)
    syscon_SetPGCR2WithMask                  0x100043df   Thumb Code    10  sleep.o(i.syscon_SetPGCR2WithMask)
    i.syscon_set_ahb_clk                     0x100043e8   Section        0  syscon.o(i.syscon_set_ahb_clk)
    i.syscon_set_apb_clk                     0x10004420   Section        0  syscon.o(i.syscon_set_apb_clk)
    i.syscon_set_ble_clk                     0x10004454   Section        0  syscon.o(i.syscon_set_ble_clk)
    i.syscon_set_sysclk_src                  0x10004494   Section        0  syscon.o(i.syscon_set_sysclk_src)
    i.syscon_set_timer_clk                   0x10004550   Section        0  syscon.o(i.syscon_set_timer_clk)
    i.syscon_set_usart_clk                   0x1000457c   Section        0  syscon.o(i.syscon_set_usart_clk)
    i.task_app_desc_register                 0x100045ec   Section        0  app_task.o(i.task_app_desc_register)
    i.task_atts_desc_register                0x10004624   Section        0  lib.o(i.task_atts_desc_register)
    task_atts_desc_register                  0x10004625   Thumb Code   110  lib.o(i.task_atts_desc_register)
    i.task_blps_desc_register                0x100046ac   Section        0  blps_task.o(i.task_blps_desc_register)
    i.task_diss_desc_register                0x100046e4   Section        0  diss_task.o(i.task_diss_desc_register)
    i.task_gatt_desc_register                0x1000471c   Section        0  lib.o(i.task_gatt_desc_register)
    task_gatt_desc_register                  0x1000471d   Thumb Code   116  lib.o(i.task_gatt_desc_register)
    i.task_llc_desc_register                 0x100047dc   Section        0  lib.o(i.task_llc_desc_register)
    task_llc_desc_register                   0x100047dd   Thumb Code    84  lib.o(i.task_llc_desc_register)
    i.timer_timer_ClrIntFlag                 0x1000484c   Section        0  timer.o(i.timer_timer_ClrIntFlag)
    timer_timer_ClrIntFlag                   0x1000484d   Thumb Code    10  timer.o(i.timer_timer_ClrIntFlag)
    i.timer_timer_GetIntFlag                 0x10004856   Section        0  timer.o(i.timer_timer_GetIntFlag)
    timer_timer_GetIntFlag                   0x10004857   Thumb Code    10  timer.o(i.timer_timer_GetIntFlag)
    i.uart_check_tx_free                     0x10004860   Section        0  uart.o(i.uart_check_tx_free)
    i.uart_init                              0x1000489c   Section        0  uart.o(i.uart_init)
    i.uart_rx_int_enable                     0x10004934   Section        0  uart.o(i.uart_rx_int_enable)
    uart_rx_int_enable                       0x10004935   Thumb Code    18  uart.o(i.uart_rx_int_enable)
    i.uart_tx_int_enable                     0x10004948   Section        0  uart.o(i.uart_tx_int_enable)
    uart_tx_int_enable                       0x10004949   Thumb Code    46  uart.o(i.uart_tx_int_enable)
    i.uart_uart_ClrIntFlag                   0x10004980   Section        0  uart.o(i.uart_uart_ClrIntFlag)
    uart_uart_ClrIntFlag                     0x10004981   Thumb Code    10  uart.o(i.uart_uart_ClrIntFlag)
    i.uart_uart_GetIntFlag                   0x1000498a   Section        0  uart.o(i.uart_uart_GetIntFlag)
    uart_uart_GetIntFlag                     0x1000498b   Thumb Code    10  uart.o(i.uart_uart_GetIntFlag)
    i.uart_uart_SetTXD                       0x10004994   Section        0  uart.o(i.uart_uart_SetTXD)
    uart_uart_SetTXD                         0x10004995   Thumb Code     8  uart.o(i.uart_uart_SetTXD)
    i.usr_button1_cb                         0x1000499c   Section        0  usr_design.o(i.usr_button1_cb)
    i.usr_init                               0x100049cc   Section        0  usr_design.o(i.usr_init)
    i.usr_led1_set                           0x10004a08   Section        0  usr_design.o(i.usr_led1_set)
    usr_led1_set                             0x10004a09   Thumb Code    72  usr_design.o(i.usr_led1_set)
    i.usr_sleep                              0x10004a5c   Section        0  sleep.o(i.usr_sleep)
    i.usr_sleep_restore                      0x10004ae4   Section        0  usr_design.o(i.usr_sleep_restore)
    i.wakeup_32k_xtal_start_timer            0x10004b18   Section        0  sleep.o(i.wakeup_32k_xtal_start_timer)
    i.wakeup_32k_xtal_switch_clk             0x10004b2c   Section        0  sleep.o(i.wakeup_32k_xtal_switch_clk)
    i.wakeup_by_sleep_timer                  0x10004b80   Section        0  sleep.o(i.wakeup_by_sleep_timer)
    i.wdt_irq_clear                          0x10004be8   Section        0  wdt.o(i.wdt_irq_clear)
    i.wdt_wdt_SetLKR                         0x10004c10   Section        0  wdt.o(i.wdt_wdt_SetLKR)
    wdt_wdt_SetLKR                           0x10004c11   Thumb Code    14  wdt.o(i.wdt_wdt_SetLKR)
    .constdata                               0x10004c20   Section      312  app_task.o(.constdata)
    .constdata                               0x10004d58   Section       48  app_task.o(.constdata)
    .constdata                               0x10004d88   Section      108  blps.o(.constdata)
    .constdata                               0x10004df4   Section        2  blps.o(.constdata)
    .constdata                               0x10004df6   Section        5  blps.o(.constdata)
    .constdata                               0x10004dfb   Section        5  blps.o(.constdata)
    .constdata                               0x10004e00   Section        5  blps.o(.constdata)
    .constdata                               0x10004e08   Section        8  blps_task.o(.constdata)
    .constdata                               0x10004e10   Section        8  blps_task.o(.constdata)
    .constdata                               0x10004e18   Section       32  blps_task.o(.constdata)
    .constdata                               0x10004e38   Section        8  blps_task.o(.constdata)
    .constdata                               0x10004e40   Section       32  blps_task.o(.constdata)
    .constdata                               0x10004e60   Section      228  diss.o(.constdata)
    .constdata                               0x10004f44   Section        2  diss.o(.constdata)
    .constdata                               0x10004f46   Section        5  diss.o(.constdata)
    .constdata                               0x10004f4b   Section        5  diss.o(.constdata)
    .constdata                               0x10004f50   Section        5  diss.o(.constdata)
    .constdata                               0x10004f55   Section        5  diss.o(.constdata)
    .constdata                               0x10004f5a   Section        5  diss.o(.constdata)
    .constdata                               0x10004f5f   Section        5  diss.o(.constdata)
    .constdata                               0x10004f64   Section        5  diss.o(.constdata)
    .constdata                               0x10004f69   Section        5  diss.o(.constdata)
    .constdata                               0x10004f6e   Section        5  diss.o(.constdata)
    .constdata                               0x10004f74   Section        8  diss_task.o(.constdata)
    .constdata                               0x10004f7c   Section       16  diss_task.o(.constdata)
    .constdata                               0x10004f8c   Section        8  diss_task.o(.constdata)
    .constdata                               0x10004f94   Section       32  diss_task.o(.constdata)
    .constdata                               0x10004fb4   Section       51  uart.o(.constdata)
    .constdata                               0x10004fe8   Section       16  lib.o(.constdata)
    .constdata                               0x10004ff8   Section      129  ctype_o.o(.constdata)
    .constdata                               0x1000507c   Section        4  ctype_o.o(.constdata)
    table                                    0x1000507c   Data           4  ctype_o.o(.constdata)
    .conststring                             0x10005080   Section      214  app_gap_task.o(.conststring)
    .conststring                             0x10005158   Section      173  app_smp_task.o(.conststring)
    .data                                    0x10005238   Section        4  usr_design.o(.data)
    .data                                    0x1000523c   Section        2  app_task.o(.data)
    .data                                    0x10005240   Section        4  app_blps_task.o(.data)
    .data                                    0x10005244   Section        4  app_diss_task.o(.data)
    .data                                    0x10005248   Section        2  blps_task.o(.data)
    .data                                    0x1000524a   Section        2  diss_task.o(.data)
    .data                                    0x1000524c   Section        4  gpio.o(.data)
    gpio_env                                 0x1000524c   Data           4  gpio.o(.data)
    .data                                    0x10005250   Section       32  sleep.o(.data)
    .data                                    0x10005270   Section       12  syscon.o(.data)
    .data                                    0x1000527c   Section        4  wdt.o(.data)
    .data                                    0x10005280   Section       32  timer.o(.data)
    .data                                    0x100052a0   Section        8  serialflash.o(.data)
    .data                                    0x100052a8   Section       12  analog.o(.data)
    acmp0_env                                0x100052ac   Data           4  analog.o(.data)
    acmp1_env                                0x100052b0   Data           4  analog.o(.data)
    .data                                    0x100052b4   Section        4  dma.o(.data)
    dma_env                                  0x100052b4   Data           4  dma.o(.data)
    .data                                    0x100052b8   Section        4  retarget.o(.data)
    .data                                    0x100052bc   Section      260  lib.o(.data)
    dc_dc_flag                               0x100052bc   Data           1  lib.o(.data)
    ext_ctrl                                 0x100052bd   Data           1  lib.o(.data)
    acc                                      0x100052be   Data           1  lib.o(.data)
    code                                     0x100052bf   Data           1  lib.o(.data)
    total_len                                0x100052c0   Data           2  lib.o(.data)
    current_rcv_len                          0x100052c2   Data           2  lib.o(.data)
    cid                                      0x100052c4   Data           2  lib.o(.data)
    handle                                   0x100052c6   Data           2  lib.o(.data)
    app_flags                                0x100052d4   Data           4  lib.o(.data)
    ntf_pkt_info                             0x100052d8   Data           8  lib.o(.data)
    l2cm_default_handler_new                 0x100052e0   Data           8  lib.o(.data)
    l2cc_default_handler_new                 0x100052e8   Data           8  lib.o(.data)
    gatt_default_handler_new                 0x100052f0   Data           8  lib.o(.data)
    smpc_default_handler_new                 0x100052f8   Data           8  lib.o(.data)
    llm_default_handler_new                  0x10005300   Data           8  lib.o(.data)
    llc_default_handler_new                  0x10005308   Data           8  lib.o(.data)
    .data                                    0x100053c0   Section        4  errno.o(.data)
    _errno                                   0x100053c0   Data           4  errno.o(.data)
    .bss                                     0x100053c4   Section     1748  app_main.o(.bss)
    ble_heap                                 0x100053c4   Data        1748  app_main.o(.bss)
    .bss                                     0x10005a98   Section      252  app_env.o(.bss)
    .bss                                     0x10005b94   Section       10  blps.o(.bss)
    .bss                                     0x10005b9e   Section       18  diss.o(.bss)
    .bss                                     0x10005bb0   Section       48  uart.o(.bss)
    uart0_env                                0x10005bb0   Data          24  uart.o(.bss)
    uart1_env                                0x10005bc8   Data          24  uart.o(.bss)
    .bss                                     0x10005be0   Section       20  i2c.o(.bss)
    i2c_env                                  0x10005be0   Data          20  i2c.o(.bss)
    .bss                                     0x10005bf4   Section       56  spi.o(.bss)
    .bss                                     0x10005c2c   Section     1620  lib.o(.bss)
    l2cm_default_state_new                   0x10005c2c   Data          72  lib.o(.bss)
    l2cc_default_state_new                   0x10005c74   Data          32  lib.o(.bss)
    gatt_idle_new                            0x10005c94   Data         256  lib.o(.bss)
    gatt_default_state_new                   0x10005d94   Data         288  lib.o(.bss)
    gatt_state_handler_new                   0x10005eb4   Data          16  lib.o(.bss)
    atts_resource_init_state_new             0x10005ec4   Data          32  lib.o(.bss)
    atts_state_handler_new                   0x10005ee4   Data          24  lib.o(.bss)
    smpc_default_state_new                   0x10005efc   Data         200  lib.o(.bss)
    llm_default_state_new                    0x10005fc4   Data         304  lib.o(.bss)
    llc_default_state_new                    0x100060f4   Data         296  lib.o(.bss)
    atts_patch_env                           0x1000621c   Data          36  lib.o(.bss)
    new_feature_ctrl                         0x10006240   Data          48  lib.o(.bss)
    llc_stopping_new                         0x10006270   Data          16  lib.o(.bss)
    STACK                                    0x10006280   Section      512  startup.o(STACK)

    Global Symbols

    Symbol Name                              Value     Ov Type        Size  Object(Section)

    BuildAttributes$$THM_ISAv3M$S$PE$A:L22$X:L11$S22$IEEE1$IW$USESV6$~STKCKD$USESV7$~SHL$OSPACE$ROPI$EBA8$MICROLIB$REQ8$PRES8$EABIv2 0x00000000   Number         0  anon$$obj.o ABSOLUTE
    __ARM_use_no_argv                        0x00000000   Number         0  app_main.o ABSOLUTE
    __use_no_errno                           0x00000000   Number         0  useno.o ABSOLUTE
    __use_no_exception_handling              0x00000000   Number         0  useno.o ABSOLUTE
    __use_no_fp                              0x00000000   Number         0  useno.o ABSOLUTE
    __use_no_heap                            0x00000000   Number         0  useno.o ABSOLUTE
    __use_no_heap_region                     0x00000000   Number         0  useno.o ABSOLUTE
    __use_no_semihosting                     0x00000000   Number         0  useno.o ABSOLUTE
    __use_no_semihosting_swi                 0x00000000   Number         0  useno.o ABSOLUTE
    __use_no_signal_handling                 0x00000000   Number         0  useno.o ABSOLUTE
    _printf_a                                0x00000000   Number         0  stubs.o ABSOLUTE
    _printf_c                                0x00000000   Number         0  stubs.o ABSOLUTE
    _printf_charcount                        0x00000000   Number         0  stubs.o ABSOLUTE
    _printf_d                                0x00000000   Number         0  stubs.o ABSOLUTE
    _printf_e                                0x00000000   Number         0  stubs.o ABSOLUTE
    _printf_f                                0x00000000   Number         0  stubs.o ABSOLUTE
    _printf_flags                            0x00000000   Number         0  stubs.o ABSOLUTE
    _printf_fp_dec                           0x00000000   Number         0  stubs.o ABSOLUTE
    _printf_fp_hex                           0x00000000   Number         0  stubs.o ABSOLUTE
    _printf_g                                0x00000000   Number         0  stubs.o ABSOLUTE
    _printf_i                                0x00000000   Number         0  stubs.o ABSOLUTE
    _printf_int_dec                          0x00000000   Number         0  stubs.o ABSOLUTE
    _printf_l                                0x00000000   Number         0  stubs.o ABSOLUTE
    _printf_lc                               0x00000000   Number         0  stubs.o ABSOLUTE
    _printf_ll                               0x00000000   Number         0  stubs.o ABSOLUTE
    _printf_lld                              0x00000000   Number         0  stubs.o ABSOLUTE
    _printf_lli                              0x00000000   Number         0  stubs.o ABSOLUTE
    _printf_llo                              0x00000000   Number         0  stubs.o ABSOLUTE
    _printf_llu                              0x00000000   Number         0  stubs.o ABSOLUTE
    _printf_llx                              0x00000000   Number         0  stubs.o ABSOLUTE
    _printf_longlong_dec                     0x00000000   Number         0  stubs.o ABSOLUTE
    _printf_longlong_hex                     0x00000000   Number         0  stubs.o ABSOLUTE
    _printf_longlong_oct                     0x00000000   Number         0  stubs.o ABSOLUTE
    _printf_ls                               0x00000000   Number         0  stubs.o ABSOLUTE
    _printf_mbtowc                           0x00000000   Number         0  stubs.o ABSOLUTE
    _printf_n                                0x00000000   Number         0  stubs.o ABSOLUTE
    _printf_o                                0x00000000   Number         0  stubs.o ABSOLUTE
    _printf_p                                0x00000000   Number         0  stubs.o ABSOLUTE
    _printf_percent                          0x00000000   Number         0  stubs.o ABSOLUTE
    _printf_pre_padding                      0x00000000   Number         0  stubs.o ABSOLUTE
    _printf_return_value                     0x00000000   Number         0  stubs.o ABSOLUTE
    _printf_s                                0x00000000   Number         0  stubs.o ABSOLUTE
    _printf_sizespec                         0x00000000   Number         0  stubs.o ABSOLUTE
    _printf_str                              0x00000000   Number         0  stubs.o ABSOLUTE
    _printf_truncate_signed                  0x00000000   Number         0  stubs.o ABSOLUTE
    _printf_truncate_unsigned                0x00000000   Number         0  stubs.o ABSOLUTE
    _printf_u                                0x00000000   Number         0  stubs.o ABSOLUTE
    _printf_wc                               0x00000000   Number         0  stubs.o ABSOLUTE
    _printf_wctomb                           0x00000000   Number         0  stubs.o ABSOLUTE
    _printf_widthprec                        0x00000000   Number         0  stubs.o ABSOLUTE
    _printf_x                                0x00000000   Number         0  stubs.o ABSOLUTE
    __cpp_initialize__aeabi_                  - Undefined Weak Reference
    __cxa_finalize                            - Undefined Weak Reference
    _clock_init                               - Undefined Weak Reference
    _microlib_exit                            - Undefined Weak Reference
    __Vectors_Size                           0x000000c0   Number         0  startup.o ABSOLUTE
    __Vectors                                0x10000000   Data           4  startup.o(RESET)
    __Vectors_End                            0x100000c0   Data           0  startup.o(RESET)
    __main                                   0x100000c1   Thumb Code     0  entry.o(.ARM.Collect$$$$00000000)
    _main_stk                                0x100000c1   Thumb Code     0  entry2.o(.ARM.Collect$$$$00000001)
    _main_scatterload                        0x100000c5   Thumb Code     0  entry5.o(.ARM.Collect$$$$00000004)
    __main_after_scatterload                 0x100000c9   Thumb Code     0  entry5.o(.ARM.Collect$$$$00000004)
    _main_clock                              0x100000c9   Thumb Code     0  entry7b.o(.ARM.Collect$$$$00000008)
    _main_cpp_init                           0x100000c9   Thumb Code     0  entry8b.o(.ARM.Collect$$$$0000000A)
    _main_init                               0x100000c9   Thumb Code     0  entry9a.o(.ARM.Collect$$$$0000000B)
    __rt_final_cpp                           0x100000d1   Thumb Code     0  entry10a.o(.ARM.Collect$$$$0000000D)
    __rt_final_exit                          0x100000d1   Thumb Code     0  entry11a.o(.ARM.Collect$$$$0000000F)
    Reset_Handler                            0x100000d5   Thumb Code    14  startup.o(.text)
    NMI_Handler                              0x100000e3   Thumb Code     2  startup.o(.text)
    HardFault_Handler                        0x100000e5   Thumb Code     2  startup.o(.text)
    MemManage_Handler                        0x100000e7   Thumb Code     2  startup.o(.text)
    BusFault_Handler                         0x100000e9   Thumb Code     2  startup.o(.text)
    UsageFault_Handler                       0x100000eb   Thumb Code     2  startup.o(.text)
    SVC_Handler                              0x100000ed   Thumb Code     2  startup.o(.text)
    DebugMon_Handler                         0x100000ef   Thumb Code     2  startup.o(.text)
    PendSV_Handler                           0x100000f1   Thumb Code     2  startup.o(.text)
    SysTick_Handler                          0x100000f3   Thumb Code     2  startup.o(.text)
    ADC_IRQHandler                           0x100000f5   Thumb Code     0  startup.o(.text)
    CALIB_IRQHandler                         0x100000f5   Thumb Code     0  startup.o(.text)
    I2C_IRQHandler                           0x100000f5   Thumb Code     0  startup.o(.text)
    PWM0_IRQHandler                          0x100000f5   Thumb Code     0  startup.o(.text)
    PWM1_IRQHandler                          0x100000f5   Thumb Code     0  startup.o(.text)
    RTC_CAP_IRQHandler                       0x100000f5   Thumb Code     0  startup.o(.text)
    RTC_IRQHandler                           0x100000f5   Thumb Code     0  startup.o(.text)
    SPI1_IRQHandler                          0x100000f5   Thumb Code     0  startup.o(.text)
    TUNER_RX_IRQHandler                      0x100000f5   Thumb Code     0  startup.o(.text)
    TUNER_SETTING_IRQHandler                 0x100000f5   Thumb Code     0  startup.o(.text)
    TUNER_TX_IRQHandler                      0x100000f5   Thumb Code     0  startup.o(.text)
    UART1_RX_IRQHandler                      0x100000f5   Thumb Code     0  startup.o(.text)
    UART1_TX_IRQHandler                      0x100000f5   Thumb Code     0  startup.o(.text)
    __aeabi_lmul                             0x10000105   Thumb Code   166  math.o(.text)
    __aeabi_uldivmod                         0x100001ab   Thumb Code   256  math.o(.text)
    __aeabi_uidiv                            0x100002ab   Thumb Code     0  uidiv.o(.text)
    __aeabi_uidivmod                         0x100002ab   Thumb Code    44  uidiv.o(.text)
    __aeabi_memcpy                           0x100002d7   Thumb Code    36  memcpya.o(.text)
    __aeabi_memcpy4                          0x100002d7   Thumb Code     0  memcpya.o(.text)
    __aeabi_memcpy8                          0x100002d7   Thumb Code     0  memcpya.o(.text)
    __aeabi_memset                           0x100002fb   Thumb Code    14  memseta.o(.text)
    __aeabi_memset4                          0x100002fb   Thumb Code     0  memseta.o(.text)
    __aeabi_memset8                          0x100002fb   Thumb Code     0  memseta.o(.text)
    __aeabi_memclr                           0x10000309   Thumb Code     4  memseta.o(.text)
    __aeabi_memclr4                          0x10000309   Thumb Code     0  memseta.o(.text)
    __aeabi_memclr8                          0x10000309   Thumb Code     0  memseta.o(.text)
    _memset$wrapper                          0x1000030d   Thumb Code    18  memseta.o(.text)
    strcpy                                   0x1000031f   Thumb Code    18  strcpy.o(.text)
    atoi                                     0x10000331   Thumb Code    26  atoi.o(.text)
    strtol                                   0x1000034d   Thumb Code   108  strtol.o(.text)
    __scatterload                            0x100003bd   Thumb Code    28  init.o(.text)
    __scatterload_rt2                        0x100003bd   Thumb Code     0  init.o(.text)
    __rt_ctype_table                         0x100003e1   Thumb Code     4  ctype_o.o(.text)
    _strtoul                                 0x100003e9   Thumb Code   166  _strtoul.o(.text)
    _chval                                   0x1000048f   Thumb Code    30  _chval.o(.text)
    __decompress                             0x100004ad   Thumb Code     0  __dczerorl2.o(.text)
    __decompress1                            0x100004ad   Thumb Code    86  __dczerorl2.o(.text)
    __rd_reg                                 0x10000505   Thumb Code     6  math.o(REG_ACCESS_SECTION)
    __wr_reg                                 0x1000050d   Thumb Code     6  math.o(REG_ACCESS_SECTION)
    __wr_reg_with_msk                        0x10000515   Thumb Code    14  math.o(REG_ACCESS_SECTION)
    ACMP0_IRQHandler                         0x10000525   Thumb Code    12  analog.o(i.ACMP0_IRQHandler)
    ACMP1_IRQHandler                         0x10000535   Thumb Code    12  analog.o(i.ACMP1_IRQHandler)
    BLE_IRQHandler                           0x10000545   Thumb Code   152  lib.o(i.BLE_IRQHandler)
    DMA_IRQHandler                           0x100005f5   Thumb Code    54  dma.o(i.DMA_IRQHandler)
    GPIO_IRQHandler                          0x10000635   Thumb Code    64  gpio.o(i.GPIO_IRQHandler)
    I2C_BYTE_READ                            0x10000685   Thumb Code    40  i2c.o(i.I2C_BYTE_READ)
    I2C_BYTE_WRITE                           0x100006b1   Thumb Code    32  i2c.o(i.I2C_BYTE_WRITE)
    OSC_EN_IRQHandler                        0x100006d5   Thumb Code    44  sleep.o(i.OSC_EN_IRQHandler)
    SPI0_IRQHandler                          0x10000711   Thumb Code   158  spi.o(i.SPI0_IRQHandler)
    SystemInit                               0x100007bd   Thumb Code   214  system.o(i.SystemInit)
    TIMER0_IRQHandler                        0x100008bd   Thumb Code    70  timer.o(i.TIMER0_IRQHandler)
    TIMER1_IRQHandler                        0x1000090d   Thumb Code    70  timer.o(i.TIMER1_IRQHandler)
    TIMER2_IRQHandler                        0x1000095d   Thumb Code    70  timer.o(i.TIMER2_IRQHandler)
    TIMER3_IRQHandler                        0x100009ad   Thumb Code    70  timer.o(i.TIMER3_IRQHandler)
    UART0_RX_IRQHandler                      0x100009fd   Thumb Code   106  uart.o(i.UART0_RX_IRQHandler)
    UART0_TX_IRQHandler                      0x10000a71   Thumb Code    66  uart.o(i.UART0_TX_IRQHandler)
    UartPutc                                 0x10000abd   Thumb Code    38  uart.o(i.UartPutc)
    WDT_IRQHandler                           0x10000ae9   Thumb Code    18  wdt.o(i.WDT_IRQHandler)
    __0printf$8                              0x10000b01   Thumb Code    24  printf8.o(i.__0printf$8)
    __1printf$8                              0x10000b01   Thumb Code     0  printf8.o(i.__0printf$8)
    __2printf                                0x10000b01   Thumb Code     0  printf8.o(i.__0printf$8)
    __ARM_common_switch8                     0x10000b21   Thumb Code    26  app_gap_task.o(i.__ARM_common_switch8)
    __aeabi_errno_addr                       0x10000b3d   Thumb Code     4  errno.o(i.__aeabi_errno_addr)
    __rt_errno_addr                          0x10000b3d   Thumb Code     0  errno.o(i.__aeabi_errno_addr)
    __nvds_get                               0x10000b45   Thumb Code    46  lib.o(i.__nvds_get)
    __scatterload_copy                       0x10000b79   Thumb Code    14  handlers.o(i.__scatterload_copy)
    __scatterload_null                       0x10000b87   Thumb Code     2  handlers.o(i.__scatterload_null)
    __scatterload_zeroinit                   0x10000b89   Thumb Code    14  handlers.o(i.__scatterload_zeroinit)
    app_add_bonded_dev                       0x10001055   Thumb Code    32  app_util.o(i.app_add_bonded_dev)
    app_blps_blood_send_handler              0x10001079   Thumb Code    64  usr_design.o(i.app_blps_blood_send_handler)
    app_blps_cfg_indntf_ind_handler          0x100010c9   Thumb Code    78  app_blps_task.o(i.app_blps_cfg_indntf_ind_handler)
    app_blps_create_db                       0x10001145   Thumb Code    26  app_blps.o(i.app_blps_create_db)
    app_blps_create_db_cfm_handler           0x10001169   Thumb Code    18  app_blps_task.o(i.app_blps_create_db_cfm_handler)
    app_blps_disable_ind_handler             0x1000117d   Thumb Code    20  app_blps_task.o(i.app_blps_disable_ind_handler)
    app_blps_enable_req                      0x10001195   Thumb Code    50  app_blps.o(i.app_blps_enable_req)
    app_blps_error_ind_handler               0x100011cd   Thumb Code    12  app_blps_task.o(i.app_blps_error_ind_handler)
    app_blps_meas_send_cfm_handler           0x100011f5   Thumb Code    18  app_blps_task.o(i.app_blps_meas_send_cfm_handler)
    app_blps_pressure_send_req               0x10001299   Thumb Code    46  app_blps.o(i.app_blps_pressure_send_req)
    app_button_timer_handler                 0x100012d1   Thumb Code   122  usr_design.o(i.app_button_timer_handler)
    app_clear_local_service_flag             0x10001375   Thumb Code    10  app_util.o(i.app_clear_local_service_flag)
    app_create_server_service_DB             0x10001385   Thumb Code    24  app_util.o(i.app_create_server_service_DB)
    app_diss_create_db                       0x100013a5   Thumb Code    26  app_diss.o(i.app_diss_create_db)
    app_diss_create_db_cfm_handler           0x100013c5   Thumb Code   184  app_diss_task.o(i.app_diss_create_db_cfm_handler)
    app_diss_enable_req                      0x100014d1   Thumb Code    30  app_diss.o(i.app_diss_enable_req)
    app_diss_error_ind_handler               0x100014f9   Thumb Code     4  app_diss_task.o(i.app_diss_error_ind_handler)
    app_enable_server_service                0x100014fd   Thumb Code    84  app_util.o(i.app_enable_server_service)
    app_event_button1_press_handler          0x10001559   Thumb Code    36  usr_design.o(i.app_event_button1_press_handler)
    app_find_bonded_dev                      0x1000158d   Thumb Code    50  app_util.o(i.app_find_bonded_dev)
    app_gap_adv_intv_update_timer_handler    0x100015c9   Thumb Code    64  usr_design.o(i.app_gap_adv_intv_update_timer_handler)
    app_gap_adv_req_cmp_evt_handler          0x10001615   Thumb Code    34  app_gap_task.o(i.app_gap_adv_req_cmp_evt_handler)
    app_gap_adv_start_req                    0x1000165d   Thumb Code   134  app_gap.o(i.app_gap_adv_start_req)
    app_gap_adv_stop_req                     0x100016ed   Thumb Code    26  app_gap.o(i.app_gap_adv_stop_req)
    app_gap_bond_req_cmp_ind_handler         0x10001711   Thumb Code   110  app_gap_task.o(i.app_gap_bond_req_cmp_ind_handler)
    app_gap_bond_req_ind_handler             0x10001789   Thumb Code    90  app_gap_task.o(i.app_gap_bond_req_ind_handler)
    app_gap_bond_resp                        0x100017ed   Thumb Code    52  app_gap.o(i.app_gap_bond_resp)
    app_gap_change_param_req_cmp_handler     0x10001829   Thumb Code    44  app_gap_task.o(i.app_gap_change_param_req_cmp_handler)
    app_gap_discon_cmp_evt_handler           0x10001875   Thumb Code    86  app_gap_task.o(i.app_gap_discon_cmp_evt_handler)
    app_gap_le_create_conn_req_cmp_evt_handler 0x10001929   Thumb Code   104  app_gap_task.o(i.app_gap_le_create_conn_req_cmp_evt_handler)
    app_gap_param_update_req                 0x100019d1   Thumb Code    42  app_gap.o(i.app_gap_param_update_req)
    app_gap_param_update_resp_handler        0x10001a05   Thumb Code    46  app_gap_task.o(i.app_gap_param_update_resp_handler)
    app_gap_read_bdaddr_req                  0x10001a5d   Thumb Code    10  app_gap.o(i.app_gap_read_bdaddr_req)
    app_gap_read_bdaddr_req_cmp_evt_handler  0x10001a71   Thumb Code    48  app_gap_task.o(i.app_gap_read_bdaddr_req_cmp_evt_handler)
    app_gap_read_ver_req                     0x10001ac5   Thumb Code    10  app_gap.o(i.app_gap_read_ver_req)
    app_gap_read_ver_req_cmp_evt_handler     0x10001ad9   Thumb Code    32  app_gap_task.o(i.app_gap_read_ver_req_cmp_evt_handler)
    app_gap_ready_evt_handler                0x10001afd   Thumb Code    24  app_gap_task.o(i.app_gap_ready_evt_handler)
    app_gap_reset_req_cmp_handler            0x10001b15   Thumb Code    10  app_gap_task.o(i.app_gap_reset_req_cmp_handler)
    app_gap_set_bondable_mode_req            0x10001b21   Thumb Code    26  app_gap.o(i.app_gap_set_bondable_mode_req)
    app_gap_set_devname_req_cmp_evt_handler  0x10001b45   Thumb Code    24  app_gap_task.o(i.app_gap_set_devname_req_cmp_evt_handler)
    app_gap_set_mode_req_cmp_evt_handler     0x10001b79   Thumb Code    66  app_gap_task.o(i.app_gap_set_mode_req_cmp_evt_handler)
    app_gap_set_privacy_req_cmp_handler      0x10001c0d   Thumb Code    22  app_gap_task.o(i.app_gap_set_privacy_req_cmp_handler)
    app_gap_set_random_add_req_cmp_handler   0x10001c55   Thumb Code    18  app_gap_task.o(i.app_gap_set_random_add_req_cmp_handler)
    app_gap_set_sec_req                      0x10001c85   Thumb Code    30  app_gap.o(i.app_gap_set_sec_req)
    app_gap_set_sec_req_cmp_evt_handler      0x10001cad   Thumb Code    32  app_gap_task.o(i.app_gap_set_sec_req_cmp_evt_handler)
    app_gatt_resource_access_req_handler     0x10001cd1   Thumb Code    30  app_gap_task.o(i.app_gatt_resource_access_req_handler)
    app_get_bd_addr_by_conhdl                0x10001cf9   Thumb Code    60  app_util.o(i.app_get_bd_addr_by_conhdl)
    app_get_bond_nb                          0x10001d39   Thumb Code     6  app_util.o(i.app_get_bond_nb)
    app_get_bond_status                      0x10001d45   Thumb Code    30  app_util.o(i.app_get_bond_status)
    app_get_conhdl_by_idx                    0x10001d69   Thumb Code    30  app_util.o(i.app_get_conhdl_by_idx)
    app_get_link_status_by_idx               0x10001d91   Thumb Code    24  app_util.o(i.app_get_link_status_by_idx)
    app_get_lk_sec_status                    0x10001dad   Thumb Code    32  app_util.o(i.app_get_lk_sec_status)
    app_get_local_service_flag               0x10001dd1   Thumb Code     4  app_util.o(i.app_get_local_service_flag)
    app_get_role                             0x10001dd9   Thumb Code     6  app_util.o(i.app_get_role)
    app_i_to_array                           0x10001de5   Thumb Code    38  app_util.o(i.app_i_to_array)
    app_init                                 0x10001e0d   Thumb Code   106  app_env.o(i.app_init)
    app_init_local_smp_key                   0x10001e91   Thumb Code    22  app_util.o(i.app_init_local_smp_key)
    app_led_timer_handler                    0x10001ead   Thumb Code    56  usr_design.o(i.app_led_timer_handler)
    app_set_adv_data                         0x10001ef1   Thumb Code    90  app_util.o(i.app_set_adv_data)
    app_set_char_val_req                     0x10001f5d   Thumb Code    46  app_diss.o(i.app_set_char_val_req)
    app_set_link_status_by_conhdl            0x10001f95   Thumb Code    90  app_util.o(i.app_set_link_status_by_conhdl)
    app_set_role                             0x10001ff5   Thumb Code     6  app_util.o(i.app_set_role)
    app_set_scan_rsp_data                    0x10002001   Thumb Code   128  app_util.o(i.app_set_scan_rsp_data)
    app_smpc_chk_bd_addr_req_ind_handler     0x100021c1   Thumb Code    66  app_smp_task.o(i.app_smpc_chk_bd_addr_req_ind_handler)
    app_smpc_chk_bd_addr_req_rsp             0x10002209   Thumb Code    56  app_smp.o(i.app_smpc_chk_bd_addr_req_rsp)
    app_smpc_irk_req_ind_handler             0x10002249   Thumb Code   138  app_smp_task.o(i.app_smpc_irk_req_ind_handler)
    app_smpc_irk_req_rsp                     0x10002301   Thumb Code    66  app_smp.o(i.app_smpc_irk_req_rsp)
    app_smpc_key_ind_handler                 0x1000234d   Thumb Code   136  app_smp_task.o(i.app_smpc_key_ind_handler)
    app_smpc_ltk_req_ind_handler             0x100023f9   Thumb Code   194  app_smp_task.o(i.app_smpc_ltk_req_ind_handler)
    app_smpc_ltk_req_rsp                     0x100024f5   Thumb Code    74  app_smp.o(i.app_smpc_ltk_req_rsp)
    app_smpc_sec_started_ind_handler         0x10002549   Thumb Code    38  app_smp_task.o(i.app_smpc_sec_started_ind_handler)
    app_smpc_timeout_evt_handler             0x10002575   Thumb Code    36  app_smp_task.o(i.app_smpc_timeout_evt_handler)
    app_smpc_tk_req_ind_handler              0x100025b9   Thumb Code    76  app_smp_task.o(i.app_smpc_tk_req_ind_handler)
    app_smpc_tk_req_rsp                      0x1000263d   Thumb Code    50  app_smp.o(i.app_smpc_tk_req_rsp)
    app_smpm_set_key_cfm_handler             0x10002679   Thumb Code    32  app_smp_task.o(i.app_smpm_set_key_cfm_handler)
    app_smpm_set_key_req                     0x1000269d   Thumb Code    42  app_smp.o(i.app_smpm_set_key_req)
    app_task_msg_hdl                         0x100026d1   Thumb Code   278  usr_design.o(i.app_task_msg_hdl)
    app_uart_init                            0x10002815   Thumb Code     2  app_sys.o(i.app_uart_init)
    assert_err                               0x10002819   Thumb Code    20  app_main.o(i.assert_err)
    ble_evt_empty                            0x100028dd   Thumb Code    16  lib.o(i.ble_evt_empty)
    ble_ext_wakeup_allow                     0x100028f1   Thumb Code    38  lib.o(i.ble_ext_wakeup_allow)
    ble_hw_sleep                             0x1000291d   Thumb Code    22  lib.o(i.ble_hw_sleep)
    ble_init                                 0x10002935   Thumb Code   260  lib.o(i.ble_init)
    ble_sleep                                0x10002a8d   Thumb Code    54  lib.o(i.ble_sleep)
    blps_disable                             0x10002b49   Thumb Code    78  blps.o(i.blps_disable)
    blps_init                                0x10002c61   Thumb Code    24  blps.o(i.blps_init)
    blps_meas_send_cfm_send                  0x10002c81   Thumb Code    32  blps.o(i.blps_meas_send_cfm_send)
    blps_pack_meas_value                     0x10002d51   Thumb Code   124  blps.o(i.blps_pack_meas_value)
    button_init                              0x10002dcd   Thumb Code    36  button.o(i.button_init)
    check_ble_wakeup                         0x10002df1   Thumb Code    14  lib.o(i.check_ble_wakeup)
    config_work_mode                         0x10002e1d   Thumb Code    90  lib.o(i.config_work_mode)
    diss_check_val_len                       0x10002ec1   Thumb Code    42  diss.o(i.diss_check_val_len)
    diss_compute_cfg_flag                    0x10002eeb   Thumb Code    38  diss.o(i.diss_compute_cfg_flag)
    diss_disable                             0x10002f85   Thumb Code    44  diss.o(i.diss_disable)
    diss_init                                0x10003011   Thumb Code    24  diss.o(i.diss_init)
    enter_sleep                              0x10003095   Thumb Code   410  sleep.o(i.enter_sleep)
    fputc                                    0x10003255   Thumb Code    10  retarget.o(i.fputc)
    gpio_enable_interrupt                    0x10003579   Thumb Code     8  gpio.o(i.gpio_enable_interrupt)
    gpio_init                                0x10003581   Thumb Code    24  gpio.o(i.gpio_init)
    gpio_interrupt_callback                  0x100035a5   Thumb Code    16  usr_design.o(i.gpio_interrupt_callback)
    gpio_read_pin                            0x100035b5   Thumb Code    20  gpio.o(i.gpio_read_pin)
    gpio_read_pin_field                      0x100035c9   Thumb Code    12  gpio.o(i.gpio_read_pin_field)
    gpio_set_direction                       0x100035d5   Thumb Code    16  gpio.o(i.gpio_set_direction)
    gpio_set_direction_field                 0x100035e5   Thumb Code    14  gpio.o(i.gpio_set_direction_field)
    gpio_sleep_allowed                       0x100035f5   Thumb Code    32  gpio.o(i.gpio_sleep_allowed)
    gpio_wakeup_config                       0x10003619   Thumb Code    92  gpio.o(i.gpio_wakeup_config)
    gpio_write_pin                           0x10003679   Thumb Code    28  gpio.o(i.gpio_write_pin)
    i2c_bus_check                            0x10003699   Thumb Code    32  i2c.o(i.i2c_bus_check)
    i2c_init                                 0x100036cd   Thumb Code    56  i2c.o(i.i2c_init)
    i2c_polling                              0x10003711   Thumb Code   270  i2c.o(i.i2c_polling)
    is_flash_present                         0x10003965   Thumb Code    26  serialflash.o(i.is_flash_present)
    ke_schedule                              0x10003985   Thumb Code    60  lib.o(i.ke_schedule)
    ke_time                                  0x100039d1   Thumb Code    12  lib.o(i.ke_time)
    ke_timer_empty                           0x100039e1   Thumb Code    18  lib.o(i.ke_timer_empty)
    led_get                                  0x10003acd   Thumb Code    46  led.o(i.led_get)
    led_init                                 0x10003afb   Thumb Code    56  led.o(i.led_init)
    led_set                                  0x10003b33   Thumb Code    40  led.o(i.led_set)
    main                                     0x10003dbd   Thumb Code   316  app_main.o(i.main)
    power_off_flash                          0x10003f2d   Thumb Code    34  serialflash.o(i.power_off_flash)
    power_on_flash                           0x10003f55   Thumb Code    60  serialflash.o(i.power_on_flash)
    prf_dispatch_disconnect                  0x10003f95   Thumb Code    52  prf_utils.o(i.prf_dispatch_disconnect)
    prf_init                                 0x10003fd1   Thumb Code    18  prf_utils.o(i.prf_init)
    prf_pack_date_time                       0x10003fe9   Thumb Code    32  prf_utils.o(i.prf_pack_date_time)
    prf_server_error_ind_send                0x10004009   Thumb Code    38  prf_utils.o(i.prf_server_error_ind_send)
    read_flash_id                            0x10004035   Thumb Code    10  serialflash.o(i.read_flash_id)
    restore_ble_dev_mode_flag                0x10004045   Thumb Code    38  lib.o(i.restore_ble_dev_mode_flag)
    restore_ble_setting                      0x1000407d   Thumb Code    64  lib.o(i.restore_ble_setting)
    set_dbg_info                             0x100040cd   Thumb Code    10  lib.o(i.set_dbg_info)
    sleep_cb                                 0x100040dd   Thumb Code    20  sleep.o(i.sleep_cb)
    sleep_init                               0x100040f5   Thumb Code    36  sleep.o(i.sleep_init)
    sleep_post_process                       0x10004129   Thumb Code   104  lib.o(i.sleep_post_process)
    store_ble_dev_mode_flag                  0x1000438d   Thumb Code     6  lib.o(i.store_ble_dev_mode_flag)
    syscon_set_ahb_clk                       0x100043e9   Thumb Code    48  syscon.o(i.syscon_set_ahb_clk)
    syscon_set_apb_clk                       0x10004421   Thumb Code    46  syscon.o(i.syscon_set_apb_clk)
    syscon_set_ble_clk                       0x10004455   Thumb Code    56  syscon.o(i.syscon_set_ble_clk)
    syscon_set_sysclk_src                    0x10004495   Thumb Code   154  syscon.o(i.syscon_set_sysclk_src)
    syscon_set_timer_clk                     0x10004551   Thumb Code    38  syscon.o(i.syscon_set_timer_clk)
    syscon_set_usart_clk                     0x1000457d   Thumb Code    92  syscon.o(i.syscon_set_usart_clk)
    task_app_desc_register                   0x100045ed   Thumb Code    44  app_task.o(i.task_app_desc_register)
    task_blps_desc_register                  0x100046ad   Thumb Code    44  blps_task.o(i.task_blps_desc_register)
    task_diss_desc_register                  0x100046e5   Thumb Code    44  diss_task.o(i.task_diss_desc_register)
    uart_check_tx_free                       0x10004861   Thumb Code    48  uart.o(i.uart_check_tx_free)
    uart_init                                0x1000489d   Thumb Code   124  uart.o(i.uart_init)
    usr_button1_cb                           0x1000499d   Thumb Code    34  usr_design.o(i.usr_button1_cb)
    usr_init                                 0x100049cd   Thumb Code    28  usr_design.o(i.usr_init)
    usr_sleep                                0x10004a5d   Thumb Code   128  sleep.o(i.usr_sleep)
    usr_sleep_restore                        0x10004ae5   Thumb Code    42  usr_design.o(i.usr_sleep_restore)
    wakeup_32k_xtal_start_timer              0x10004b19   Thumb Code    10  sleep.o(i.wakeup_32k_xtal_start_timer)
    wakeup_32k_xtal_switch_clk               0x10004b2d   Thumb Code    76  sleep.o(i.wakeup_32k_xtal_switch_clk)
    wakeup_by_sleep_timer                    0x10004b81   Thumb Code    92  sleep.o(i.wakeup_by_sleep_timer)
    wdt_irq_clear                            0x10004be9   Thumb Code    32  wdt.o(i.wdt_irq_clear)
    app_default_state                        0x10004c20   Data         312  app_task.o(.constdata)
    app_default_handler                      0x10004d58   Data           8  app_task.o(.constdata)
    app_state_handler                        0x10004d60   Data          40  app_task.o(.constdata)
    blps_att_db                              0x10004d88   Data         108  blps.o(.constdata)
    blps_bps_svc                             0x10004df4   Data           2  blps.o(.constdata)
    blps_bp_meas_char                        0x10004df6   Data           5  blps.o(.constdata)
    blps_interm_cuff_press_char              0x10004dfb   Data           5  blps.o(.constdata)
    blps_bp_feature_char                     0x10004e00   Data           5  blps.o(.constdata)
    blps_disabled                            0x10004e08   Data           8  blps_task.o(.constdata)
    blps_idle                                0x10004e10   Data           8  blps_task.o(.constdata)
    blps_connected                           0x10004e18   Data          32  blps_task.o(.constdata)
    blps_default_state                       0x10004e38   Data           8  blps_task.o(.constdata)
    blps_default_handler                     0x10004e40   Data           8  blps_task.o(.constdata)
    blps_state_handler                       0x10004e48   Data          24  blps_task.o(.constdata)
    diss_att_db                              0x10004e60   Data         228  diss.o(.constdata)
    diss_dis_svc                             0x10004f44   Data           2  diss.o(.constdata)
    diss_manufacturer_name_char              0x10004f46   Data           5  diss.o(.constdata)
    diss_model_nb_str_char                   0x10004f4b   Data           5  diss.o(.constdata)
    diss_serial_nb_str_char                  0x10004f50   Data           5  diss.o(.constdata)
    diss_hard_rev_str_char                   0x10004f55   Data           5  diss.o(.constdata)
    diss_firm_rev_str_char                   0x10004f5a   Data           5  diss.o(.constdata)
    diss_sw_rev_str_char                     0x10004f5f   Data           5  diss.o(.constdata)
    diss_system_id_char                      0x10004f64   Data           5  diss.o(.constdata)
    diss_ieee_char                           0x10004f69   Data           5  diss.o(.constdata)
    diss_pnp_id_char                         0x10004f6e   Data           5  diss.o(.constdata)
    diss_disabled                            0x10004f74   Data           8  diss_task.o(.constdata)
    diss_idle                                0x10004f7c   Data          16  diss_task.o(.constdata)
    diss_default_state                       0x10004f8c   Data           8  diss_task.o(.constdata)
    diss_default_handler                     0x10004f94   Data           8  diss_task.o(.constdata)
    diss_state_handler                       0x10004f9c   Data          24  diss_task.o(.constdata)
    uart_divider                             0x10004fb4   Data          51  uart.o(.constdata)
    __ctype_table                            0x10004ff8   Data         129  ctype_o.o(.constdata)
    Region$$Table$$Base                      0x10005208   Number         0  anon$$obj.o(Region$$Table)
    Region$$Table$$Limit                     0x10005238   Number         0  anon$$obj.o(Region$$Table)
    usr_env                                  0x10005238   Data           4  usr_design.o(.data)
    app_state                                0x1000523c   Data           2  app_task.o(.data)
    app_blps_env                             0x10005240   Data           4  app_blps_task.o(.data)
    app_diss_env                             0x10005244   Data           4  app_diss_task.o(.data)
    blps_state                               0x10005248   Data           2  blps_task.o(.data)
    diss_state                               0x1000524a   Data           2  diss_task.o(.data)
    low_power_mode_en                        0x10005250   Data           1  sleep.o(.data)
    ahb_clock_flag                           0x10005254   Data           4  sleep.o(.data)
    PGCR1_restore                            0x10005258   Data           4  sleep.o(.data)
    sleep_env                                0x1000525c   Data          20  sleep.o(.data)
    g_SystemClock                            0x10005270   Data           4  syscon.o(.data)
    g_AhbClock                               0x10005274   Data           4  syscon.o(.data)
    g_ApbClock                               0x10005278   Data           4  syscon.o(.data)
    reset_test                               0x1000527c   Data           4  wdt.o(.data)
    timer0_env                               0x10005280   Data           8  timer.o(.data)
    timer1_env                               0x10005288   Data           8  timer.o(.data)
    timer2_env                               0x10005290   Data           8  timer.o(.data)
    timer3_env                               0x10005298   Data           8  timer.o(.data)
    g_flash_cmd                              0x100052a0   Data           8  serialflash.o(.data)
    TEMP_OFFSET                              0x100052a8   Data           2  analog.o(.data)
    __stdout                                 0x100052b8   Data           4  retarget.o(.data)
    ble_dev_flag                             0x100052c8   Data           2  lib.o(.data)
    ke_env                                   0x100052cc   Data           4  lib.o(.data)
    ke_evt_hdlr                              0x100052d0   Data           4  lib.o(.data)
    llc_state_handler_new                    0x10005310   Data         176  lib.o(.data)
    app_env                                  0x10005a98   Data         252  app_env.o(.bss)
    blps_env                                 0x10005b94   Data          10  blps.o(.bss)
    diss_env                                 0x10005b9e   Data          18  diss.o(.bss)
    spi0_env                                 0x10005bf4   Data          28  spi.o(.bss)
    spi1_env                                 0x10005c10   Data          28  spi.o(.bss)
    __initial_sp                             0x10006480   Data           0  startup.o(STACK)



==============================================================================

Memory Map of the image

  Image Entry point : 0x100000c1

  Load Region LR_ROM1 (Base: 0x10000000, Size: 0x000053c4, Max: 0x0000cdb0, ABSOLUTE, COMPRESSED[0x00005298])

    Execution Region APP_CODE (Base: 0x10000000, Size: 0x00006480, Max: 0x0000cdb0, ABSOLUTE, COMPRESSED[0x00000060])

    Base Addr    Size         Type   Attr      Idx    E Section Name        Object

    0x10000000   0x000000c0   Data   RO            3    RESET               startup.o
    0x100000c0   0x00000000   Code   RO         3108  * .ARM.Collect$$$$00000000  mc_p.l(entry.o)
    0x100000c0   0x00000004   Code   RO         3393    .ARM.Collect$$$$00000001  mc_p.l(entry2.o)
    0x100000c4   0x00000004   Code   RO         3396    .ARM.Collect$$$$00000004  mc_p.l(entry5.o)
    0x100000c8   0x00000000   Code   RO         3398    .ARM.Collect$$$$00000008  mc_p.l(entry7b.o)
    0x100000c8   0x00000000   Code   RO         3400    .ARM.Collect$$$$0000000A  mc_p.l(entry8b.o)
    0x100000c8   0x00000008   Code   RO         3401    .ARM.Collect$$$$0000000B  mc_p.l(entry9a.o)
    0x100000d0   0x00000000   Code   RO         3403    .ARM.Collect$$$$0000000D  mc_p.l(entry10a.o)
    0x100000d0   0x00000000   Code   RO         3405    .ARM.Collect$$$$0000000F  mc_p.l(entry11a.o)
    0x100000d0   0x00000004   Code   RO         3394    .ARM.Collect$$$$00002712  mc_p.l(entry2.o)
    0x100000d4   0x00000030   Code   RO            4    .text               startup.o
    0x10000104   0x000001a6   Code   RO         3096    .text               qn9020b2_lib_peripheral.lib(math.o)
    0x100002aa   0x0000002c   Code   RO         3111    .text               mc_p.l(uidiv.o)
    0x100002d6   0x00000024   Code   RO         3120    .text               mc_p.l(memcpya.o)
    0x100002fa   0x00000024   Code   RO         3122    .text               mc_p.l(memseta.o)
    0x1000031e   0x00000012   Code   RO         3126    .text               mc_p.l(strcpy.o)
    0x10000330   0x0000001a   Code   RO         3391    .text               mc_p.l(atoi.o)
    0x1000034a   0x00000002   PAD
    0x1000034c   0x00000070   Code   RO         3414    .text               mc_p.l(strtol.o)
    0x100003bc   0x00000024   Code   RO         3427    .text               mc_p.l(init.o)
    0x100003e0   0x00000008   Code   RO         3433    .text               mc_p.l(ctype_o.o)
    0x100003e8   0x000000a6   Code   RO         3461    .text               mc_p.l(_strtoul.o)
    0x1000048e   0x0000001e   Code   RO         3467    .text               mc_p.l(_chval.o)
    0x100004ac   0x00000056   Code   RO         3477    .text               mc_p.l(__dczerorl2.o)
    0x10000502   0x00000002   PAD
    0x10000504   0x0000001e   Code   RO         3095    REG_ACCESS_SECTION  qn9020b2_lib_peripheral.lib(math.o)
    0x10000522   0x00000002   PAD
    0x10000524   0x00000010   Code   RO         2510    i.ACMP0_IRQHandler  analog.o
    0x10000534   0x00000010   Code   RO         2511    i.ACMP1_IRQHandler  analog.o
    0x10000544   0x000000b0   Code   RO         2911    i.BLE_IRQHandler    qn9020b2_lib_peripheral.lib(lib.o)
    0x100005f4   0x00000040   Code   RO         2591    i.DMA_IRQHandler    dma.o
    0x10000634   0x00000050   Code   RO         1719    i.GPIO_IRQHandler   gpio.o
    0x10000684   0x0000002c   Code   RO         2307    i.I2C_BYTE_READ     i2c.o
    0x100006b0   0x00000024   Code   RO         2309    i.I2C_BYTE_WRITE    i2c.o
    0x100006d4   0x0000003c   Code   RO         1835    i.OSC_EN_IRQHandler  sleep.o
    0x10000710   0x000000ac   Code   RO         2719    i.SPI0_IRQHandler   spi.o
    0x100007bc   0x00000100   Code   RO          298    i.SystemInit        system.o
    0x100008bc   0x00000050   Code   RO         2096    i.TIMER0_IRQHandler  timer.o
    0x1000090c   0x00000050   Code   RO         2097    i.TIMER1_IRQHandler  timer.o
    0x1000095c   0x00000050   Code   RO         2098    i.TIMER2_IRQHandler  timer.o
    0x100009ac   0x00000050   Code   RO         2099    i.TIMER3_IRQHandler  timer.o
    0x100009fc   0x00000074   Code   RO         1585    i.UART0_RX_IRQHandler  uart.o
    0x10000a70   0x0000004c   Code   RO         1586    i.UART0_TX_IRQHandler  uart.o
    0x10000abc   0x0000002c   Code   RO         1588    i.UartPutc          uart.o
    0x10000ae8   0x00000018   Code   RO         2043    i.WDT_IRQHandler    wdt.o
    0x10000b00   0x00000020   Code   RO         3337    i.__0printf$8       mc_p.l(printf8.o)
    0x10000b20   0x0000001a   Code   RO          978    i.__ARM_common_switch8  app_gap_task.o
    0x10000b3a   0x00000002   PAD
    0x10000b3c   0x00000008   Code   RO         3407    i.__aeabi_errno_addr  mc_p.l(errno.o)
    0x10000b44   0x00000034   Code   RO         2913    i.__nvds_get        qn9020b2_lib_peripheral.lib(lib.o)
    0x10000b78   0x0000000e   Code   RO         3471    i.__scatterload_copy  mc_p.l(handlers.o)
    0x10000b86   0x00000002   Code   RO         3472    i.__scatterload_null  mc_p.l(handlers.o)
    0x10000b88   0x0000000e   Code   RO         3473    i.__scatterload_zeroinit  mc_p.l(handlers.o)
    0x10000b96   0x00000002   PAD
    0x10000b98   0x00000428   Code   RO         3344    i._printf_core      mc_p.l(printf8.o)
    0x10000fc0   0x00000020   Code   RO         3345    i._printf_post_padding  mc_p.l(printf8.o)
    0x10000fe0   0x0000002c   Code   RO         3346    i._printf_pre_padding  mc_p.l(printf8.o)
    0x1000100c   0x00000048   Code   RO          709    i.app_32k_xtal_wakeup_timer  app_task.o
    0x10001054   0x00000024   Code   RO          455    i.app_add_bonded_dev  app_util.o
    0x10001078   0x00000050   Code   RO          355    i.app_blps_blood_send_handler  usr_design.o
    0x100010c8   0x0000007c   Code   RO         1165    i.app_blps_cfg_indntf_ind_handler  app_blps_task.o
    0x10001144   0x00000024   Code   RO         1133    i.app_blps_create_db  app_blps.o
    0x10001168   0x00000012   Code   RO         1166    i.app_blps_create_db_cfm_handler  app_blps_task.o
    0x1000117a   0x00000002   PAD
    0x1000117c   0x00000018   Code   RO         1167    i.app_blps_disable_ind_handler  app_blps_task.o
    0x10001194   0x00000038   Code   RO         1134    i.app_blps_enable_req  app_blps.o
    0x100011cc   0x00000028   Code   RO         1168    i.app_blps_error_ind_handler  app_blps_task.o
    0x100011f4   0x00000018   Code   RO         1169    i.app_blps_meas_send_cfm_handler  app_blps_task.o
    0x1000120c   0x0000008c   Code   RO          356    i.app_blps_pressure_send  usr_design.o
    0x10001298   0x00000038   Code   RO         1135    i.app_blps_pressure_send_req  app_blps.o
    0x100012d0   0x000000a4   Code   RO          357    i.app_button_timer_handler  usr_design.o
    0x10001374   0x00000010   Code   RO          457    i.app_clear_local_service_flag  app_util.o
    0x10001384   0x00000020   Code   RO          458    i.app_create_server_service_DB  app_util.o
    0x100013a4   0x00000020   Code   RO         1219    i.app_diss_create_db  app_diss.o
    0x100013c4   0x0000010c   Code   RO         1251    i.app_diss_create_db_cfm_handler  app_diss_task.o
    0x100014d0   0x00000028   Code   RO         1220    i.app_diss_enable_req  app_diss.o
    0x100014f8   0x00000004   Code   RO         1252    i.app_diss_error_ind_handler  app_diss_task.o
    0x100014fc   0x0000005c   Code   RO          459    i.app_enable_server_service  app_util.o
    0x10001558   0x00000034   Code   RO          358    i.app_event_button1_press_handler  usr_design.o
    0x1000158c   0x0000003c   Code   RO          460    i.app_find_bonded_dev  app_util.o
    0x100015c8   0x0000004c   Code   RO          359    i.app_gap_adv_intv_update_timer_handler  usr_design.o
    0x10001614   0x00000048   Code   RO          857    i.app_gap_adv_req_cmp_evt_handler  app_gap_task.o
    0x1000165c   0x00000090   Code   RO          745    i.app_gap_adv_start_req  app_gap.o
    0x100016ec   0x00000024   Code   RO          746    i.app_gap_adv_stop_req  app_gap.o
    0x10001710   0x00000078   Code   RO          858    i.app_gap_bond_req_cmp_ind_handler  app_gap_task.o
    0x10001788   0x00000064   Code   RO          859    i.app_gap_bond_req_ind_handler  app_gap_task.o
    0x100017ec   0x0000003c   Code   RO          748    i.app_gap_bond_resp  app_gap.o
    0x10001828   0x0000004c   Code   RO          860    i.app_gap_change_param_req_cmp_handler  app_gap_task.o
    0x10001874   0x000000b4   Code   RO          861    i.app_gap_discon_cmp_evt_handler  app_gap_task.o
    0x10001928   0x000000a8   Code   RO          862    i.app_gap_le_create_conn_req_cmp_evt_handler  app_gap_task.o
    0x100019d0   0x00000034   Code   RO          750    i.app_gap_param_update_req  app_gap.o
    0x10001a04   0x00000058   Code   RO          863    i.app_gap_param_update_resp_handler  app_gap_task.o
    0x10001a5c   0x00000014   Code   RO          751    i.app_gap_read_bdaddr_req  app_gap.o
    0x10001a70   0x00000054   Code   RO          864    i.app_gap_read_bdaddr_req_cmp_evt_handler  app_gap_task.o
    0x10001ac4   0x00000014   Code   RO          752    i.app_gap_read_ver_req  app_gap.o
    0x10001ad8   0x00000024   Code   RO          865    i.app_gap_read_ver_req_cmp_evt_handler  app_gap_task.o
    0x10001afc   0x00000018   Code   RO          866    i.app_gap_ready_evt_handler  app_gap_task.o
    0x10001b14   0x0000000a   Code   RO          867    i.app_gap_reset_req_cmp_handler  app_gap_task.o
    0x10001b1e   0x00000002   PAD
    0x10001b20   0x00000024   Code   RO          755    i.app_gap_set_bondable_mode_req  app_gap.o
    0x10001b44   0x00000034   Code   RO          868    i.app_gap_set_devname_req_cmp_evt_handler  app_gap_task.o
    0x10001b78   0x00000094   Code   RO          869    i.app_gap_set_mode_req_cmp_evt_handler  app_gap_task.o
    0x10001c0c   0x00000048   Code   RO          870    i.app_gap_set_privacy_req_cmp_handler  app_gap_task.o
    0x10001c54   0x00000030   Code   RO          871    i.app_gap_set_random_add_req_cmp_handler  app_gap_task.o
    0x10001c84   0x00000028   Code   RO          759    i.app_gap_set_sec_req  app_gap.o
    0x10001cac   0x00000024   Code   RO          872    i.app_gap_set_sec_req_cmp_evt_handler  app_gap_task.o
    0x10001cd0   0x00000028   Code   RO          873    i.app_gatt_resource_access_req_handler  app_gap_task.o
    0x10001cf8   0x00000040   Code   RO          461    i.app_get_bd_addr_by_conhdl  app_util.o
    0x10001d38   0x0000000c   Code   RO          463    i.app_get_bond_nb   app_util.o
    0x10001d44   0x00000024   Code   RO          464    i.app_get_bond_status  app_util.o
    0x10001d68   0x00000028   Code   RO          466    i.app_get_conhdl_by_idx  app_util.o
    0x10001d90   0x0000001c   Code   RO          467    i.app_get_link_status_by_idx  app_util.o
    0x10001dac   0x00000024   Code   RO          468    i.app_get_lk_sec_status  app_util.o
    0x10001dd0   0x00000008   Code   RO          469    i.app_get_local_service_flag  app_util.o
    0x10001dd8   0x0000000c   Code   RO          471    i.app_get_role      app_util.o
    0x10001de4   0x00000026   Code   RO          472    i.app_i_to_array    app_util.o
    0x10001e0a   0x00000002   PAD
    0x10001e0c   0x00000084   Code   RO          607    i.app_init          app_env.o
    0x10001e90   0x0000001c   Code   RO          473    i.app_init_local_smp_key  app_util.o
    0x10001eac   0x00000044   Code   RO          360    i.app_led_timer_handler  usr_design.o
    0x10001ef0   0x0000006c   Code   RO          474    i.app_set_adv_data  app_util.o
    0x10001f5c   0x00000038   Code   RO         1221    i.app_set_char_val_req  app_diss.o
    0x10001f94   0x00000060   Code   RO          475    i.app_set_link_status_by_conhdl  app_util.o
    0x10001ff4   0x0000000c   Code   RO          476    i.app_set_role      app_util.o
    0x10002000   0x00000088   Code   RO          477    i.app_set_scan_rsp_data  app_util.o
    0x10002088   0x00000138   Code   RO          608    i.app_smp_init      app_env.o
    0x100021c0   0x00000048   Code   RO         1070    i.app_smpc_chk_bd_addr_req_ind_handler  app_smp_task.o
    0x10002208   0x00000040   Code   RO         1020    i.app_smpc_chk_bd_addr_req_rsp  app_smp.o
    0x10002248   0x000000b8   Code   RO         1071    i.app_smpc_irk_req_ind_handler  app_smp_task.o
    0x10002300   0x0000004c   Code   RO         1021    i.app_smpc_irk_req_rsp  app_smp.o
    0x1000234c   0x000000ac   Code   RO         1072    i.app_smpc_key_ind_handler  app_smp_task.o
    0x100023f8   0x000000fc   Code   RO         1073    i.app_smpc_ltk_req_ind_handler  app_smp_task.o
    0x100024f4   0x00000054   Code   RO         1022    i.app_smpc_ltk_req_rsp  app_smp.o
    0x10002548   0x0000002c   Code   RO         1074    i.app_smpc_sec_started_ind_handler  app_smp_task.o
    0x10002574   0x00000044   Code   RO         1075    i.app_smpc_timeout_evt_handler  app_smp_task.o
    0x100025b8   0x00000084   Code   RO         1076    i.app_smpc_tk_req_ind_handler  app_smp_task.o
    0x1000263c   0x0000003c   Code   RO         1024    i.app_smpc_tk_req_rsp  app_smp.o
    0x10002678   0x00000024   Code   RO         1077    i.app_smpm_set_key_cfm_handler  app_smp_task.o
    0x1000269c   0x00000034   Code   RO         1025    i.app_smpm_set_key_req  app_smp.o
    0x100026d0   0x00000144   Code   RO          361    i.app_task_msg_hdl  usr_design.o
    0x10002814   0x00000002   Code   RO          689    i.app_uart_init     app_sys.o
    0x10002816   0x00000002   PAD
    0x10002818   0x00000038   Code   RO           12    i.assert_err        app_main.o
    0x10002850   0x00000040   Code   RO         2920    i.atts_patch_env_clear  qn9020b2_lib_peripheral.lib(lib.o)
    0x10002890   0x0000004c   Code   RO         2921    i.atts_req_error_ind_handler_patch  qn9020b2_lib_peripheral.lib(lib.o)
    0x100028dc   0x00000014   Code   RO         2923    i.ble_evt_empty     qn9020b2_lib_peripheral.lib(lib.o)
    0x100028f0   0x0000002c   Code   RO         2924    i.ble_ext_wakeup_allow  qn9020b2_lib_peripheral.lib(lib.o)
    0x1000291c   0x00000016   Code   RO         2925    i.ble_hw_sleep      qn9020b2_lib_peripheral.lib(lib.o)
    0x10002932   0x00000002   PAD
    0x10002934   0x00000158   Code   RO         2926    i.ble_init          qn9020b2_lib_peripheral.lib(lib.o)
    0x10002a8c   0x00000040   Code   RO         2927    i.ble_sleep         qn9020b2_lib_peripheral.lib(lib.o)
    0x10002acc   0x0000007c   Code   RO         1404    i.blps_create_db_req_handler  blps_task.o
    0x10002b48   0x00000064   Code   RO         1347    i.blps_disable      blps.o
    0x10002bac   0x000000b4   Code   RO         1405    i.blps_enable_req_handler  blps_task.o
    0x10002c60   0x00000020   Code   RO         1348    i.blps_init         blps.o
    0x10002c80   0x0000002c   Code   RO         1349    i.blps_meas_send_cfm_send  blps.o
    0x10002cac   0x000000a4   Code   RO         1406    i.blps_meas_send_req_handler  blps_task.o
    0x10002d50   0x0000007c   Code   RO         1350    i.blps_pack_meas_value  blps.o
    0x10002dcc   0x00000024   Code   RO         2835    i.button_init       button.o
    0x10002df0   0x00000014   Code   RO         2930    i.check_ble_wakeup  qn9020b2_lib_peripheral.lib(lib.o)
    0x10002e04   0x00000010   Code   RO         2931    i.co_buf_rx_get     qn9020b2_lib_peripheral.lib(lib.o)
    0x10002e14   0x00000008   Code   RO         1351    i.co_write16p       blps.o
    0x10002e1c   0x00000078   Code   RO         2933    i.config_work_mode  qn9020b2_lib_peripheral.lib(lib.o)
    0x10002e94   0x0000001c   Code   RO         2936    i.default_exit_sleep_cb  qn9020b2_lib_peripheral.lib(lib.o)
    0x10002eb0   0x00000010   Code   RO         2592    i.dev_allow_sleep   dma.o
    0x10002ec0   0x0000002a   Code   RO         1470    i.diss_check_val_len  diss.o
    0x10002eea   0x00000026   Code   RO         1471    i.diss_compute_cfg_flag  diss.o
    0x10002f10   0x00000074   Code   RO         1535    i.diss_create_db_req_handler  diss_task.o
    0x10002f84   0x00000040   Code   RO         1472    i.diss_disable      diss.o
    0x10002fc4   0x0000004c   Code   RO         1536    i.diss_enable_req_handler  diss_task.o
    0x10003010   0x00000020   Code   RO         1473    i.diss_init         diss.o
    0x10003030   0x00000054   Code   RO         1537    i.diss_set_char_val_req_handler  diss_task.o
    0x10003084   0x00000010   Code   RO         2938    i.dp_dp_SetRegWithMask  qn9020b2_lib_peripheral.lib(lib.o)
    0x10003094   0x000001c0   Code   RO         1837    i.enter_sleep       sleep.o
    0x10003254   0x0000000a   Code   RO         2863    i.fputc             retarget.o
    0x1000325e   0x00000002   PAD
    0x10003260   0x00000018   Code   RO         1407    i.gap_discon_cmp_evt_handler  blps_task.o
    0x10003278   0x00000018   Code   RO         1538    i.gap_discon_cmp_evt_handler  diss_task.o
    0x10003290   0x000000c8   Code   RO         2944    i.gap_discon_ind_handler_patch  qn9020b2_lib_peripheral.lib(lib.o)
    0x10003358   0x0000000c   Code   RO         1408    i.gatt_handle_value_cfm_handler  blps_task.o
    0x10003364   0x0000000c   Code   RO         1409    i.gatt_notify_cmp_evt_handler  blps_task.o
    0x10003370   0x00000048   Code   RO         2945    i.gatt_read_char_req_handler_patch  qn9020b2_lib_peripheral.lib(lib.o)
    0x100033b8   0x000000fc   Code   RO         2947    i.gatt_write_char_req_handler_patch  qn9020b2_lib_peripheral.lib(lib.o)
    0x100034b4   0x000000c4   Code   RO         1410    i.gatt_write_cmd_ind_handler  blps_task.o
    0x10003578   0x00000008   Code   RO         1721    i.gpio_enable_interrupt  gpio.o
    0x10003580   0x00000024   Code   RO         1722    i.gpio_init         gpio.o
    0x100035a4   0x00000010   Code   RO          362    i.gpio_interrupt_callback  usr_design.o
    0x100035b4   0x00000014   Code   RO         1725    i.gpio_read_pin     gpio.o
    0x100035c8   0x0000000c   Code   RO         1726    i.gpio_read_pin_field  gpio.o
    0x100035d4   0x00000010   Code   RO         1727    i.gpio_set_direction  gpio.o
    0x100035e4   0x0000000e   Code   RO         1728    i.gpio_set_direction_field  gpio.o
    0x100035f2   0x00000002   PAD
    0x100035f4   0x00000024   Code   RO         1730    i.gpio_sleep_allowed  gpio.o
    0x10003618   0x00000060   Code   RO         1732    i.gpio_wakeup_config  gpio.o
    0x10003678   0x00000020   Code   RO         1733    i.gpio_write_pin    gpio.o
    0x10003698   0x00000028   Code   RO         2315    i.i2c_bus_check     i2c.o
    0x100036c0   0x0000000a   Code   RO         2316    i.i2c_i2c_SetTXD    i2c.o
    0x100036ca   0x00000002   PAD
    0x100036cc   0x00000044   Code   RO         2317    i.i2c_init          i2c.o
    0x10003710   0x00000118   Code   RO         2318    i.i2c_polling       i2c.o
    0x10003828   0x00000098   Code   RO         2319    i.i2c_read          i2c.o
    0x100038c0   0x00000060   Code   RO         2320    i.i2c_write         i2c.o
    0x10003920   0x0000002c   Code   RO         2223    i.is_flash_busy     serialflash.o
    0x1000394c   0x00000018   Code   RO         2948    i.is_flash_off      qn9020b2_lib_peripheral.lib(lib.o)
    0x10003964   0x00000020   Code   RO         2224    i.is_flash_present  serialflash.o
    0x10003984   0x0000004c   Code   RO         2949    i.ke_schedule       qn9020b2_lib_peripheral.lib(lib.o)
    0x100039d0   0x00000010   Code   RO         2950    i.ke_time           qn9020b2_lib_peripheral.lib(lib.o)
    0x100039e0   0x00000018   Code   RO         2951    i.ke_timer_empty    qn9020b2_lib_peripheral.lib(lib.o)
    0x100039f8   0x0000005c   Code   RO         2952    i.l2cc_data_packet_ind_handler_patch  qn9020b2_lib_peripheral.lib(lib.o)
    0x10003a54   0x00000078   Code   RO         2954    i.l2cc_data_send_rsp_handler_patch  qn9020b2_lib_peripheral.lib(lib.o)
    0x10003acc   0x0000002e   Code   RO         2797    i.led_get           led.o
    0x10003afa   0x00000038   Code   RO         2798    i.led_init          led.o
    0x10003b32   0x00000028   Code   RO         2800    i.led_set           led.o
    0x10003b5a   0x00000002   PAD
    0x10003b5c   0x000000fc   Code   RO         2955    i.llc_data_packet_ind_handler_patch  qn9020b2_lib_peripheral.lib(lib.o)
    0x10003c58   0x0000009c   Code   RO         2956    i.llc_data_req_handler_patch  qn9020b2_lib_peripheral.lib(lib.o)
    0x10003cf4   0x0000002c   Code   RO         2957    i.llc_lld_stop_ind_handler_patch  qn9020b2_lib_peripheral.lib(lib.o)
    0x10003d20   0x0000009c   Code   RO         2970    i.llm_lld_data_ind_handler_patch  qn9020b2_lib_peripheral.lib(lib.o)
    0x10003dbc   0x00000170   Code   RO           15    i.main              app_main.o
    0x10003f2c   0x00000028   Code   RO         2225    i.power_off_flash   serialflash.o
    0x10003f54   0x00000040   Code   RO         2226    i.power_on_flash    serialflash.o
    0x10003f94   0x0000003c   Code   RO         1287    i.prf_dispatch_disconnect  prf_utils.o
    0x10003fd0   0x00000018   Code   RO         1288    i.prf_init          prf_utils.o
    0x10003fe8   0x00000020   Code   RO         1289    i.prf_pack_date_time  prf_utils.o
    0x10004008   0x0000002c   Code   RO         1290    i.prf_server_error_ind_send  prf_utils.o
    0x10004034   0x00000010   Code   RO         2228    i.read_flash_id     serialflash.o
    0x10004044   0x00000038   Code   RO         2984    i.restore_ble_dev_mode_flag  qn9020b2_lib_peripheral.lib(lib.o)
    0x1000407c   0x00000050   Code   RO         2985    i.restore_ble_setting  qn9020b2_lib_peripheral.lib(lib.o)
    0x100040cc   0x00000010   Code   RO         2989    i.set_dbg_info      qn9020b2_lib_peripheral.lib(lib.o)
    0x100040dc   0x00000018   Code   RO         1839    i.sleep_cb          sleep.o
    0x100040f4   0x00000034   Code   RO         1840    i.sleep_init        sleep.o
    0x10004128   0x0000006c   Code   RO         2990    i.sleep_post_process  qn9020b2_lib_peripheral.lib(lib.o)
    0x10004194   0x00000058   Code   RO         2991    i.smp_rtx_ind_handler_patch  qn9020b2_lib_peripheral.lib(lib.o)
    0x100041ec   0x0000006c   Code   RO         2992    i.smpc_l2cc_data_packet_ind_handler_patch  qn9020b2_lib_peripheral.lib(lib.o)
    0x10004258   0x0000008c   Code   RO         2722    i.spi_int_enable    spi.o
    0x100042e4   0x0000004c   Code   RO         2724    i.spi_rx_data       spi.o
    0x10004330   0x0000000a   Code   RO         2725    i.spi_spi_GetSR     spi.o
    0x1000433a   0x0000000a   Code   RO         2726    i.spi_spi_SetTXD    spi.o
    0x10004344   0x00000046   Code   RO         2727    i.spi_tx_data       spi.o
    0x1000438a   0x00000002   PAD
    0x1000438c   0x0000000c   Code   RO         2993    i.store_ble_dev_mode_flag  qn9020b2_lib_peripheral.lib(lib.o)
    0x10004398   0x0000000a   Code   RO         1841    i.syscon_GetBLESR   sleep.o
    0x100043a2   0x0000000a   Code   RO         2994    i.syscon_GetBLESR   qn9020b2_lib_peripheral.lib(lib.o)
    0x100043ac   0x0000000a   Code   RO         1842    i.syscon_SetCMDCRWithMask  sleep.o
    0x100043b6   0x0000000a   Code   RO         1952    i.syscon_SetCMDCRWithMask  syscon.o
    0x100043c0   0x0000000a   Code   RO         1843    i.syscon_SetIvrefX32WithMask  sleep.o
    0x100043ca   0x0000000a   Code   RO         1844    i.syscon_SetPGCR0WithMask  sleep.o
    0x100043d4   0x0000000a   Code   RO         2996    i.syscon_SetPGCR1WithMask  qn9020b2_lib_peripheral.lib(lib.o)
    0x100043de   0x0000000a   Code   RO         1845    i.syscon_SetPGCR2WithMask  sleep.o
    0x100043e8   0x00000038   Code   RO         1957    i.syscon_set_ahb_clk  syscon.o
    0x10004420   0x00000034   Code   RO         1958    i.syscon_set_apb_clk  syscon.o
    0x10004454   0x00000040   Code   RO         1959    i.syscon_set_ble_clk  syscon.o
    0x10004494   0x000000bc   Code   RO         1960    i.syscon_set_sysclk_src  syscon.o
    0x10004550   0x0000002c   Code   RO         1961    i.syscon_set_timer_clk  syscon.o
    0x1000457c   0x00000070   Code   RO         1962    i.syscon_set_usart_clk  syscon.o
    0x100045ec   0x00000038   Code   RO          710    i.task_app_desc_register  app_task.o
    0x10004624   0x00000088   Code   RO         2997    i.task_atts_desc_register  qn9020b2_lib_peripheral.lib(lib.o)
    0x100046ac   0x00000038   Code   RO         1411    i.task_blps_desc_register  blps_task.o
    0x100046e4   0x00000038   Code   RO         1539    i.task_diss_desc_register  diss_task.o
    0x1000471c   0x000000c0   Code   RO         2998    i.task_gatt_desc_register  qn9020b2_lib_peripheral.lib(lib.o)
    0x100047dc   0x00000070   Code   RO         2999    i.task_llc_desc_register  qn9020b2_lib_peripheral.lib(lib.o)
    0x1000484c   0x0000000a   Code   RO         2107    i.timer_timer_ClrIntFlag  timer.o
    0x10004856   0x0000000a   Code   RO         2108    i.timer_timer_GetIntFlag  timer.o
    0x10004860   0x0000003c   Code   RO         1589    i.uart_check_tx_free  uart.o
    0x1000489c   0x00000098   Code   RO         1594    i.uart_init         uart.o
    0x10004934   0x00000012   Code   RO         1597    i.uart_rx_int_enable  uart.o
    0x10004946   0x00000002   PAD
    0x10004948   0x00000038   Code   RO         1598    i.uart_tx_int_enable  uart.o
    0x10004980   0x0000000a   Code   RO         1599    i.uart_uart_ClrIntFlag  uart.o
    0x1000498a   0x0000000a   Code   RO         1600    i.uart_uart_GetIntFlag  uart.o
    0x10004994   0x00000008   Code   RO         1601    i.uart_uart_SetTXD  uart.o
    0x1000499c   0x00000030   Code   RO          363    i.usr_button1_cb    usr_design.o
    0x100049cc   0x0000003c   Code   RO          364    i.usr_init          usr_design.o
    0x10004a08   0x00000054   Code   RO          365    i.usr_led1_set      usr_design.o
    0x10004a5c   0x00000088   Code   RO         1846    i.usr_sleep         sleep.o
    0x10004ae4   0x00000034   Code   RO          366    i.usr_sleep_restore  usr_design.o
    0x10004b18   0x00000014   Code   RO         1847    i.wakeup_32k_xtal_start_timer  sleep.o
    0x10004b2c   0x00000054   Code   RO         1848    i.wakeup_32k_xtal_switch_clk  sleep.o
    0x10004b80   0x00000068   Code   RO         1850    i.wakeup_by_sleep_timer  sleep.o
    0x10004be8   0x00000028   Code   RO         2045    i.wdt_irq_clear     wdt.o
    0x10004c10   0x0000000e   Code   RO         2047    i.wdt_wdt_SetLKR    wdt.o
    0x10004c1e   0x00000002   PAD
    0x10004c20   0x00000138   Data   RO          711    .constdata          app_task.o
    0x10004d58   0x00000030   Data   RO          712    .constdata          app_task.o
    0x10004d88   0x0000006c   Data   RO         1353    .constdata          blps.o
    0x10004df4   0x00000002   Data   RO         1354    .constdata          blps.o
    0x10004df6   0x00000005   Data   RO         1355    .constdata          blps.o
    0x10004dfb   0x00000005   Data   RO         1356    .constdata          blps.o
    0x10004e00   0x00000005   Data   RO         1357    .constdata          blps.o
    0x10004e05   0x00000003   PAD
    0x10004e08   0x00000008   Data   RO         1412    .constdata          blps_task.o
    0x10004e10   0x00000008   Data   RO         1413    .constdata          blps_task.o
    0x10004e18   0x00000020   Data   RO         1414    .constdata          blps_task.o
    0x10004e38   0x00000008   Data   RO         1415    .constdata          blps_task.o
    0x10004e40   0x00000020   Data   RO         1416    .constdata          blps_task.o
    0x10004e60   0x000000e4   Data   RO         1475    .constdata          diss.o
    0x10004f44   0x00000002   Data   RO         1476    .constdata          diss.o
    0x10004f46   0x00000005   Data   RO         1477    .constdata          diss.o
    0x10004f4b   0x00000005   Data   RO         1478    .constdata          diss.o
    0x10004f50   0x00000005   Data   RO         1479    .constdata          diss.o
    0x10004f55   0x00000005   Data   RO         1480    .constdata          diss.o
    0x10004f5a   0x00000005   Data   RO         1481    .constdata          diss.o
    0x10004f5f   0x00000005   Data   RO         1482    .constdata          diss.o
    0x10004f64   0x00000005   Data   RO         1483    .constdata          diss.o
    0x10004f69   0x00000005   Data   RO         1484    .constdata          diss.o
    0x10004f6e   0x00000005   Data   RO         1485    .constdata          diss.o
    0x10004f73   0x00000001   PAD
    0x10004f74   0x00000008   Data   RO         1540    .constdata          diss_task.o
    0x10004f7c   0x00000010   Data   RO         1541    .constdata          diss_task.o
    0x10004f8c   0x00000008   Data   RO         1542    .constdata          diss_task.o
    0x10004f94   0x00000020   Data   RO         1543    .constdata          diss_task.o
    0x10004fb4   0x00000033   Data   RO         1604    .constdata          uart.o
    0x10004fe7   0x00000001   PAD
    0x10004fe8   0x00000010   Data   RO         3001    .constdata          qn9020b2_lib_peripheral.lib(lib.o)
    0x10004ff8   0x00000081   Data   RO         3434    .constdata          mc_p.l(ctype_o.o)
    0x10005079   0x00000003   PAD
    0x1000507c   0x00000004   Data   RO         3435    .constdata          mc_p.l(ctype_o.o)
    0x10005080   0x000000d6   Data   RO          874    .conststring        app_gap_task.o
    0x10005156   0x00000002   PAD
    0x10005158   0x000000ad   Data   RO         1078    .conststring        app_smp_task.o
    0x10005205   0x00000003   PAD
    0x10005208   0x00000030   Data   RO         3469    Region$$Table       anon$$obj.o
    0x10005238   0x00000004   Data   RW          367    .data               usr_design.o
    0x1000523c   0x00000002   Data   RW          713    .data               app_task.o
    0x1000523e   0x00000002   PAD
    0x10005240   0x00000004   Data   RW         1170    .data               app_blps_task.o
    0x10005244   0x00000004   Data   RW         1253    .data               app_diss_task.o
    0x10005248   0x00000002   Data   RW         1417    .data               blps_task.o
    0x1000524a   0x00000002   Data   RW         1544    .data               diss_task.o
    0x1000524c   0x00000004   Data   RW         1735    .data               gpio.o
    0x10005250   0x00000020   Data   RW         1851    .data               sleep.o
    0x10005270   0x0000000c   Data   RW         1963    .data               syscon.o
    0x1000527c   0x00000004   Data   RW         2048    .data               wdt.o
    0x10005280   0x00000020   Data   RW         2111    .data               timer.o
    0x100052a0   0x00000008   Data   RW         2232    .data               serialflash.o
    0x100052a8   0x0000000c   Data   RW         2520    .data               analog.o
    0x100052b4   0x00000004   Data   RW         2605    .data               dma.o
    0x100052b8   0x00000004   Data   RW         2864    .data               retarget.o
    0x100052bc   0x00000104   Data   RW         3002    .data               qn9020b2_lib_peripheral.lib(lib.o)
    0x100053c0   0x00000004   Data   RW         3410    .data               mc_p.l(errno.o)
    0x100053c4   0x000006d4   Zero   RW           16    .bss                app_main.o
    0x10005a98   0x000000fc   Zero   RW          609    .bss                app_env.o
    0x10005b94   0x0000000a   Zero   RW         1352    .bss                blps.o
    0x10005b9e   0x00000012   Zero   RW         1474    .bss                diss.o
    0x10005bb0   0x00000030   Zero   RW         1603    .bss                uart.o
    0x10005be0   0x00000014   Zero   RW         2321    .bss                i2c.o
    0x10005bf4   0x00000038   Zero   RW         2729    .bss                spi.o
    0x10005c2c   0x00000654   Zero   RW         3000    .bss                qn9020b2_lib_peripheral.lib(lib.o)
    0x10006280   0x00000200   Zero   RW            1    STACK               startup.o


==============================================================================

Image component sizes


      Code (inc. data)   RO Data    RW Data    ZI Data      Debug   Object Name

        32          8          0         12          0       1408   analog.o
       148         26          0          0          0       2252   app_blps.o
       230         84          0          4          0       4111   app_blps_task.o
       128         26          0          0          0       2042   app_diss.o
       272         84          0          4          0       2477   app_diss_task.o
       444         94          0          0        252       3713   app_env.o
       408         78          0          0          0       4921   app_gap.o
      1380        544        214          0          0      11938   app_gap_task.o
       424         88          0          0       1748     102712   app_main.o
       336         48          0          0          0       3722   app_smp.o
       960        244        173          0          0       5947   app_smp_task.o
         2          0          0          0          0        384   app_sys.o
       128         20        360          2          0      15673   app_task.o
       890        124          0          0          0      10938   app_util.o
       308         42        125          0         10       5571   blps.o
       768        106         88          2          0       7849   blps_task.o
        36          0          0          0          0        426   button.o
       176         28        275          0         18       5090   diss.o
       356         76         64          2          0       5094   diss_task.o
        80         16          0          4          0      15217   dma.o
       350         40          0          4          0      22675   gpio.o
       726         68          0          0         20      20290   i2c.o
       142         16          0          0          0       1487   led.o
       160         20          0          0          0       4006   prf_utils.o
        10          0          0          4          0       2266   retarget.o
       196         30          0          8          0      18466   serialflash.o
       978        112          0         32          0      30692   sleep.o
       478         28          0          0         56      19574   spi.o
        48         14        192          0        512        804   startup.o
       526         82          0         12          0      19839   syscon.o
       256         42          0          0          0      16775   system.o
       340         40          0         32          0      18634   timer.o
       550         76         51          0         48      30654   uart.o
      1164        230          0          4          0      26845   usr_design.o
        78         14          0          4          0      15574   wdt.o

    ----------------------------------------------------------------------
     13532       2548       1600        132       2664     460066   Object Totals
         0          0         48          0          0          0   (incl. Generated)
        24          0         10          2          0          0   (incl. Padding)

    ----------------------------------------------------------------------

      Code (inc. data)   RO Data    RW Data    ZI Data      Debug   Library Member Name

        86          0          0          0          0          0   __dczerorl2.o
        30          0          0          0          0         60   _chval.o
       166          0          0          0          0         84   _strtoul.o
        26          0          0          0          0         72   atoi.o
         8          4        133          0          0         60   ctype_o.o
         0          0          0          0          0          0   entry.o
         0          0          0          0          0          0   entry10a.o
         0          0          0          0          0          0   entry11a.o
         8          4          0          0          0          0   entry2.o
         4          0          0          0          0          0   entry5.o
         0          0          0          0          0          0   entry7b.o
         0          0          0          0          0          0   entry8b.o
         8          4          0          0          0          0   entry9a.o
         8          4          0          4          0         60   errno.o
        30          0          0          0          0          0   handlers.o
        36          8          0          0          0         68   init.o
        36          0          0          0          0         60   memcpya.o
        36          0          0          0          0        100   memseta.o
      1172         52          0          0          0        324   printf8.o
        18          0          0          0          0         60   strcpy.o
       112          4          0          0          0         76   strtol.o
        44          0          0          0          0         72   uidiv.o
      3474        660         16        260       1620       2792   lib.o
       452          4          0          0          0        184   math.o

    ----------------------------------------------------------------------
      5764        744        152        264       1620       4072   Library Totals
        10          0          3          0          0          0   (incl. Padding)

    ----------------------------------------------------------------------

      Code (inc. data)   RO Data    RW Data    ZI Data      Debug   Library Name

      1828         80        133          4          0       1096   mc_p.l
      3926        664         16        260       1620       2976   qn9020b2_lib_peripheral.lib

    ----------------------------------------------------------------------
      5764        744        152        264       1620       4072   Library Totals

    ----------------------------------------------------------------------

==============================================================================


      Code (inc. data)   RO Data    RW Data    ZI Data      Debug   

     19296       3292       1752        396       4284     453698   Grand Totals
     19296       3292       1752         96       4284     453698   ELF Image Totals (compressed)
     19296       3292       1752         96          0          0   ROM Totals

==============================================================================

    Total RO  Size (Code + RO Data)                21048 (  20.55kB)
    Total RW  Size (RW Data + ZI Data)              4680 (   4.57kB)
    Total ROM Size (Code + RO Data + RW Data)      21144 (  20.65kB)

==============================================================================

