Component: ARM Compiler 5.06 update 4 (build 422) Tool: armlink [4d35d2]

==============================================================================

Section Cross References

    startup.o(RESET) refers to startup.o(STACK) for __initial_sp
    startup.o(RESET) refers to startup.o(.text) for Reset_Handler
    startup.o(RESET) refers to gpio.o(i.GPIO_IRQHandler) for GPIO_IRQHandler
    startup.o(RESET) refers to lib.o(i.BLE_IRQHandler) for BLE_IRQHandler
    startup.o(RESET) refers to rtc.o(i.RTC_CAP_IRQHandler) for RTC_CAP_IRQHandler
    startup.o(RESET) refers to sleep.o(i.OSC_EN_IRQHandler) for OSC_EN_IRQHandler
    startup.o(RESET) refers to rtc.o(i.RTC_IRQHandler) for RTC_IRQHandler
    startup.o(RESET) refers to uart.o(i.UART0_TX_IRQHandler) for UART0_TX_IRQHandler
    startup.o(RESET) refers to uart.o(i.UART0_RX_IRQHandler) for UART0_RX_IRQHandler
    startup.o(RESET) refers to timer.o(i.TIMER0_IRQHandler) for TIMER0_IRQHandler
    startup.o(RESET) refers to timer.o(i.TIMER1_IRQHandler) for TIMER1_IRQHandler
    startup.o(RESET) refers to timer.o(i.TIMER2_IRQHandler) for TIMER2_IRQHandler
    startup.o(RESET) refers to timer.o(i.TIMER3_IRQHandler) for TIMER3_IRQHandler
    startup.o(RESET) refers to wdt.o(i.WDT_IRQHandler) for WDT_IRQHandler
    startup.o(.text) refers to entry.o(.ARM.Collect$$$$00000000) for __main
    app_main.o(i.assert_err) refers to printf8.o(i.__0printf$8) for __2printf
    app_main.o(i.assert_warn) refers to printf8.o(i.__0printf$8) for __2printf
    app_main.o(i.main) refers to math.o(REG_ACCESS_SECTION) for __wr_reg_with_msk
    app_main.o(i.main) refers to lib.o(i.dc_dc_enable) for dc_dc_enable
    app_main.o(i.main) refers to lib.o(i.plf_init) for plf_init
    app_main.o(i.main) refers to system.o(i.SystemInit) for SystemInit
    app_main.o(i.main) refers to lib.o(i.ble_init) for ble_init
    app_main.o(i.main) refers to app_env.o(i.app_init) for app_init
    app_main.o(i.main) refers to usr_design.o(i.usr_init) for usr_init
    app_main.o(i.main) refers to sleep.o(i.sleep_init) for sleep_init
    app_main.o(i.main) refers to sleep.o(i.wakeup_by_sleep_timer) for wakeup_by_sleep_timer
    app_main.o(i.main) refers to lib.o(i.ke_schedule) for ke_schedule
    app_main.o(i.main) refers to prf_utils.o(i.prf_init) for prf_init
    app_main.o(i.main) refers to prf_utils.o(i.prf_dispatch_disconnect) for prf_dispatch_disconnect
    app_main.o(i.main) refers to app_main.o(.bss) for .bss
    system.o(i.SystemInit) refers to math.o(REG_ACCESS_SECTION) for __wr_reg_with_msk
    system.o(i.SystemInit) refers to syscon.o(i.syscon_set_sysclk_src) for syscon_set_sysclk_src
    system.o(i.SystemInit) refers to calibration.o(i.calibration_init) for calibration_init
    system.o(i.SystemInit) refers to calibration.o(i.ref_pll_calibration) for ref_pll_calibration
    system.o(i.SystemInit) refers to syscon.o(i.syscon_set_ahb_clk) for syscon_set_ahb_clk
    system.o(i.SystemInit) refers to syscon.o(i.syscon_set_apb_clk) for syscon_set_apb_clk
    system.o(i.SystemInit) refers to syscon.o(i.syscon_set_ble_clk) for syscon_set_ble_clk
    system.o(i.SystemInit) refers to syscon.o(i.syscon_set_timer_clk) for syscon_set_timer_clk
    system.o(i.SystemInit) refers to syscon.o(i.syscon_set_usart_clk) for syscon_set_usart_clk
    system.o(i.SystemInit) refers to gpio.o(i.gpio_init) for gpio_init
    system.o(i.SystemInit) refers to led.o(i.led_init) for led_init
    system.o(i.SystemInit) refers to button.o(i.button_init) for button_init
    system.o(i.SystemInit) refers to uart.o(i.uart_init) for uart_init
    system.o(i.SystemInit) refers to usr_design.o(i.gpio_interrupt_callback) for gpio_interrupt_callback
    usr_design.o(i.app_blps_blood_send_handler) refers to usr_design.o(i.app_blps_pressure_send) for app_blps_pressure_send
    usr_design.o(i.app_blps_blood_send_handler) refers to app_blps_task.o(.data) for app_blps_env
    usr_design.o(i.app_blps_pressure_send) refers to app_blps.o(i.app_blps_pressure_send_req) for app_blps_pressure_send_req
    usr_design.o(i.app_blps_pressure_send) refers to app_blps_task.o(.data) for app_blps_env
    usr_design.o(i.app_button_timer_handler) refers to gpio.o(i.gpio_read_pin) for gpio_read_pin
    usr_design.o(i.app_button_timer_handler) refers to app_main.o(i.assert_err) for assert_err
    usr_design.o(i.app_button_timer_handler) refers to app_gap.o(i.app_gap_adv_stop_req) for app_gap_adv_stop_req
    usr_design.o(i.app_button_timer_handler) refers to app_util.o(i.app_get_local_service_flag) for app_get_local_service_flag
    usr_design.o(i.app_button_timer_handler) refers to app_util.o(i.app_set_scan_rsp_data) for app_set_scan_rsp_data
    usr_design.o(i.app_button_timer_handler) refers to app_util.o(i.app_set_adv_data) for app_set_adv_data
    usr_design.o(i.app_button_timer_handler) refers to app_gap.o(i.app_gap_adv_start_req) for app_gap_adv_start_req
    usr_design.o(i.app_button_timer_handler) refers to sleep.o(.data) for sleep_env
[...]
    rtc_rtc_GetSR                            0x100046f9   Thumb Code    10  rtc.o(i.rtc_rtc_GetSR)
    i.rtc_time_get                           0x10004704   Section        0  rtc.o(i.rtc_time_get)
    i.rtc_time_parse                         0x10004724   Section        0  rtc.o(i.rtc_time_parse)
    rtc_time_parse                           0x10004725   Thumb Code    56  rtc.o(i.rtc_time_parse)
    i.rwble_slot_2_lpcycles                  0x10004760   Section        0  lib.o(i.rwble_slot_2_lpcycles)
    rwble_slot_2_lpcycles                    0x10004761   Thumb Code    32  lib.o(i.rwble_slot_2_lpcycles)
    i.sector_erase_flash_patch               0x10004784   Section        0  lib.o(i.sector_erase_flash_patch)
    sector_erase_flash_patch                 0x10004785   Thumb Code    40  lib.o(i.sector_erase_flash_patch)
    i.set_dbg_info                           0x100047b4   Section        0  lib.o(i.set_dbg_info)
    i.sleep_init                             0x100047c4   Section        0  sleep.o(i.sleep_init)
    i.smp_rtx_ind_handler_patch              0x100047f8   Section        0  lib.o(i.smp_rtx_ind_handler_patch)
    smp_rtx_ind_handler_patch                0x100047f9   Thumb Code    70  lib.o(i.smp_rtx_ind_handler_patch)
    i.smpc_l2cc_data_packet_ind_handler_patch 0x10004850   Section        0  lib.o(i.smpc_l2cc_data_packet_ind_handler_patch)
    smpc_l2cc_data_packet_ind_handler_patch  0x10004851   Thumb Code    96  lib.o(i.smpc_l2cc_data_packet_ind_handler_patch)
    i.store_ble_dev_mode_flag                0x100048bc   Section        0  lib.o(i.store_ble_dev_mode_flag)
    i.syscon_GetBLESR                        0x100048c8   Section        0  lib.o(i.syscon_GetBLESR)
    syscon_GetBLESR                          0x100048c9   Thumb Code    10  lib.o(i.syscon_GetBLESR)
    i.syscon_SetCMDCRWithMask                0x100048d2   Section        0  sleep.o(i.syscon_SetCMDCRWithMask)
    syscon_SetCMDCRWithMask                  0x100048d3   Thumb Code    10  sleep.o(i.syscon_SetCMDCRWithMask)
    i.syscon_SetCMDCRWithMask                0x100048dc   Section        0  syscon.o(i.syscon_SetCMDCRWithMask)
    syscon_SetCMDCRWithMask                  0x100048dd   Thumb Code    10  syscon.o(i.syscon_SetCMDCRWithMask)
    i.syscon_SetIvrefX32WithMask             0x100048e6   Section        0  sleep.o(i.syscon_SetIvrefX32WithMask)
    syscon_SetIvrefX32WithMask               0x100048e7   Thumb Code    10  sleep.o(i.syscon_SetIvrefX32WithMask)
    i.syscon_SetIvrefX32WithMask             0x100048f0   Section        0  lib.o(i.syscon_SetIvrefX32WithMask)
    syscon_SetIvrefX32WithMask               0x100048f1   Thumb Code    10  lib.o(i.syscon_SetIvrefX32WithMask)
    i.syscon_SetPGCR0WithMask                0x100048fa   Section        0  sleep.o(i.syscon_SetPGCR0WithMask)
    syscon_SetPGCR0WithMask                  0x100048fb   Thumb Code    10  sleep.o(i.syscon_SetPGCR0WithMask)
    i.syscon_SetPGCR1WithMask                0x10004904   Section        0  lib.o(i.syscon_SetPGCR1WithMask)
    syscon_SetPGCR1WithMask                  0x10004905   Thumb Code    10  lib.o(i.syscon_SetPGCR1WithMask)
    i.syscon_SetPGCR2WithMask                0x1000490e   Section        0  sleep.o(i.syscon_SetPGCR2WithMask)
    syscon_SetPGCR2WithMask                  0x1000490f   Thumb Code    10  sleep.o(i.syscon_SetPGCR2WithMask)
    i.syscon_set_ahb_clk                     0x10004918   Section        0  syscon.o(i.syscon_set_ahb_clk)
    i.syscon_set_apb_clk                     0x10004950   Section        0  syscon.o(i.syscon_set_apb_clk)
    i.syscon_set_ble_clk                     0x10004984   Section        0  syscon.o(i.syscon_set_ble_clk)
    i.syscon_set_sysclk_src                  0x100049c4   Section        0  syscon.o(i.syscon_set_sysclk_src)
    i.syscon_set_timer_clk                   0x10004a80   Section        0  syscon.o(i.syscon_set_timer_clk)
    i.syscon_set_usart_clk                   0x10004aac   Section        0  syscon.o(i.syscon_set_usart_clk)
    i.task_app_desc_register                 0x10004b1c   Section        0  app_task.o(i.task_app_desc_register)
    i.task_atts_desc_register                0x10004b54   Section        0  lib.o(i.task_atts_desc_register)
    task_atts_desc_register                  0x10004b55   Thumb Code   110  lib.o(i.task_atts_desc_register)
    i.task_blps_desc_register                0x10004bdc   Section        0  blps_task.o(i.task_blps_desc_register)
    i.task_diss_desc_register                0x10004c14   Section        0  diss_task.o(i.task_diss_desc_register)
    i.task_gatt_desc_register                0x10004c4c   Section        0  lib.o(i.task_gatt_desc_register)
    task_gatt_desc_register                  0x10004c4d   Thumb Code   116  lib.o(i.task_gatt_desc_register)
    i.task_llc_desc_register                 0x10004d0c   Section        0  lib.o(i.task_llc_desc_register)
    task_llc_desc_register                   0x10004d0d   Thumb Code    84  lib.o(i.task_llc_desc_register)
    i.timer_timer_ClrIntFlag                 0x10004d7c   Section        0  timer.o(i.timer_timer_ClrIntFlag)
    timer_timer_ClrIntFlag                   0x10004d7d   Thumb Code    10  timer.o(i.timer_timer_ClrIntFlag)
    i.timer_timer_GetIntFlag                 0x10004d86   Section        0  timer.o(i.timer_timer_GetIntFlag)
    timer_timer_GetIntFlag                   0x10004d87   Thumb Code    10  timer.o(i.timer_timer_GetIntFlag)
    i.uart_init                              0x10004d90   Section        0  uart.o(i.uart_init)
    i.uart_rx_int_enable                     0x10004e28   Section        0  uart.o(i.uart_rx_int_enable)
    uart_rx_int_enable                       0x10004e29   Thumb Code    18  uart.o(i.uart_rx_int_enable)
    i.uart_tx_int_enable                     0x10004e3c   Section        0  uart.o(i.uart_tx_int_enable)
    uart_tx_int_enable                       0x10004e3d   Thumb Code    46  uart.o(i.uart_tx_int_enable)
    i.uart_uart_ClrIntFlag                   0x10004e74   Section        0  uart.o(i.uart_uart_ClrIntFlag)
    uart_uart_ClrIntFlag                     0x10004e75   Thumb Code    10  uart.o(i.uart_uart_ClrIntFlag)
    i.uart_uart_GetIntFlag                   0x10004e7e   Section        0  uart.o(i.uart_uart_GetIntFlag)
    uart_uart_GetIntFlag                     0x10004e7f   Thumb Code    10  uart.o(i.uart_uart_GetIntFlag)
    i.uart_uart_SetTXD                       0x10004e88   Section        0  uart.o(i.uart_uart_SetTXD)
    uart_uart_SetTXD                         0x10004e89   Thumb Code     8  uart.o(i.uart_uart_SetTXD)
    i.usr_button1_cb                         0x10004e90   Section        0  usr_design.o(i.usr_button1_cb)
    i.usr_button2_cb                         0x10004ec0   Section        0  usr_design.o(i.usr_button2_cb)
    i.usr_init                               0x10004f00   Section        0  usr_design.o(i.usr_init)
    i.usr_led1_set                           0x10004f60   Section        0  usr_design.o(i.usr_led1_set)
    usr_led1_set                             0x10004f61   Thumb Code    72  usr_design.o(i.usr_led1_set)
    i.wakeup_32k_xtal_start_timer            0x10004fb4   Section        0  sleep.o(i.wakeup_32k_xtal_start_timer)
    i.wakeup_32k_xtal_switch_clk             0x10004fc8   Section        0  sleep.o(i.wakeup_32k_xtal_switch_clk)
    i.wakeup_by_sleep_timer                  0x1000501c   Section        0  sleep.o(i.wakeup_by_sleep_timer)
    i.wdt_irq_clear                          0x10005084   Section        0  wdt.o(i.wdt_irq_clear)
    i.wdt_wdt_SetLKR                         0x100050ac   Section        0  wdt.o(i.wdt_wdt_SetLKR)
    wdt_wdt_SetLKR                           0x100050ad   Thumb Code    14  wdt.o(i.wdt_wdt_SetLKR)
    .constdata                               0x100050bc   Section      312  app_task.o(.constdata)
    .constdata                               0x100051f4   Section       48  app_task.o(.constdata)
    .constdata                               0x10005224   Section      108  blps.o(.constdata)
    .constdata                               0x10005290   Section        2  blps.o(.constdata)
    .constdata                               0x10005292   Section        5  blps.o(.constdata)
    .constdata                               0x10005297   Section        5  blps.o(.constdata)
    .constdata                               0x1000529c   Section        5  blps.o(.constdata)
    .constdata                               0x100052a4   Section        8  blps_task.o(.constdata)
    .constdata                               0x100052ac   Section        8  blps_task.o(.constdata)
    .constdata                               0x100052b4   Section       32  blps_task.o(.constdata)
    .constdata                               0x100052d4   Section        8  blps_task.o(.constdata)
    .constdata                               0x100052dc   Section       32  blps_task.o(.constdata)
    .constdata                               0x100052fc   Section      228  diss.o(.constdata)
    .constdata                               0x100053e0   Section        2  diss.o(.constdata)
    .constdata                               0x100053e2   Section        5  diss.o(.constdata)
    .constdata                               0x100053e7   Section        5  diss.o(.constdata)
    .constdata                               0x100053ec   Section        5  diss.o(.constdata)
    .constdata                               0x100053f1   Section        5  diss.o(.constdata)
    .constdata                               0x100053f6   Section        5  diss.o(.constdata)
    .constdata                               0x100053fb   Section        5  diss.o(.constdata)
    .constdata                               0x10005400   Section        5  diss.o(.constdata)
    .constdata                               0x10005405   Section        5  diss.o(.constdata)
    .constdata                               0x1000540a   Section        5  diss.o(.constdata)
    .constdata                               0x10005410   Section        8  diss_task.o(.constdata)
    .constdata                               0x10005418   Section       16  diss_task.o(.constdata)
    .constdata                               0x10005428   Section        8  diss_task.o(.constdata)
    .constdata                               0x10005430   Section       32  diss_task.o(.constdata)
    .constdata                               0x10005450   Section       51  uart.o(.constdata)
    .constdata                               0x10005484   Section       16  lib.o(.constdata)
    .constdata                               0x10005494   Section       12  localtime_i.o(.constdata)
    monlen                                   0x10005494   Data          12  localtime_i.o(.constdata)
    .constdata                               0x100054a0   Section      129  ctype_o.o(.constdata)
    .constdata                               0x10005524   Section        4  ctype_o.o(.constdata)
    table                                    0x10005524   Data           4  ctype_o.o(.constdata)
    .conststring                             0x10005528   Section      214  app_gap_task.o(.conststring)
    .conststring                             0x10005600   Section      173  app_smp_task.o(.conststring)
    .data                                    0x100056e0   Section        4  usr_design.o(.data)
    .data                                    0x100056e4   Section        2  app_task.o(.data)
    .data                                    0x100056e8   Section        4  app_blps_task.o(.data)
    .data                                    0x100056ec   Section        4  app_diss_task.o(.data)
    .data                                    0x100056f0   Section        2  blps_task.o(.data)
    .data                                    0x100056f2   Section        2  diss_task.o(.data)
    .data                                    0x100056f4   Section        4  gpio.o(.data)
    gpio_env                                 0x100056f4   Data           4  gpio.o(.data)
    .data                                    0x100056f8   Section       32  sleep.o(.data)
    .data                                    0x10005718   Section       12  syscon.o(.data)
    .data                                    0x10005724   Section        4  wdt.o(.data)
    .data                                    0x10005728   Section       32  timer.o(.data)
    .data                                    0x10005748   Section        4  rtc.o(.data)
    .data                                    0x1000574c   Section        8  serialflash.o(.data)
    .data                                    0x10005754   Section        4  retarget.o(.data)
    .data                                    0x10005758   Section      260  lib.o(.data)
    dc_dc_flag                               0x10005758   Data           1  lib.o(.data)
    ext_ctrl                                 0x10005759   Data           1  lib.o(.data)
    acc                                      0x1000575a   Data           1  lib.o(.data)
    code                                     0x1000575b   Data           1  lib.o(.data)
    total_len                                0x1000575c   Data           2  lib.o(.data)
    current_rcv_len                          0x1000575e   Data           2  lib.o(.data)
    cid                                      0x10005760   Data           2  lib.o(.data)
    handle                                   0x10005762   Data           2  lib.o(.data)
    app_flags                                0x10005770   Data           4  lib.o(.data)
    ntf_pkt_info                             0x10005774   Data           8  lib.o(.data)
    l2cm_default_handler_new                 0x1000577c   Data           8  lib.o(.data)
    l2cc_default_handler_new                 0x10005784   Data           8  lib.o(.data)
    gatt_default_handler_new                 0x1000578c   Data           8  lib.o(.data)
    smpc_default_handler_new                 0x10005794   Data           8  lib.o(.data)
    llm_default_handler_new                  0x1000579c   Data           8  lib.o(.data)
    llc_default_handler_new                  0x100057a4   Data           8  lib.o(.data)
    .data                                    0x1000585c   Section        4  rand.o(.data)
    _rand_state                              0x1000585c   Data           4  rand.o(.data)
    .data                                    0x10005860   Section        4  errno.o(.data)
    _errno                                   0x10005860   Data           4  errno.o(.data)
    .bss                                     0x10005864   Section     1748  app_main.o(.bss)
    ble_heap                                 0x10005864   Data        1748  app_main.o(.bss)
    .bss                                     0x10005f38   Section      204  usr_design.o(.bss)
    .bss                                     0x10006004   Section      252  app_env.o(.bss)
    .bss                                     0x10006100   Section       10  blps.o(.bss)
    .bss                                     0x1000610a   Section       18  diss.o(.bss)
    .bss                                     0x1000611c   Section       48  uart.o(.bss)
    uart0_env                                0x1000611c   Data          24  uart.o(.bss)
    uart1_env                                0x10006134   Data          24  uart.o(.bss)
    .bss                                     0x1000614c   Section       12  rtc.o(.bss)
    .bss                                     0x10006158   Section       20  i2c.o(.bss)
    i2c_env                                  0x10006158   Data          20  i2c.o(.bss)
    .bss                                     0x1000616c   Section     1620  lib.o(.bss)
    l2cm_default_state_new                   0x1000616c   Data          72  lib.o(.bss)
    l2cc_default_state_new                   0x100061b4   Data          32  lib.o(.bss)
    gatt_idle_new                            0x100061d4   Data         256  lib.o(.bss)
    gatt_default_state_new                   0x100062d4   Data         288  lib.o(.bss)
    gatt_state_handler_new                   0x100063f4   Data          16  lib.o(.bss)
    atts_resource_init_state_new             0x10006404   Data          32  lib.o(.bss)
    atts_state_handler_new                   0x10006424   Data          24  lib.o(.bss)
    smpc_default_state_new                   0x1000643c   Data         200  lib.o(.bss)
    llm_default_state_new                    0x10006504   Data         304  lib.o(.bss)
    llc_default_state_new                    0x10006634   Data         296  lib.o(.bss)
    atts_patch_env                           0x1000675c   Data          36  lib.o(.bss)
    new_feature_ctrl                         0x10006780   Data          48  lib.o(.bss)
    llc_stopping_new                         0x100067b0   Data          16  lib.o(.bss)
    .bss                                     0x100067c0   Section       44  localtime_w.o(.bss)
    _tms                                     0x100067c0   Data          44  localtime_w.o(.bss)
    STACK                                    0x100067f0   Section      512  startup.o(STACK)

    Global Symbols

    Symbol Name                              Value     Ov Type        Size  Object(Section)

    BuildAttributes$$THM_ISAv3M$S$PE$A:L22$X:L11$S22$IEEE1$IW$USESV6$~STKCKD$USESV7$~SHL$OSPACE$ROPI$EBA8$MICROLIB$REQ8$PRES8$EABIv2 0x00000000   Number         0  anon$$obj.o ABSOLUTE
    __ARM_use_no_argv                        0x00000000   Number         0  app_main.o ABSOLUTE
    __use_no_errno                           0x00000000   Number         0  useno.o ABSOLUTE
    __use_no_exception_handling              0x00000000   Number         0  useno.o ABSOLUTE
    __use_no_fp                              0x00000000   Number         0  useno.o ABSOLUTE
    __use_no_heap                            0x00000000   Number         0  useno.o ABSOLUTE
    __use_no_heap_region                     0x00000000   Number         0  useno.o ABSOLUTE
    __use_no_semihosting                     0x00000000   Number         0  useno.o ABSOLUTE
    __use_no_semihosting_swi                 0x00000000   Number         0  useno.o ABSOLUTE
    __use_no_signal_handling                 0x00000000   Number         0  useno.o ABSOLUTE
    _printf_a                                0x00000000   Number         0  stubs.o ABSOLUTE
    _printf_c                                0x00000000   Number         0  stubs.o ABSOLUTE
    _printf_charcount                        0x00000000   Number         0  stubs.o ABSOLUTE
    _printf_d                                0x00000000   Number         0  stubs.o ABSOLUTE
    _printf_e                                0x00000000   Number         0  stubs.o ABSOLUTE
    _printf_f                                0x00000000   Number         0  stubs.o ABSOLUTE
    _printf_flags                            0x00000000   Number         0  stubs.o ABSOLUTE
    _printf_fp_dec                           0x00000000   Number         0  stubs.o ABSOLUTE
    _printf_fp_hex                           0x00000000   Number         0  stubs.o ABSOLUTE
    _printf_g                                0x00000000   Number         0  stubs.o ABSOLUTE
    _printf_i                                0x00000000   Number         0  stubs.o ABSOLUTE
    _printf_int_dec                          0x00000000   Number         0  stubs.o ABSOLUTE
    _printf_l                                0x00000000   Number         0  stubs.o ABSOLUTE
    _printf_lc                               0x00000000   Number         0  stubs.o ABSOLUTE
    _printf_ll                               0x00000000   Number         0  stubs.o ABSOLUTE
    _printf_lld                              0x00000000   Number         0  stubs.o ABSOLUTE
    _printf_lli                              0x00000000   Number         0  stubs.o ABSOLUTE
    _printf_llo                              0x00000000   Number         0  stubs.o ABSOLUTE
    _printf_llu                              0x00000000   Number         0  stubs.o ABSOLUTE
    _printf_llx                              0x00000000   Number         0  stubs.o ABSOLUTE
    _printf_longlong_dec                     0x00000000   Number         0  stubs.o ABSOLUTE
    _printf_longlong_hex                     0x00000000   Number         0  stubs.o ABSOLUTE
    _printf_longlong_oct                     0x00000000   Number         0  stubs.o ABSOLUTE
    _printf_ls                               0x00000000   Number         0  stubs.o ABSOLUTE
    _printf_mbtowc                           0x00000000   Number         0  stubs.o ABSOLUTE
    _printf_n                                0x00000000   Number         0  stubs.o ABSOLUTE
    _printf_o                                0x00000000   Number         0  stubs.o ABSOLUTE
    _printf_p                                0x00000000   Number         0  stubs.o ABSOLUTE
    _printf_percent                          0x00000000   Number         0  stubs.o ABSOLUTE
    _printf_pre_padding                      0x00000000   Number         0  stubs.o ABSOLUTE
    _printf_return_value                     0x00000000   Number         0  stubs.o ABSOLUTE
    _printf_s                                0x00000000   Number         0  stubs.o ABSOLUTE
    _printf_sizespec                         0x00000000   Number         0  stubs.o ABSOLUTE
    _printf_str                              0x00000000   Number         0  stubs.o ABSOLUTE
    _printf_truncate_signed                  0x00000000   Number         0  stubs.o ABSOLUTE
    _printf_truncate_unsigned                0x00000000   Number         0  stubs.o ABSOLUTE
    _printf_u                                0x00000000   Number         0  stubs.o ABSOLUTE
    _printf_wc                               0x00000000   Number         0  stubs.o ABSOLUTE
    _printf_wctomb                           0x00000000   Number         0  stubs.o ABSOLUTE
    _printf_widthprec                        0x00000000   Number         0  stubs.o ABSOLUTE
    _printf_x                                0x00000000   Number         0  stubs.o ABSOLUTE
    __cpp_initialize__aeabi_                  - Undefined Weak Reference
    __cxa_finalize                            - Undefined Weak Reference
    _clock_init                               - Undefined Weak Reference
    _microlib_exit                            - Undefined Weak Reference
    __Vectors_Size                           0x000000c0   Number         0  startup.o ABSOLUTE
    __Vectors                                0x10000000   Data           4  startup.o(RESET)
    __Vectors_End                            0x100000c0   Data           0  startup.o(RESET)
    __main                                   0x100000c1   Thumb Code     0  entry.o(.ARM.Collect$$$$00000000)
    _main_stk                                0x100000c1   Thumb Code     0  entry2.o(.ARM.Collect$$$$00000001)
    _main_scatterload                        0x100000c5   Thumb Code     0  entry5.o(.ARM.Collect$$$$00000004)
    __main_after_scatterload                 0x100000c9   Thumb Code     0  entry5.o(.ARM.Collect$$$$00000004)
    _main_clock                              0x100000c9   Thumb Code     0  entry7b.o(.ARM.Collect$$$$00000008)
    _main_cpp_init                           0x100000c9   Thumb Code     0  entry8b.o(.ARM.Collect$$$$0000000A)
    _main_init                               0x100000c9   Thumb Code     0  entry9a.o(.ARM.Collect$$$$0000000B)
    __rt_final_cpp                           0x100000d1   Thumb Code     0  entry10a.o(.ARM.Collect$$$$0000000D)
    __rt_final_exit                          0x100000d1   Thumb Code     0  entry11a.o(.ARM.Collect$$$$0000000F)
    Reset_Handler                            0x100000d5   Thumb Code    14  startup.o(.text)
    NMI_Handler                              0x100000e3   Thumb Code     2  startup.o(.text)
    HardFault_Handler                        0x100000e5   Thumb Code     2  startup.o(.text)
    MemManage_Handler                        0x100000e7   Thumb Code     2  startup.o(.text)
    BusFault_Handler                         0x100000e9   Thumb Code     2  startup.o(.text)
    UsageFault_Handler                       0x100000eb   Thumb Code     2  startup.o(.text)
    SVC_Handler                              0x100000ed   Thumb Code     2  startup.o(.text)
    DebugMon_Handler                         0x100000ef   Thumb Code     2  startup.o(.text)
    PendSV_Handler                           0x100000f1   Thumb Code     2  startup.o(.text)
    SysTick_Handler                          0x100000f3   Thumb Code     2  startup.o(.text)
    ACMP0_IRQHandler                         0x100000f5   Thumb Code     0  startup.o(.text)
    ACMP1_IRQHandler                         0x100000f5   Thumb Code     0  startup.o(.text)
    ADC_IRQHandler                           0x100000f5   Thumb Code     0  startup.o(.text)
    CALIB_IRQHandler                         0x100000f5   Thumb Code     0  startup.o(.text)
    DMA_IRQHandler                           0x100000f5   Thumb Code     0  startup.o(.text)
    I2C_IRQHandler                           0x100000f5   Thumb Code     0  startup.o(.text)
    PWM0_IRQHandler                          0x100000f5   Thumb Code     0  startup.o(.text)
    PWM1_IRQHandler                          0x100000f5   Thumb Code     0  startup.o(.text)
    SPI0_IRQHandler                          0x100000f5   Thumb Code     0  startup.o(.text)
    SPI1_IRQHandler                          0x100000f5   Thumb Code     0  startup.o(.text)
    TUNER_RX_IRQHandler                      0x100000f5   Thumb Code     0  startup.o(.text)
    TUNER_SETTING_IRQHandler                 0x100000f5   Thumb Code     0  startup.o(.text)
    TUNER_TX_IRQHandler                      0x100000f5   Thumb Code     0  startup.o(.text)
    UART1_RX_IRQHandler                      0x100000f5   Thumb Code     0  startup.o(.text)
    UART1_TX_IRQHandler                      0x100000f5   Thumb Code     0  startup.o(.text)
    __aeabi_lmul                             0x10000105   Thumb Code   166  math.o(.text)
    __aeabi_uldivmod                         0x100001ab   Thumb Code   256  math.o(.text)
    __aeabi_uidiv                            0x100002ab   Thumb Code     0  uidiv.o(.text)
    __aeabi_uidivmod                         0x100002ab   Thumb Code    44  uidiv.o(.text)
    rand                                     0x100002d9   Thumb Code    18  rand.o(.text)
    srand                                    0x100002eb   Thumb Code     6  rand.o(.text)
    __aeabi_memcpy                           0x100002fd   Thumb Code    36  memcpya.o(.text)
    __aeabi_memcpy4                          0x100002fd   Thumb Code     0  memcpya.o(.text)
    __aeabi_memcpy8                          0x100002fd   Thumb Code     0  memcpya.o(.text)
    __aeabi_memset                           0x10000321   Thumb Code    14  memseta.o(.text)
    __aeabi_memset4                          0x10000321   Thumb Code     0  memseta.o(.text)
    __aeabi_memset8                          0x10000321   Thumb Code     0  memseta.o(.text)
    __aeabi_memclr                           0x1000032f   Thumb Code     4  memseta.o(.text)
    __aeabi_memclr4                          0x1000032f   Thumb Code     0  memseta.o(.text)
    __aeabi_memclr8                          0x1000032f   Thumb Code     0  memseta.o(.text)
    _memset$wrapper                          0x10000333   Thumb Code    18  memseta.o(.text)
    memcmp                                   0x10000345   Thumb Code    26  memcmp.o(.text)
    strcpy                                   0x1000035f   Thumb Code    18  strcpy.o(.text)
    atoi                                     0x10000371   Thumb Code    26  atoi.o(.text)
    localtime                                0x1000038d   Thumb Code    10  localtime_w.o(.text)
    _localtime                               0x1000039d   Thumb Code   104  localtime_i.o(.text)
    strtol                                   0x10000411   Thumb Code   108  strtol.o(.text)
    __scatterload                            0x10000481   Thumb Code    28  init.o(.text)
    __scatterload_rt2                        0x10000481   Thumb Code     0  init.o(.text)
    __rt_ctype_table                         0x100004a5   Thumb Code     4  ctype_o.o(.text)
    _strtoul                                 0x100004ad   Thumb Code   166  _strtoul.o(.text)
    _chval                                   0x10000553   Thumb Code    30  _chval.o(.text)
    __decompress                             0x10000571   Thumb Code     0  __dczerorl2.o(.text)
    __decompress1                            0x10000571   Thumb Code    86  __dczerorl2.o(.text)
    __rd_reg                                 0x100005c9   Thumb Code     6  math.o(REG_ACCESS_SECTION)
    __wr_reg                                 0x100005d1   Thumb Code     6  math.o(REG_ACCESS_SECTION)
    __wr_reg_with_msk                        0x100005d9   Thumb Code    14  math.o(REG_ACCESS_SECTION)
    BLE_IRQHandler                           0x100005e9   Thumb Code   152  lib.o(i.BLE_IRQHandler)
    GPIO_IRQHandler                          0x10000699   Thumb Code    64  gpio.o(i.GPIO_IRQHandler)
    I2C_BYTE_READ                            0x100006e9   Thumb Code    40  i2c.o(i.I2C_BYTE_READ)
    I2C_BYTE_WRITE                           0x10000715   Thumb Code    32  i2c.o(i.I2C_BYTE_WRITE)
    OSC_EN_IRQHandler                        0x10000739   Thumb Code    44  sleep.o(i.OSC_EN_IRQHandler)
    RTC_CAP_IRQHandler                       0x10000775   Thumb Code    46  rtc.o(i.RTC_CAP_IRQHandler)
    RTC_IRQHandler                           0x100007ad   Thumb Code    40  rtc.o(i.RTC_IRQHandler)
    SystemInit                               0x100007d9   Thumb Code   252  system.o(i.SystemInit)
    TIMER0_IRQHandler                        0x100008f5   Thumb Code    70  timer.o(i.TIMER0_IRQHandler)
    TIMER1_IRQHandler                        0x10000945   Thumb Code    70  timer.o(i.TIMER1_IRQHandler)
    TIMER2_IRQHandler                        0x10000995   Thumb Code    70  timer.o(i.TIMER2_IRQHandler)
    TIMER3_IRQHandler                        0x100009e5   Thumb Code    70  timer.o(i.TIMER3_IRQHandler)
    UART0_RX_IRQHandler                      0x10000a35   Thumb Code   106  uart.o(i.UART0_RX_IRQHandler)
    UART0_TX_IRQHandler                      0x10000aa9   Thumb Code    66  uart.o(i.UART0_TX_IRQHandler)
    UartPutc                                 0x10000af5   Thumb Code    38  uart.o(i.UartPutc)
    WDT_IRQHandler                           0x10000b21   Thumb Code    18  wdt.o(i.WDT_IRQHandler)
    __0printf$8                              0x10000b39   Thumb Code    24  printf8.o(i.__0printf$8)
    __1printf$8                              0x10000b39   Thumb Code     0  printf8.o(i.__0printf$8)
    __2printf                                0x10000b39   Thumb Code     0  printf8.o(i.__0printf$8)
    __ARM_common_switch8                     0x10000b59   Thumb Code    26  app_gap_task.o(i.__ARM_common_switch8)
    __aeabi_errno_addr                       0x10000b75   Thumb Code     4  errno.o(i.__aeabi_errno_addr)
    __rt_errno_addr                          0x10000b75   Thumb Code     0  errno.o(i.__aeabi_errno_addr)
    __nvds_get                               0x10000b7d   Thumb Code    46  lib.o(i.__nvds_get)
    __scatterload_copy                       0x10000c91   Thumb Code    14  handlers.o(i.__scatterload_copy)
    __scatterload_null                       0x10000c9f   Thumb Code     2  handlers.o(i.__scatterload_null)
    __scatterload_zeroinit                   0x10000ca1   Thumb Code    14  handlers.o(i.__scatterload_zeroinit)
    app_add_bonded_dev                       0x1000116d   Thumb Code    32  app_util.o(i.app_add_bonded_dev)
    app_blps_blood_send_handler              0x10001191   Thumb Code    64  usr_design.o(i.app_blps_blood_send_handler)
    app_blps_cfg_indntf_ind_handler          0x100011e1   Thumb Code    78  app_blps_task.o(i.app_blps_cfg_indntf_ind_handler)
    app_blps_create_db                       0x1000125d   Thumb Code    26  app_blps.o(i.app_blps_create_db)
    app_blps_create_db_cfm_handler           0x10001281   Thumb Code    18  app_blps_task.o(i.app_blps_create_db_cfm_handler)
    app_blps_disable_ind_handler             0x10001295   Thumb Code    20  app_blps_task.o(i.app_blps_disable_ind_handler)
    app_blps_enable_req                      0x100012ad   Thumb Code    50  app_blps.o(i.app_blps_enable_req)
    app_blps_error_ind_handler               0x100012e5   Thumb Code    12  app_blps_task.o(i.app_blps_error_ind_handler)
    app_blps_meas_send_cfm_handler           0x1000130d   Thumb Code    18  app_blps_task.o(i.app_blps_meas_send_cfm_handler)
    app_blps_pressure_send_req               0x100013b1   Thumb Code    46  app_blps.o(i.app_blps_pressure_send_req)
    app_button_timer_handler                 0x100013e9   Thumb Code   122  usr_design.o(i.app_button_timer_handler)
    app_clear_local_service_flag             0x1000148d   Thumb Code    10  app_util.o(i.app_clear_local_service_flag)
    app_create_server_service_DB             0x1000149d   Thumb Code    24  app_util.o(i.app_create_server_service_DB)
    app_diss_create_db                       0x100014bd   Thumb Code    26  app_diss.o(i.app_diss_create_db)
    app_diss_create_db_cfm_handler           0x100014dd   Thumb Code   184  app_diss_task.o(i.app_diss_create_db_cfm_handler)
    app_diss_enable_req                      0x100015e9   Thumb Code    30  app_diss.o(i.app_diss_enable_req)
    app_diss_error_ind_handler               0x10001611   Thumb Code     4  app_diss_task.o(i.app_diss_error_ind_handler)
    app_enable_server_service                0x10001615   Thumb Code    84  app_util.o(i.app_enable_server_service)
    app_event_button1_press_handler          0x10001671   Thumb Code    36  usr_design.o(i.app_event_button1_press_handler)
    app_find_bonded_dev                      0x100016a5   Thumb Code    50  app_util.o(i.app_find_bonded_dev)
    app_gap_adv_intv_update_timer_handler    0x100016e1   Thumb Code    64  usr_design.o(i.app_gap_adv_intv_update_timer_handler)
    app_gap_adv_req_cmp_evt_handler          0x1000172d   Thumb Code    34  app_gap_task.o(i.app_gap_adv_req_cmp_evt_handler)
    app_gap_adv_start_req                    0x10001775   Thumb Code   134  app_gap.o(i.app_gap_adv_start_req)
    app_gap_adv_stop_req                     0x10001805   Thumb Code    26  app_gap.o(i.app_gap_adv_stop_req)
    app_gap_bond_req_cmp_ind_handler         0x10001829   Thumb Code   110  app_gap_task.o(i.app_gap_bond_req_cmp_ind_handler)
    app_gap_bond_req_ind_handler             0x100018a1   Thumb Code    90  app_gap_task.o(i.app_gap_bond_req_ind_handler)
    app_gap_bond_resp                        0x10001905   Thumb Code    52  app_gap.o(i.app_gap_bond_resp)
    app_gap_change_param_req_cmp_handler     0x10001941   Thumb Code    44  app_gap_task.o(i.app_gap_change_param_req_cmp_handler)
    app_gap_discon_cmp_evt_handler           0x1000198d   Thumb Code    86  app_gap_task.o(i.app_gap_discon_cmp_evt_handler)
    app_gap_le_create_conn_req_cmp_evt_handler 0x10001a41   Thumb Code   104  app_gap_task.o(i.app_gap_le_create_conn_req_cmp_evt_handler)
    app_gap_param_update_req                 0x10001ae9   Thumb Code    42  app_gap.o(i.app_gap_param_update_req)
    app_gap_param_update_resp_handler        0x10001b1d   Thumb Code    46  app_gap_task.o(i.app_gap_param_update_resp_handler)
    app_gap_read_bdaddr_req                  0x10001b75   Thumb Code    10  app_gap.o(i.app_gap_read_bdaddr_req)
    app_gap_read_bdaddr_req_cmp_evt_handler  0x10001b89   Thumb Code    48  app_gap_task.o(i.app_gap_read_bdaddr_req_cmp_evt_handler)
    app_gap_read_ver_req                     0x10001bdd   Thumb Code    10  app_gap.o(i.app_gap_read_ver_req)
    app_gap_read_ver_req_cmp_evt_handler     0x10001bf1   Thumb Code    32  app_gap_task.o(i.app_gap_read_ver_req_cmp_evt_handler)
    app_gap_ready_evt_handler                0x10001c15   Thumb Code    24  app_gap_task.o(i.app_gap_ready_evt_handler)
    app_gap_reset_req_cmp_handler            0x10001c2d   Thumb Code    10  app_gap_task.o(i.app_gap_reset_req_cmp_handler)
    app_gap_set_bondable_mode_req            0x10001c39   Thumb Code    26  app_gap.o(i.app_gap_set_bondable_mode_req)
    app_gap_set_devname_req_cmp_evt_handler  0x10001c5d   Thumb Code    24  app_gap_task.o(i.app_gap_set_devname_req_cmp_evt_handler)
    app_gap_set_mode_req_cmp_evt_handler     0x10001c91   Thumb Code    66  app_gap_task.o(i.app_gap_set_mode_req_cmp_evt_handler)
    app_gap_set_privacy_req_cmp_handler      0x10001d25   Thumb Code    22  app_gap_task.o(i.app_gap_set_privacy_req_cmp_handler)
    app_gap_set_random_add_req_cmp_handler   0x10001d6d   Thumb Code    18  app_gap_task.o(i.app_gap_set_random_add_req_cmp_handler)
    app_gap_set_sec_req                      0x10001d9d   Thumb Code    30  app_gap.o(i.app_gap_set_sec_req)
    app_gap_set_sec_req_cmp_evt_handler      0x10001dc5   Thumb Code    32  app_gap_task.o(i.app_gap_set_sec_req_cmp_evt_handler)
    app_gatt_resource_access_req_handler     0x10001de9   Thumb Code    30  app_gap_task.o(i.app_gatt_resource_access_req_handler)
    app_get_bd_addr_by_conhdl                0x10001e11   Thumb Code    60  app_util.o(i.app_get_bd_addr_by_conhdl)
    app_get_bond_nb                          0x10001e51   Thumb Code     6  app_util.o(i.app_get_bond_nb)
    app_get_bond_status                      0x10001e5d   Thumb Code    30  app_util.o(i.app_get_bond_status)
    app_get_conhdl_by_idx                    0x10001e81   Thumb Code    30  app_util.o(i.app_get_conhdl_by_idx)
    app_get_link_status_by_idx               0x10001ea9   Thumb Code    24  app_util.o(i.app_get_link_status_by_idx)
    app_get_lk_sec_status                    0x10001ec5   Thumb Code    32  app_util.o(i.app_get_lk_sec_status)
    app_get_local_service_flag               0x10001ee9   Thumb Code     4  app_util.o(i.app_get_local_service_flag)
    app_get_role                             0x10001ef1   Thumb Code     6  app_util.o(i.app_get_role)
    app_i_to_array                           0x10001efd   Thumb Code    38  app_util.o(i.app_i_to_array)
    app_init                                 0x10001f25   Thumb Code   106  app_env.o(i.app_init)
    app_init_local_smp_key                   0x10001fa9   Thumb Code    22  app_util.o(i.app_init_local_smp_key)
    app_led_timer_handler                    0x10001fc5   Thumb Code    56  usr_design.o(i.app_led_timer_handler)
    app_set_adv_data                         0x10002009   Thumb Code    90  app_util.o(i.app_set_adv_data)
    app_set_char_val_req                     0x10002075   Thumb Code    46  app_diss.o(i.app_set_char_val_req)
    app_set_link_status_by_conhdl            0x100020ad   Thumb Code    90  app_util.o(i.app_set_link_status_by_conhdl)
    app_set_role                             0x1000210d   Thumb Code     6  app_util.o(i.app_set_role)
    app_set_scan_rsp_data                    0x10002119   Thumb Code   128  app_util.o(i.app_set_scan_rsp_data)
    app_smpc_chk_bd_addr_req_ind_handler     0x100022d9   Thumb Code    66  app_smp_task.o(i.app_smpc_chk_bd_addr_req_ind_handler)
    app_smpc_chk_bd_addr_req_rsp             0x10002321   Thumb Code    56  app_smp.o(i.app_smpc_chk_bd_addr_req_rsp)
    app_smpc_irk_req_ind_handler             0x10002361   Thumb Code   138  app_smp_task.o(i.app_smpc_irk_req_ind_handler)
    app_smpc_irk_req_rsp                     0x10002419   Thumb Code    66  app_smp.o(i.app_smpc_irk_req_rsp)
    app_smpc_key_ind_handler                 0x10002465   Thumb Code   136  app_smp_task.o(i.app_smpc_key_ind_handler)
    app_smpc_ltk_req_ind_handler             0x10002511   Thumb Code   194  app_smp_task.o(i.app_smpc_ltk_req_ind_handler)
    app_smpc_ltk_req_rsp                     0x1000260d   Thumb Code    74  app_smp.o(i.app_smpc_ltk_req_rsp)
    app_smpc_sec_started_ind_handler         0x10002661   Thumb Code    38  app_smp_task.o(i.app_smpc_sec_started_ind_handler)
    app_smpc_timeout_evt_handler             0x1000268d   Thumb Code    36  app_smp_task.o(i.app_smpc_timeout_evt_handler)
    app_smpc_tk_req_ind_handler              0x100026d1   Thumb Code    76  app_smp_task.o(i.app_smpc_tk_req_ind_handler)
    app_smpc_tk_req_rsp                      0x10002755   Thumb Code    50  app_smp.o(i.app_smpc_tk_req_rsp)
    app_smpm_set_key_cfm_handler             0x10002791   Thumb Code    32  app_smp_task.o(i.app_smpm_set_key_cfm_handler)
    app_smpm_set_key_req                     0x100027b5   Thumb Code    42  app_smp.o(i.app_smpm_set_key_req)
    app_task_msg_hdl                         0x100027e9   Thumb Code   278  usr_design.o(i.app_task_msg_hdl)
    app_uart_init                            0x1000292d   Thumb Code     2  app_sys.o(i.app_uart_init)
    assert_err                               0x10002931   Thumb Code    20  app_main.o(i.assert_err)
    ble_ext_wakeup_allow                     0x100029f5   Thumb Code    38  lib.o(i.ble_ext_wakeup_allow)
    ble_hw_sleep                             0x10002a21   Thumb Code    22  lib.o(i.ble_hw_sleep)
    ble_init                                 0x10002a39   Thumb Code   260  lib.o(i.ble_init)
    blps_disable                             0x10002c0d   Thumb Code    78  blps.o(i.blps_disable)
    blps_init                                0x10002d25   Thumb Code    24  blps.o(i.blps_init)
    blps_meas_send_cfm_send                  0x10002d45   Thumb Code    32  blps.o(i.blps_meas_send_cfm_send)
    blps_pack_meas_value                     0x10002e15   Thumb Code   124  blps.o(i.blps_pack_meas_value)
    button_init                              0x10002e91   Thumb Code    36  button.o(i.button_init)
    calibration_init                         0x10002ed1   Thumb Code   130  calibration.o(i.calibration_init)
    config_work_mode                         0x10002f89   Thumb Code    90  lib.o(i.config_work_mode)
    dc_dc_enable                             0x10003001   Thumb Code    54  lib.o(i.dc_dc_enable)
    diss_check_val_len                       0x10003099   Thumb Code    42  diss.o(i.diss_check_val_len)
    diss_compute_cfg_flag                    0x100030c3   Thumb Code    38  diss.o(i.diss_compute_cfg_flag)
    diss_disable                             0x1000315d   Thumb Code    44  diss.o(i.diss_disable)
    diss_init                                0x100031e9   Thumb Code    24  diss.o(i.diss_init)
    fputc                                    0x1000326f   Thumb Code    10  retarget.o(i.fputc)
    gpio_enable_interrupt                    0x10003591   Thumb Code     8  gpio.o(i.gpio_enable_interrupt)
    gpio_init                                0x10003599   Thumb Code    24  gpio.o(i.gpio_init)
    gpio_interrupt_callback                  0x100035bd   Thumb Code    26  usr_design.o(i.gpio_interrupt_callback)
    gpio_read_pin                            0x100035d7   Thumb Code    20  gpio.o(i.gpio_read_pin)
    gpio_set_direction                       0x100035eb   Thumb Code    16  gpio.o(i.gpio_set_direction)
    gpio_set_direction_field                 0x100035fb   Thumb Code    14  gpio.o(i.gpio_set_direction_field)
    gpio_wakeup_config                       0x10003609   Thumb Code    92  gpio.o(i.gpio_wakeup_config)
    gpio_write_pin                           0x10003669   Thumb Code    28  gpio.o(i.gpio_write_pin)
    i2c_bus_check                            0x10003689   Thumb Code    32  i2c.o(i.i2c_bus_check)
    i2c_init                                 0x100036bd   Thumb Code    56  i2c.o(i.i2c_init)
    i2c_polling                              0x10003701   Thumb Code   270  i2c.o(i.i2c_polling)
    is_flash_present                         0x10003955   Thumb Code    26  serialflash.o(i.is_flash_present)
    ke_schedule                              0x10003975   Thumb Code    60  lib.o(i.ke_schedule)
    ke_time                                  0x100039c1   Thumb Code    12  lib.o(i.ke_time)
    led_get                                  0x10003aa5   Thumb Code    46  led.o(i.led_get)
    led_init                                 0x10003ad3   Thumb Code    56  led.o(i.led_init)
    led_set                                  0x10003b0b   Thumb Code    40  led.o(i.led_set)
    main                                     0x10003dfd   Thumb Code   134  app_main.o(i.main)
    plf_init                                 0x10004065   Thumb Code   708  lib.o(i.plf_init)
    power_off_flash                          0x100043f1   Thumb Code    34  serialflash.o(i.power_off_flash)
    power_on_flash                           0x10004419   Thumb Code    60  serialflash.o(i.power_on_flash)
    prf_dispatch_disconnect                  0x100045dd   Thumb Code    52  prf_utils.o(i.prf_dispatch_disconnect)
    prf_init                                 0x10004619   Thumb Code    18  prf_utils.o(i.prf_init)
    prf_pack_date_time                       0x10004631   Thumb Code    32  prf_utils.o(i.prf_pack_date_time)
    prf_server_error_ind_send                0x10004651   Thumb Code    38  prf_utils.o(i.prf_server_error_ind_send)
    read_flash_id                            0x1000467d   Thumb Code    10  serialflash.o(i.read_flash_id)
    ref_pll_calibration                      0x1000468d   Thumb Code    44  calibration.o(i.ref_pll_calibration)
    restore_ble_dev_mode_flag                0x100046c1   Thumb Code    38  lib.o(i.restore_ble_dev_mode_flag)
    rtc_time_get                             0x10004705   Thumb Code    24  rtc.o(i.rtc_time_get)
    set_dbg_info                             0x100047b5   Thumb Code    10  lib.o(i.set_dbg_info)
    sleep_init                               0x100047c5   Thumb Code    36  sleep.o(i.sleep_init)
    store_ble_dev_mode_flag                  0x100048bd   Thumb Code     6  lib.o(i.store_ble_dev_mode_flag)
    syscon_set_ahb_clk                       0x10004919   Thumb Code    48  syscon.o(i.syscon_set_ahb_clk)
    syscon_set_apb_clk                       0x10004951   Thumb Code    46  syscon.o(i.syscon_set_apb_clk)
    syscon_set_ble_clk                       0x10004985   Thumb Code    56  syscon.o(i.syscon_set_ble_clk)
    syscon_set_sysclk_src                    0x100049c5   Thumb Code   154  syscon.o(i.syscon_set_sysclk_src)
    syscon_set_timer_clk                     0x10004a81   Thumb Code    38  syscon.o(i.syscon_set_timer_clk)
    syscon_set_usart_clk                     0x10004aad   Thumb Code    92  syscon.o(i.syscon_set_usart_clk)
    task_app_desc_register                   0x10004b1d   Thumb Code    44  app_task.o(i.task_app_desc_register)
    task_blps_desc_register                  0x10004bdd   Thumb Code    44  blps_task.o(i.task_blps_desc_register)
    task_diss_desc_register                  0x10004c15   Thumb Code    44  diss_task.o(i.task_diss_desc_register)
    uart_init                                0x10004d91   Thumb Code   124  uart.o(i.uart_init)
    usr_button1_cb                           0x10004e91   Thumb Code    34  usr_design.o(i.usr_button1_cb)
    usr_button2_cb                           0x10004ec1   Thumb Code    38  usr_design.o(i.usr_button2_cb)
    usr_init                                 0x10004f01   Thumb Code    58  usr_design.o(i.usr_init)
    wakeup_32k_xtal_start_timer              0x10004fb5   Thumb Code    10  sleep.o(i.wakeup_32k_xtal_start_timer)
    wakeup_32k_xtal_switch_clk               0x10004fc9   Thumb Code    76  sleep.o(i.wakeup_32k_xtal_switch_clk)
    wakeup_by_sleep_timer                    0x1000501d   Thumb Code    92  sleep.o(i.wakeup_by_sleep_timer)
    wdt_irq_clear                            0x10005085   Thumb Code    32  wdt.o(i.wdt_irq_clear)
    app_default_state                        0x100050bc   Data         312  app_task.o(.constdata)
    app_default_handler                      0x100051f4   Data           8  app_task.o(.constdata)
    app_state_handler                        0x100051fc   Data          40  app_task.o(.constdata)
    blps_att_db                              0x10005224   Data         108  blps.o(.constdata)
    blps_bps_svc                             0x10005290   Data           2  blps.o(.constdata)
    blps_bp_meas_char                        0x10005292   Data           5  blps.o(.constdata)
    blps_interm_cuff_press_char              0x10005297   Data           5  blps.o(.constdata)
    blps_bp_feature_char                     0x1000529c   Data           5  blps.o(.constdata)
    blps_disabled                            0x100052a4   Data           8  blps_task.o(.constdata)
    blps_idle                                0x100052ac   Data           8  blps_task.o(.constdata)
    blps_connected                           0x100052b4   Data          32  blps_task.o(.constdata)
    blps_default_state                       0x100052d4   Data           8  blps_task.o(.constdata)
    blps_default_handler                     0x100052dc   Data           8  blps_task.o(.constdata)
    blps_state_handler                       0x100052e4   Data          24  blps_task.o(.constdata)
    diss_att_db                              0x100052fc   Data         228  diss.o(.constdata)
    diss_dis_svc                             0x100053e0   Data           2  diss.o(.constdata)
    diss_manufacturer_name_char              0x100053e2   Data           5  diss.o(.constdata)
    diss_model_nb_str_char                   0x100053e7   Data           5  diss.o(.constdata)
    diss_serial_nb_str_char                  0x100053ec   Data           5  diss.o(.constdata)
    diss_hard_rev_str_char                   0x100053f1   Data           5  diss.o(.constdata)
    diss_firm_rev_str_char                   0x100053f6   Data           5  diss.o(.constdata)
    diss_sw_rev_str_char                     0x100053fb   Data           5  diss.o(.constdata)
    diss_system_id_char                      0x10005400   Data           5  diss.o(.constdata)
    diss_ieee_char                           0x10005405   Data           5  diss.o(.constdata)
    diss_pnp_id_char                         0x1000540a   Data           5  diss.o(.constdata)
    diss_disabled                            0x10005410   Data           8  diss_task.o(.constdata)
    diss_idle                                0x10005418   Data          16  diss_task.o(.constdata)
    diss_default_state                       0x10005428   Data           8  diss_task.o(.constdata)
    diss_default_handler                     0x10005430   Data           8  diss_task.o(.constdata)
    diss_state_handler                       0x10005438   Data          24  diss_task.o(.constdata)
    uart_divider                             0x10005450   Data          51  uart.o(.constdata)
    __ctype_table                            0x100054a0   Data         129  ctype_o.o(.constdata)
    Region$$Table$$Base                      0x100056b0   Number         0  anon$$obj.o(Region$$Table)
    Region$$Table$$Limit                     0x100056e0   Number         0  anon$$obj.o(Region$$Table)
    usr_env                                  0x100056e0   Data           4  usr_design.o(.data)
    app_state                                0x100056e4   Data           2  app_task.o(.data)
    app_blps_env                             0x100056e8   Data           4  app_blps_task.o(.data)
    app_diss_env                             0x100056ec   Data           4  app_diss_task.o(.data)
    blps_state                               0x100056f0   Data           2  blps_task.o(.data)
    diss_state                               0x100056f2   Data           2  diss_task.o(.data)
    low_power_mode_en                        0x100056f8   Data           1  sleep.o(.data)
    ahb_clock_flag                           0x100056fc   Data           4  sleep.o(.data)
    PGCR1_restore                            0x10005700   Data           4  sleep.o(.data)
    sleep_env                                0x10005704   Data          20  sleep.o(.data)
    g_SystemClock                            0x10005718   Data           4  syscon.o(.data)
    g_AhbClock                               0x1000571c   Data           4  syscon.o(.data)
    g_ApbClock                               0x10005720   Data           4  syscon.o(.data)
    reset_test                               0x10005724   Data           4  wdt.o(.data)
    timer0_env                               0x10005728   Data           8  timer.o(.data)
    timer1_env                               0x10005730   Data           8  timer.o(.data)
    timer2_env                               0x10005738   Data           8  timer.o(.data)
    timer3_env                               0x10005740   Data           8  timer.o(.data)
    rtc_capture_env                          0x10005748   Data           4  rtc.o(.data)
    g_flash_cmd                              0x1000574c   Data           8  serialflash.o(.data)
    __stdout                                 0x10005754   Data           4  retarget.o(.data)
    ble_dev_flag                             0x10005764   Data           2  lib.o(.data)
    ke_env                                   0x10005768   Data           4  lib.o(.data)
    ke_evt_hdlr                              0x1000576c   Data           4  lib.o(.data)
    llc_state_handler_new                    0x100057ac   Data         176  lib.o(.data)
    i2cbuffer                                0x10005f38   Data         104  usr_design.o(.bss)
    buffer                                   0x10005fa0   Data         100  usr_design.o(.bss)
    app_env                                  0x10006004   Data         252  app_env.o(.bss)
    blps_env                                 0x10006100   Data          10  blps.o(.bss)
    diss_env                                 0x1000610a   Data          18  diss.o(.bss)
    rtc_env                                  0x1000614c   Data          12  rtc.o(.bss)
    __initial_sp                             0x100069f0   Data           0  startup.o(STACK)



==============================================================================

Memory Map of the image

  Image Entry point : 0x100000c1

  Load Region LR_ROM1 (Base: 0x10000000, Size: 0x00005864, Max: 0x0000cdb0, ABSOLUTE, COMPRESSED[0x0000573c])

    Execution Region APP_CODE (Base: 0x10000000, Size: 0x000069f0, Max: 0x0000cdb0, ABSOLUTE, COMPRESSED[0x0000005c])

    Base Addr    Size         Type   Attr      Idx    E Section Name        Object

    0x10000000   0x000000c0   Data   RO            3    RESET               startup.o
    0x100000c0   0x00000000   Code   RO         2901  * .ARM.Collect$$$$00000000  mc_p.l(entry.o)
    0x100000c0   0x00000004   Code   RO         3193    .ARM.Collect$$$$00000001  mc_p.l(entry2.o)
    0x100000c4   0x00000004   Code   RO         3196    .ARM.Collect$$$$00000004  mc_p.l(entry5.o)
    0x100000c8   0x00000000   Code   RO         3198    .ARM.Collect$$$$00000008  mc_p.l(entry7b.o)
    0x100000c8   0x00000000   Code   RO         3200    .ARM.Collect$$$$0000000A  mc_p.l(entry8b.o)
    0x100000c8   0x00000008   Code   RO         3201    .ARM.Collect$$$$0000000B  mc_p.l(entry9a.o)
    0x100000d0   0x00000000   Code   RO         3203    .ARM.Collect$$$$0000000D  mc_p.l(entry10a.o)
    0x100000d0   0x00000000   Code   RO         3205    .ARM.Collect$$$$0000000F  mc_p.l(entry11a.o)
    0x100000d0   0x00000004   Code   RO         3194    .ARM.Collect$$$$00002712  mc_p.l(entry2.o)
    0x100000d4   0x00000030   Code   RO            4    .text               startup.o
    0x10000104   0x000001a6   Code   RO         2851    .text               qn9020b2_lib_peripheral.lib(math.o)
    0x100002aa   0x0000002c   Code   RO         2904    .text               mc_p.l(uidiv.o)
    0x100002d6   0x00000002   PAD
    0x100002d8   0x00000024   Code   RO         2910    .text               mc_p.l(rand.o)
    0x100002fc   0x00000024   Code   RO         2920    .text               mc_p.l(memcpya.o)
    0x10000320   0x00000024   Code   RO         2922    .text               mc_p.l(memseta.o)
    0x10000344   0x0000001a   Code   RO         2924    .text               mc_p.l(memcmp.o)
    0x1000035e   0x00000012   Code   RO         2926    .text               mc_p.l(strcpy.o)
    0x10000370   0x0000001a   Code   RO         3191    .text               mc_p.l(atoi.o)
    0x1000038a   0x00000002   PAD
    0x1000038c   0x00000010   Code   RO         3207    .text               mc_p.l(localtime_w.o)
    0x1000039c   0x00000074   Code   RO         3210    .text               mc_p.l(localtime_i.o)
    0x10000410   0x00000070   Code   RO         3220    .text               mc_p.l(strtol.o)
    0x10000480   0x00000024   Code   RO         3233    .text               mc_p.l(init.o)
    0x100004a4   0x00000008   Code   RO         3239    .text               mc_p.l(ctype_o.o)
    0x100004ac   0x000000a6   Code   RO         3267    .text               mc_p.l(_strtoul.o)
    0x10000552   0x0000001e   Code   RO         3273    .text               mc_p.l(_chval.o)
    0x10000570   0x00000056   Code   RO         3283    .text               mc_p.l(__dczerorl2.o)
    0x100005c6   0x00000002   PAD
    0x100005c8   0x0000001e   Code   RO         2850    REG_ACCESS_SECTION  qn9020b2_lib_peripheral.lib(math.o)
    0x100005e6   0x00000002   PAD
    0x100005e8   0x000000b0   Code   RO         2666    i.BLE_IRQHandler    qn9020b2_lib_peripheral.lib(lib.o)
    0x10000698   0x00000050   Code   RO         1733    i.GPIO_IRQHandler   gpio.o
    0x100006e8   0x0000002c   Code   RO         2449    i.I2C_BYTE_READ     i2c.o
    0x10000714   0x00000024   Code   RO         2451    i.I2C_BYTE_WRITE    i2c.o
    0x10000738   0x0000003c   Code   RO         1849    i.OSC_EN_IRQHandler  sleep.o
    0x10000774   0x00000038   Code   RO         2255    i.RTC_CAP_IRQHandler  rtc.o
    0x100007ac   0x0000002c   Code   RO         2256    i.RTC_IRQHandler    rtc.o
    0x100007d8   0x0000011c   Code   RO          298    i.SystemInit        system.o
    0x100008f4   0x00000050   Code   RO         2144    i.TIMER0_IRQHandler  timer.o
    0x10000944   0x00000050   Code   RO         2145    i.TIMER1_IRQHandler  timer.o
    0x10000994   0x00000050   Code   RO         2146    i.TIMER2_IRQHandler  timer.o
    0x100009e4   0x00000050   Code   RO         2147    i.TIMER3_IRQHandler  timer.o
    0x10000a34   0x00000074   Code   RO         1599    i.UART0_RX_IRQHandler  uart.o
    0x10000aa8   0x0000004c   Code   RO         1600    i.UART0_TX_IRQHandler  uart.o
    0x10000af4   0x0000002c   Code   RO         1602    i.UartPutc          uart.o
    0x10000b20   0x00000018   Code   RO         2091    i.WDT_IRQHandler    wdt.o
    0x10000b38   0x00000020   Code   RO         3137    i.__0printf$8       mc_p.l(printf8.o)
    0x10000b58   0x0000001a   Code   RO          992    i.__ARM_common_switch8  app_gap_task.o
    0x10000b72   0x00000002   PAD
    0x10000b74   0x00000008   Code   RO         3213    i.__aeabi_errno_addr  mc_p.l(errno.o)
    0x10000b7c   0x00000034   Code   RO         2668    i.__nvds_get        qn9020b2_lib_peripheral.lib(lib.o)
    0x10000bb0   0x000000e0   Code   RO         2671    i.__nvds_wrtie      qn9020b2_lib_peripheral.lib(lib.o)
    0x10000c90   0x0000000e   Code   RO         3277    i.__scatterload_copy  mc_p.l(handlers.o)
    0x10000c9e   0x00000002   Code   RO         3278    i.__scatterload_null  mc_p.l(handlers.o)
    0x10000ca0   0x0000000e   Code   RO         3279    i.__scatterload_zeroinit  mc_p.l(handlers.o)
    0x10000cae   0x00000002   PAD
    0x10000cb0   0x00000428   Code   RO         3144    i._printf_core      mc_p.l(printf8.o)
    0x100010d8   0x00000020   Code   RO         3145    i._printf_post_padding  mc_p.l(printf8.o)
    0x100010f8   0x0000002c   Code   RO         3146    i._printf_pre_padding  mc_p.l(printf8.o)
    0x10001124   0x00000048   Code   RO          723    i.app_32k_xtal_wakeup_timer  app_task.o
    0x1000116c   0x00000024   Code   RO          466    i.app_add_bonded_dev  app_util.o
    0x10001190   0x00000050   Code   RO          362    i.app_blps_blood_send_handler  usr_design.o
    0x100011e0   0x0000007c   Code   RO         1179    i.app_blps_cfg_indntf_ind_handler  app_blps_task.o
    0x1000125c   0x00000024   Code   RO         1147    i.app_blps_create_db  app_blps.o
    0x10001280   0x00000012   Code   RO         1180    i.app_blps_create_db_cfm_handler  app_blps_task.o
    0x10001292   0x00000002   PAD
    0x10001294   0x00000018   Code   RO         1181    i.app_blps_disable_ind_handler  app_blps_task.o
    0x100012ac   0x00000038   Code   RO         1148    i.app_blps_enable_req  app_blps.o
    0x100012e4   0x00000028   Code   RO         1182    i.app_blps_error_ind_handler  app_blps_task.o
    0x1000130c   0x00000018   Code   RO         1183    i.app_blps_meas_send_cfm_handler  app_blps_task.o
    0x10001324   0x0000008c   Code   RO          363    i.app_blps_pressure_send  usr_design.o
    0x100013b0   0x00000038   Code   RO         1149    i.app_blps_pressure_send_req  app_blps.o
    0x100013e8   0x000000a4   Code   RO          364    i.app_button_timer_handler  usr_design.o
    0x1000148c   0x00000010   Code   RO          468    i.app_clear_local_service_flag  app_util.o
    0x1000149c   0x00000020   Code   RO          469    i.app_create_server_service_DB  app_util.o
    0x100014bc   0x00000020   Code   RO         1233    i.app_diss_create_db  app_diss.o
    0x100014dc   0x0000010c   Code   RO         1265    i.app_diss_create_db_cfm_handler  app_diss_task.o
    0x100015e8   0x00000028   Code   RO         1234    i.app_diss_enable_req  app_diss.o
    0x10001610   0x00000004   Code   RO         1266    i.app_diss_error_ind_handler  app_diss_task.o
    0x10001614   0x0000005c   Code   RO          470    i.app_enable_server_service  app_util.o
    0x10001670   0x00000034   Code   RO          365    i.app_event_button1_press_handler  usr_design.o
    0x100016a4   0x0000003c   Code   RO          471    i.app_find_bonded_dev  app_util.o
    0x100016e0   0x0000004c   Code   RO          366    i.app_gap_adv_intv_update_timer_handler  usr_design.o
    0x1000172c   0x00000048   Code   RO          871    i.app_gap_adv_req_cmp_evt_handler  app_gap_task.o
    0x10001774   0x00000090   Code   RO          759    i.app_gap_adv_start_req  app_gap.o
    0x10001804   0x00000024   Code   RO          760    i.app_gap_adv_stop_req  app_gap.o
    0x10001828   0x00000078   Code   RO          872    i.app_gap_bond_req_cmp_ind_handler  app_gap_task.o
    0x100018a0   0x00000064   Code   RO          873    i.app_gap_bond_req_ind_handler  app_gap_task.o
    0x10001904   0x0000003c   Code   RO          762    i.app_gap_bond_resp  app_gap.o
    0x10001940   0x0000004c   Code   RO          874    i.app_gap_change_param_req_cmp_handler  app_gap_task.o
    0x1000198c   0x000000b4   Code   RO          875    i.app_gap_discon_cmp_evt_handler  app_gap_task.o
    0x10001a40   0x000000a8   Code   RO          876    i.app_gap_le_create_conn_req_cmp_evt_handler  app_gap_task.o
    0x10001ae8   0x00000034   Code   RO          764    i.app_gap_param_update_req  app_gap.o
    0x10001b1c   0x00000058   Code   RO          877    i.app_gap_param_update_resp_handler  app_gap_task.o
    0x10001b74   0x00000014   Code   RO          765    i.app_gap_read_bdaddr_req  app_gap.o
    0x10001b88   0x00000054   Code   RO          878    i.app_gap_read_bdaddr_req_cmp_evt_handler  app_gap_task.o
    0x10001bdc   0x00000014   Code   RO          766    i.app_gap_read_ver_req  app_gap.o
    0x10001bf0   0x00000024   Code   RO          879    i.app_gap_read_ver_req_cmp_evt_handler  app_gap_task.o
    0x10001c14   0x00000018   Code   RO          880    i.app_gap_ready_evt_handler  app_gap_task.o
    0x10001c2c   0x0000000a   Code   RO          881    i.app_gap_reset_req_cmp_handler  app_gap_task.o
    0x10001c36   0x00000002   PAD
    0x10001c38   0x00000024   Code   RO          769    i.app_gap_set_bondable_mode_req  app_gap.o
    0x10001c5c   0x00000034   Code   RO          882    i.app_gap_set_devname_req_cmp_evt_handler  app_gap_task.o
    0x10001c90   0x00000094   Code   RO          883    i.app_gap_set_mode_req_cmp_evt_handler  app_gap_task.o
    0x10001d24   0x00000048   Code   RO          884    i.app_gap_set_privacy_req_cmp_handler  app_gap_task.o
    0x10001d6c   0x00000030   Code   RO          885    i.app_gap_set_random_add_req_cmp_handler  app_gap_task.o
    0x10001d9c   0x00000028   Code   RO          773    i.app_gap_set_sec_req  app_gap.o
    0x10001dc4   0x00000024   Code   RO          886    i.app_gap_set_sec_req_cmp_evt_handler  app_gap_task.o
    0x10001de8   0x00000028   Code   RO          887    i.app_gatt_resource_access_req_handler  app_gap_task.o
    0x10001e10   0x00000040   Code   RO          472    i.app_get_bd_addr_by_conhdl  app_util.o
    0x10001e50   0x0000000c   Code   RO          474    i.app_get_bond_nb   app_util.o
    0x10001e5c   0x00000024   Code   RO          475    i.app_get_bond_status  app_util.o
    0x10001e80   0x00000028   Code   RO          477    i.app_get_conhdl_by_idx  app_util.o
    0x10001ea8   0x0000001c   Code   RO          478    i.app_get_link_status_by_idx  app_util.o
    0x10001ec4   0x00000024   Code   RO          479    i.app_get_lk_sec_status  app_util.o
    0x10001ee8   0x00000008   Code   RO          480    i.app_get_local_service_flag  app_util.o
    0x10001ef0   0x0000000c   Code   RO          482    i.app_get_role      app_util.o
    0x10001efc   0x00000026   Code   RO          483    i.app_i_to_array    app_util.o
    0x10001f22   0x00000002   PAD
    0x10001f24   0x00000084   Code   RO          621    i.app_init          app_env.o
    0x10001fa8   0x0000001c   Code   RO          484    i.app_init_local_smp_key  app_util.o
    0x10001fc4   0x00000044   Code   RO          367    i.app_led_timer_handler  usr_design.o
    0x10002008   0x0000006c   Code   RO          485    i.app_set_adv_data  app_util.o
    0x10002074   0x00000038   Code   RO         1235    i.app_set_char_val_req  app_diss.o
    0x100020ac   0x00000060   Code   RO          486    i.app_set_link_status_by_conhdl  app_util.o
    0x1000210c   0x0000000c   Code   RO          487    i.app_set_role      app_util.o
    0x10002118   0x00000088   Code   RO          488    i.app_set_scan_rsp_data  app_util.o
    0x100021a0   0x00000138   Code   RO          622    i.app_smp_init      app_env.o
    0x100022d8   0x00000048   Code   RO         1084    i.app_smpc_chk_bd_addr_req_ind_handler  app_smp_task.o
    0x10002320   0x00000040   Code   RO         1034    i.app_smpc_chk_bd_addr_req_rsp  app_smp.o
    0x10002360   0x000000b8   Code   RO         1085    i.app_smpc_irk_req_ind_handler  app_smp_task.o
    0x10002418   0x0000004c   Code   RO         1035    i.app_smpc_irk_req_rsp  app_smp.o
    0x10002464   0x000000ac   Code   RO         1086    i.app_smpc_key_ind_handler  app_smp_task.o
    0x10002510   0x000000fc   Code   RO         1087    i.app_smpc_ltk_req_ind_handler  app_smp_task.o
    0x1000260c   0x00000054   Code   RO         1036    i.app_smpc_ltk_req_rsp  app_smp.o
    0x10002660   0x0000002c   Code   RO         1088    i.app_smpc_sec_started_ind_handler  app_smp_task.o
    0x1000268c   0x00000044   Code   RO         1089    i.app_smpc_timeout_evt_handler  app_smp_task.o
    0x100026d0   0x00000084   Code   RO         1090    i.app_smpc_tk_req_ind_handler  app_smp_task.o
    0x10002754   0x0000003c   Code   RO         1038    i.app_smpc_tk_req_rsp  app_smp.o
    0x10002790   0x00000024   Code   RO         1091    i.app_smpm_set_key_cfm_handler  app_smp_task.o
    0x100027b4   0x00000034   Code   RO         1039    i.app_smpm_set_key_req  app_smp.o
    0x100027e8   0x00000144   Code   RO          368    i.app_task_msg_hdl  usr_design.o
    0x1000292c   0x00000002   Code   RO          703    i.app_uart_init     app_sys.o
    0x1000292e   0x00000002   PAD
    0x10002930   0x00000038   Code   RO           12    i.assert_err        app_main.o
    0x10002968   0x00000040   Code   RO         2675    i.atts_patch_env_clear  qn9020b2_lib_peripheral.lib(lib.o)
    0x100029a8   0x0000004c   Code   RO         2676    i.atts_req_error_ind_handler_patch  qn9020b2_lib_peripheral.lib(lib.o)
    0x100029f4   0x0000002c   Code   RO         2679    i.ble_ext_wakeup_allow  qn9020b2_lib_peripheral.lib(lib.o)
    0x10002a20   0x00000016   Code   RO         2680    i.ble_hw_sleep      qn9020b2_lib_peripheral.lib(lib.o)
    0x10002a36   0x00000002   PAD
    0x10002a38   0x00000158   Code   RO         2681    i.ble_init          qn9020b2_lib_peripheral.lib(lib.o)
    0x10002b90   0x0000007c   Code   RO         1418    i.blps_create_db_req_handler  blps_task.o
    0x10002c0c   0x00000064   Code   RO         1361    i.blps_disable      blps.o
    0x10002c70   0x000000b4   Code   RO         1419    i.blps_enable_req_handler  blps_task.o
    0x10002d24   0x00000020   Code   RO         1362    i.blps_init         blps.o
    0x10002d44   0x0000002c   Code   RO         1363    i.blps_meas_send_cfm_send  blps.o
    0x10002d70   0x000000a4   Code   RO         1420    i.blps_meas_send_req_handler  blps_task.o
    0x10002e14   0x0000007c   Code   RO         1364    i.blps_pack_meas_value  blps.o
    0x10002e90   0x00000024   Code   RO         2590    i.button_init       button.o
    0x10002eb4   0x00000008   Code   RO         2683    i.cal_cal_SetCAL0WithMask  qn9020b2_lib_peripheral.lib(lib.o)
    0x10002ebc   0x00000008   Code   RO         2858    i.cal_cal_SetCAL0WithMask  qn902xb2_lib_lite.lib(calibration.o)
    0x10002ec4   0x0000000a   Code   RO         2684    i.cal_cal_SetCAL1WithMask  qn9020b2_lib_peripheral.lib(lib.o)
    0x10002ece   0x00000002   PAD
    0x10002ed0   0x000000a0   Code   RO         2862    i.calibration_init  qn902xb2_lib_lite.lib(calibration.o)
    0x10002f70   0x00000010   Code   RO         2686    i.co_buf_rx_get     qn9020b2_lib_peripheral.lib(lib.o)
    0x10002f80   0x00000008   Code   RO         1365    i.co_write16p       blps.o
    0x10002f88   0x00000078   Code   RO         2688    i.config_work_mode  qn9020b2_lib_peripheral.lib(lib.o)
    0x10003000   0x00000040   Code   RO         2689    i.dc_dc_enable      qn9020b2_lib_peripheral.lib(lib.o)
    0x10003040   0x0000002c   Code   RO         2690    i.default_enter_sleep_cb  qn9020b2_lib_peripheral.lib(lib.o)
    0x1000306c   0x0000001c   Code   RO         2691    i.default_exit_sleep_cb  qn9020b2_lib_peripheral.lib(lib.o)
    0x10003088   0x00000010   Code   RO         2692    i.delay             qn9020b2_lib_peripheral.lib(lib.o)
    0x10003098   0x0000002a   Code   RO         1484    i.diss_check_val_len  diss.o
    0x100030c2   0x00000026   Code   RO         1485    i.diss_compute_cfg_flag  diss.o
    0x100030e8   0x00000074   Code   RO         1549    i.diss_create_db_req_handler  diss_task.o
    0x1000315c   0x00000040   Code   RO         1486    i.diss_disable      diss.o
    0x1000319c   0x0000004c   Code   RO         1550    i.diss_enable_req_handler  diss_task.o
    0x100031e8   0x00000020   Code   RO         1487    i.diss_init         diss.o
    0x10003208   0x00000054   Code   RO         1551    i.diss_set_char_val_req_handler  diss_task.o
    0x1000325c   0x00000010   Code   RO         2693    i.dp_dp_SetRegWithMask  qn9020b2_lib_peripheral.lib(lib.o)
    0x1000326c   0x00000002   Code   RO         2698    i.force_agc_enable_null  qn9020b2_lib_peripheral.lib(lib.o)
    0x1000326e   0x0000000a   Code   RO         2618    i.fputc             retarget.o
    0x10003278   0x00000018   Code   RO         1421    i.gap_discon_cmp_evt_handler  blps_task.o
    0x10003290   0x00000018   Code   RO         1552    i.gap_discon_cmp_evt_handler  diss_task.o
    0x100032a8   0x000000c8   Code   RO         2699    i.gap_discon_ind_handler_patch  qn9020b2_lib_peripheral.lib(lib.o)
    0x10003370   0x0000000c   Code   RO         1422    i.gatt_handle_value_cfm_handler  blps_task.o
    0x1000337c   0x0000000c   Code   RO         1423    i.gatt_notify_cmp_evt_handler  blps_task.o
    0x10003388   0x00000048   Code   RO         2700    i.gatt_read_char_req_handler_patch  qn9020b2_lib_peripheral.lib(lib.o)
    0x100033d0   0x000000fc   Code   RO         2702    i.gatt_write_char_req_handler_patch  qn9020b2_lib_peripheral.lib(lib.o)
    0x100034cc   0x000000c4   Code   RO         1424    i.gatt_write_cmd_ind_handler  blps_task.o
    0x10003590   0x00000008   Code   RO         1735    i.gpio_enable_interrupt  gpio.o
    0x10003598   0x00000024   Code   RO         1736    i.gpio_init         gpio.o
    0x100035bc   0x0000001a   Code   RO          369    i.gpio_interrupt_callback  usr_design.o
    0x100035d6   0x00000014   Code   RO         1739    i.gpio_read_pin     gpio.o
    0x100035ea   0x00000010   Code   RO         1741    i.gpio_set_direction  gpio.o
    0x100035fa   0x0000000e   Code   RO         1742    i.gpio_set_direction_field  gpio.o
    0x10003608   0x00000060   Code   RO         1746    i.gpio_wakeup_config  gpio.o
    0x10003668   0x00000020   Code   RO         1747    i.gpio_write_pin    gpio.o
    0x10003688   0x00000028   Code   RO         2457    i.i2c_bus_check     i2c.o
    0x100036b0   0x0000000a   Code   RO         2458    i.i2c_i2c_SetTXD    i2c.o
    0x100036ba   0x00000002   PAD
    0x100036bc   0x00000044   Code   RO         2459    i.i2c_init          i2c.o
    0x10003700   0x00000118   Code   RO         2460    i.i2c_polling       i2c.o
    0x10003818   0x00000098   Code   RO         2461    i.i2c_read          i2c.o
    0x100038b0   0x00000060   Code   RO         2462    i.i2c_write         i2c.o
    0x10003910   0x0000002c   Code   RO         2365    i.is_flash_busy     serialflash.o
    0x1000393c   0x00000018   Code   RO         2703    i.is_flash_off      qn9020b2_lib_peripheral.lib(lib.o)
    0x10003954   0x00000020   Code   RO         2366    i.is_flash_present  serialflash.o
    0x10003974   0x0000004c   Code   RO         2704    i.ke_schedule       qn9020b2_lib_peripheral.lib(lib.o)
    0x100039c0   0x00000010   Code   RO         2705    i.ke_time           qn9020b2_lib_peripheral.lib(lib.o)
    0x100039d0   0x0000005c   Code   RO         2707    i.l2cc_data_packet_ind_handler_patch  qn9020b2_lib_peripheral.lib(lib.o)
    0x10003a2c   0x00000078   Code   RO         2709    i.l2cc_data_send_rsp_handler_patch  qn9020b2_lib_peripheral.lib(lib.o)
    0x10003aa4   0x0000002e   Code   RO         2552    i.led_get           led.o
    0x10003ad2   0x00000038   Code   RO         2553    i.led_init          led.o
    0x10003b0a   0x00000028   Code   RO         2555    i.led_set           led.o
    0x10003b32   0x00000002   PAD
    0x10003b34   0x000000fc   Code   RO         2710    i.llc_data_packet_ind_handler_patch  qn9020b2_lib_peripheral.lib(lib.o)
    0x10003c30   0x0000009c   Code   RO         2711    i.llc_data_req_handler_patch  qn9020b2_lib_peripheral.lib(lib.o)
    0x10003ccc   0x0000002c   Code   RO         2712    i.llc_lld_stop_ind_handler_patch  qn9020b2_lib_peripheral.lib(lib.o)
    0x10003cf8   0x0000002c   Code   RO         2723    i.lld_sleep_init_patch  qn9020b2_lib_peripheral.lib(lib.o)
    0x10003d24   0x0000003c   Code   RO         2724    i.lld_sleep_lpcycles_2_us  qn9020b2_lib_peripheral.lib(lib.o)
    0x10003d60   0x0000009c   Code   RO         2725    i.llm_lld_data_ind_handler_patch  qn9020b2_lib_peripheral.lib(lib.o)
    0x10003dfc   0x000000a8   Code   RO           15    i.main              app_main.o
    0x10003ea4   0x00000040   Code   RO         2726    i.nvds_copy         qn9020b2_lib_peripheral.lib(lib.o)
    0x10003ee4   0x0000002c   Code   RO         2727    i.nvds_erase        qn9020b2_lib_peripheral.lib(lib.o)
    0x10003f10   0x00000094   Code   RO         2729    i.nvds_read         qn9020b2_lib_peripheral.lib(lib.o)
    0x10003fa4   0x00000070   Code   RO         2730    i.nvds_restore_backup  qn9020b2_lib_peripheral.lib(lib.o)
    0x10004014   0x0000004e   Code   RO         2731    i.nvds_write        qn9020b2_lib_peripheral.lib(lib.o)
    0x10004062   0x00000002   PAD
    0x10004064   0x00000380   Code   RO         2733    i.plf_init          qn9020b2_lib_peripheral.lib(lib.o)
    0x100043e4   0x0000000a   Code   RO         2734    i.plf_reset_cb      qn9020b2_lib_peripheral.lib(lib.o)
    0x100043ee   0x00000002   PAD
    0x100043f0   0x00000028   Code   RO         2367    i.power_off_flash   serialflash.o
    0x10004418   0x00000040   Code   RO         2368    i.power_on_flash    serialflash.o
    0x10004458   0x00000184   Code   RO         2735    i.powerup_calibration  qn9020b2_lib_peripheral.lib(lib.o)
    0x100045dc   0x0000003c   Code   RO         1301    i.prf_dispatch_disconnect  prf_utils.o
    0x10004618   0x00000018   Code   RO         1302    i.prf_init          prf_utils.o
    0x10004630   0x00000020   Code   RO         1303    i.prf_pack_date_time  prf_utils.o
    0x10004650   0x0000002c   Code   RO         1304    i.prf_server_error_ind_send  prf_utils.o
    0x1000467c   0x00000010   Code   RO         2370    i.read_flash_id     serialflash.o
    0x1000468c   0x00000034   Code   RO         2870    i.ref_pll_calibration  qn902xb2_lib_lite.lib(calibration.o)
    0x100046c0   0x00000038   Code   RO         2739    i.restore_ble_dev_mode_flag  qn9020b2_lib_peripheral.lib(lib.o)
    0x100046f8   0x0000000a   Code   RO         2264    i.rtc_rtc_GetSR     rtc.o
    0x10004702   0x00000002   PAD
    0x10004704   0x00000020   Code   RO         2266    i.rtc_time_get      rtc.o
    0x10004724   0x0000003c   Code   RO         2267    i.rtc_time_parse    rtc.o
    0x10004760   0x00000024   Code   RO         2741    i.rwble_slot_2_lpcycles  qn9020b2_lib_peripheral.lib(lib.o)
    0x10004784   0x00000030   Code   RO         2742    i.sector_erase_flash_patch  qn9020b2_lib_peripheral.lib(lib.o)
    0x100047b4   0x00000010   Code   RO         2744    i.set_dbg_info      qn9020b2_lib_peripheral.lib(lib.o)
    0x100047c4   0x00000034   Code   RO         1854    i.sleep_init        sleep.o
    0x100047f8   0x00000058   Code   RO         2746    i.smp_rtx_ind_handler_patch  qn9020b2_lib_peripheral.lib(lib.o)
    0x10004850   0x0000006c   Code   RO         2747    i.smpc_l2cc_data_packet_ind_handler_patch  qn9020b2_lib_peripheral.lib(lib.o)
    0x100048bc   0x0000000c   Code   RO         2748    i.store_ble_dev_mode_flag  qn9020b2_lib_peripheral.lib(lib.o)
    0x100048c8   0x0000000a   Code   RO         2749    i.syscon_GetBLESR   qn9020b2_lib_peripheral.lib(lib.o)
    0x100048d2   0x0000000a   Code   RO         1856    i.syscon_SetCMDCRWithMask  sleep.o
    0x100048dc   0x0000000a   Code   RO         1970    i.syscon_SetCMDCRWithMask  syscon.o
    0x100048e6   0x0000000a   Code   RO         1857    i.syscon_SetIvrefX32WithMask  sleep.o
    0x100048f0   0x0000000a   Code   RO         2750    i.syscon_SetIvrefX32WithMask  qn9020b2_lib_peripheral.lib(lib.o)
    0x100048fa   0x0000000a   Code   RO         1858    i.syscon_SetPGCR0WithMask  sleep.o
    0x10004904   0x0000000a   Code   RO         2751    i.syscon_SetPGCR1WithMask  qn9020b2_lib_peripheral.lib(lib.o)
    0x1000490e   0x0000000a   Code   RO         1859    i.syscon_SetPGCR2WithMask  sleep.o
    0x10004918   0x00000038   Code   RO         1976    i.syscon_set_ahb_clk  syscon.o
    0x10004950   0x00000034   Code   RO         1977    i.syscon_set_apb_clk  syscon.o
    0x10004984   0x00000040   Code   RO         1978    i.syscon_set_ble_clk  syscon.o
    0x100049c4   0x000000bc   Code   RO         1979    i.syscon_set_sysclk_src  syscon.o
    0x10004a80   0x0000002c   Code   RO         1980    i.syscon_set_timer_clk  syscon.o
    0x10004aac   0x00000070   Code   RO         1981    i.syscon_set_usart_clk  syscon.o
    0x10004b1c   0x00000038   Code   RO          724    i.task_app_desc_register  app_task.o
    0x10004b54   0x00000088   Code   RO         2752    i.task_atts_desc_register  qn9020b2_lib_peripheral.lib(lib.o)
    0x10004bdc   0x00000038   Code   RO         1425    i.task_blps_desc_register  blps_task.o
    0x10004c14   0x00000038   Code   RO         1553    i.task_diss_desc_register  diss_task.o
    0x10004c4c   0x000000c0   Code   RO         2753    i.task_gatt_desc_register  qn9020b2_lib_peripheral.lib(lib.o)
    0x10004d0c   0x00000070   Code   RO         2754    i.task_llc_desc_register  qn9020b2_lib_peripheral.lib(lib.o)
    0x10004d7c   0x0000000a   Code   RO         2155    i.timer_timer_ClrIntFlag  timer.o
    0x10004d86   0x0000000a   Code   RO         2156    i.timer_timer_GetIntFlag  timer.o
    0x10004d90   0x00000098   Code   RO         1608    i.uart_init         uart.o
    0x10004e28   0x00000012   Code   RO         1611    i.uart_rx_int_enable  uart.o
    0x10004e3a   0x00000002   PAD
    0x10004e3c   0x00000038   Code   RO         1612    i.uart_tx_int_enable  uart.o
    0x10004e74   0x0000000a   Code   RO         1613    i.uart_uart_ClrIntFlag  uart.o
    0x10004e7e   0x0000000a   Code   RO         1614    i.uart_uart_GetIntFlag  uart.o
    0x10004e88   0x00000008   Code   RO         1615    i.uart_uart_SetTXD  uart.o
    0x10004e90   0x00000030   Code   RO          370    i.usr_button1_cb    usr_design.o
    0x10004ec0   0x00000040   Code   RO          371    i.usr_button2_cb    usr_design.o
    0x10004f00   0x00000060   Code   RO          372    i.usr_init          usr_design.o
    0x10004f60   0x00000054   Code   RO          373    i.usr_led1_set      usr_design.o
    0x10004fb4   0x00000014   Code   RO         1861    i.wakeup_32k_xtal_start_timer  sleep.o
    0x10004fc8   0x00000054   Code   RO         1862    i.wakeup_32k_xtal_switch_clk  sleep.o
    0x1000501c   0x00000068   Code   RO         1864    i.wakeup_by_sleep_timer  sleep.o
    0x10005084   0x00000028   Code   RO         2093    i.wdt_irq_clear     wdt.o
    0x100050ac   0x0000000e   Code   RO         2095    i.wdt_wdt_SetLKR    wdt.o
    0x100050ba   0x00000002   PAD
    0x100050bc   0x00000138   Data   RO          725    .constdata          app_task.o
    0x100051f4   0x00000030   Data   RO          726    .constdata          app_task.o
    0x10005224   0x0000006c   Data   RO         1367    .constdata          blps.o
    0x10005290   0x00000002   Data   RO         1368    .constdata          blps.o
    0x10005292   0x00000005   Data   RO         1369    .constdata          blps.o
    0x10005297   0x00000005   Data   RO         1370    .constdata          blps.o
    0x1000529c   0x00000005   Data   RO         1371    .constdata          blps.o
    0x100052a1   0x00000003   PAD
    0x100052a4   0x00000008   Data   RO         1426    .constdata          blps_task.o
    0x100052ac   0x00000008   Data   RO         1427    .constdata          blps_task.o
    0x100052b4   0x00000020   Data   RO         1428    .constdata          blps_task.o
    0x100052d4   0x00000008   Data   RO         1429    .constdata          blps_task.o
    0x100052dc   0x00000020   Data   RO         1430    .constdata          blps_task.o
    0x100052fc   0x000000e4   Data   RO         1489    .constdata          diss.o
    0x100053e0   0x00000002   Data   RO         1490    .constdata          diss.o
    0x100053e2   0x00000005   Data   RO         1491    .constdata          diss.o
    0x100053e7   0x00000005   Data   RO         1492    .constdata          diss.o
    0x100053ec   0x00000005   Data   RO         1493    .constdata          diss.o
    0x100053f1   0x00000005   Data   RO         1494    .constdata          diss.o
    0x100053f6   0x00000005   Data   RO         1495    .constdata          diss.o
    0x100053fb   0x00000005   Data   RO         1496    .constdata          diss.o
    0x10005400   0x00000005   Data   RO         1497    .constdata          diss.o
    0x10005405   0x00000005   Data   RO         1498    .constdata          diss.o
    0x1000540a   0x00000005   Data   RO         1499    .constdata          diss.o
    0x1000540f   0x00000001   PAD
    0x10005410   0x00000008   Data   RO         1554    .constdata          diss_task.o
    0x10005418   0x00000010   Data   RO         1555    .constdata          diss_task.o
    0x10005428   0x00000008   Data   RO         1556    .constdata          diss_task.o
    0x10005430   0x00000020   Data   RO         1557    .constdata          diss_task.o
    0x10005450   0x00000033   Data   RO         1618    .constdata          uart.o
    0x10005483   0x00000001   PAD
    0x10005484   0x00000010   Data   RO         2756    .constdata          qn9020b2_lib_peripheral.lib(lib.o)
    0x10005494   0x0000000c   Data   RO         3211    .constdata          mc_p.l(localtime_i.o)
    0x100054a0   0x00000081   Data   RO         3240    .constdata          mc_p.l(ctype_o.o)
    0x10005521   0x00000003   PAD
    0x10005524   0x00000004   Data   RO         3241    .constdata          mc_p.l(ctype_o.o)
    0x10005528   0x000000d6   Data   RO          888    .conststring        app_gap_task.o
    0x100055fe   0x00000002   PAD
    0x10005600   0x000000ad   Data   RO         1092    .conststring        app_smp_task.o
    0x100056ad   0x00000003   PAD
    0x100056b0   0x00000030   Data   RO         3275    Region$$Table       anon$$obj.o
    0x100056e0   0x00000004   Data   RW          376    .data               usr_design.o
    0x100056e4   0x00000002   Data   RW          727    .data               app_task.o
    0x100056e6   0x00000002   PAD
    0x100056e8   0x00000004   Data   RW         1184    .data               app_blps_task.o
    0x100056ec   0x00000004   Data   RW         1267    .data               app_diss_task.o
    0x100056f0   0x00000002   Data   RW         1431    .data               blps_task.o
    0x100056f2   0x00000002   Data   RW         1558    .data               diss_task.o
    0x100056f4   0x00000004   Data   RW         1749    .data               gpio.o
    0x100056f8   0x00000020   Data   RW         1865    .data               sleep.o
    0x10005718   0x0000000c   Data   RW         1982    .data               syscon.o
    0x10005724   0x00000004   Data   RW         2096    .data               wdt.o
    0x10005728   0x00000020   Data   RW         2159    .data               timer.o
    0x10005748   0x00000004   Data   RW         2270    .data               rtc.o
    0x1000574c   0x00000008   Data   RW         2374    .data               serialflash.o
    0x10005754   0x00000004   Data   RW         2619    .data               retarget.o
    0x10005758   0x00000104   Data   RW         2757    .data               qn9020b2_lib_peripheral.lib(lib.o)
    0x1000585c   0x00000004   Data   RW         2911    .data               mc_p.l(rand.o)
    0x10005860   0x00000004   Data   RW         3216    .data               mc_p.l(errno.o)
    0x10005864   0x000006d4   Zero   RW           16    .bss                app_main.o
    0x10005f38   0x000000cc   Zero   RW          375    .bss                usr_design.o
    0x10006004   0x000000fc   Zero   RW          623    .bss                app_env.o
    0x10006100   0x0000000a   Zero   RW         1366    .bss                blps.o
    0x1000610a   0x00000012   Zero   RW         1488    .bss                diss.o
    0x1000611c   0x00000030   Zero   RW         1617    .bss                uart.o
    0x1000614c   0x0000000c   Zero   RW         2269    .bss                rtc.o
    0x10006158   0x00000014   Zero   RW         2463    .bss                i2c.o
    0x1000616c   0x00000654   Zero   RW         2755    .bss                qn9020b2_lib_peripheral.lib(lib.o)
    0x100067c0   0x0000002c   Zero   RW         3208    .bss                mc_p.l(localtime_w.o)
    0x100067ec   0x00000004   PAD
    0x100067f0   0x00000200   Zero   RW            1    STACK               startup.o


==============================================================================

Image component sizes


      Code (inc. data)   RO Data    RW Data    ZI Data      Debug   Object Name

       148         26          0          0          0       2252   app_blps.o
       230         84          0          4          0       4111   app_blps_task.o
       128         26          0          0          0       2042   app_diss.o
       272         84          0          4          0       2477   app_diss_task.o
       444         94          0          0        252       3713   app_env.o
       408         78          0          0          0       4921   app_gap.o
      1380        544        214          0          0      11938   app_gap_task.o
       224         70          0          0       1748     116048   app_main.o
       336         48          0          0          0       3722   app_smp.o
       960        244        173          0          0       5947   app_smp_task.o
         2          0          0          0          0        384   app_sys.o
       128         20        360          2          0      15673   app_task.o
       890        124          0          0          0      10938   app_util.o
       308         42        125          0         10       5571   blps.o
       768        106         88          2          0       7849   blps_task.o
        36          0          0          0          0        426   button.o
       176         28        275          0         18       5090   diss.o
       356         76         64          2          0       5094   diss_task.o
       302         36          0          4          0      21542   gpio.o
       726         68          0          0         20      20290   i2c.o
       142         16          0          0          0       1487   led.o
       160         20          0          0          0       4006   prf_utils.o
        10          0          0          4          0       2266   retarget.o
       202         26          0          4         12      18563   rtc.o
       196         30          0          8          0      18466   serialflash.o
       360         62          0         32          0      22435   sleep.o
        48         14        192          0        512        804   startup.o
       526         82          0         12          0      19839   syscon.o
       284         32          0          0          0      18351   system.o
       340         40          0         32          0      18634   timer.o
       490         64         51          0         48      30057   uart.o
      1222        252          0          4        204      11807   usr_design.o
        78         14          0          4          0      15574   wdt.o

    ----------------------------------------------------------------------
     12300       2450       1600        120       2824     432317   Object Totals
         0          0         48          0          0          0   (incl. Generated)
        20          0         10          2          0          0   (incl. Padding)

    ----------------------------------------------------------------------

      Code (inc. data)   RO Data    RW Data    ZI Data      Debug   Library Member Name

        86          0          0          0          0          0   __dczerorl2.o
        30          0          0          0          0         60   _chval.o
       166          0          0          0          0         84   _strtoul.o
        26          0          0          0          0         72   atoi.o
         8          4        133          0          0         60   ctype_o.o
         0          0          0          0          0          0   entry.o
         0          0          0          0          0          0   entry10a.o
         0          0          0          0          0          0   entry11a.o
         8          4          0          0          0          0   entry2.o
         4          0          0          0          0          0   entry5.o
         0          0          0          0          0          0   entry7b.o
         0          0          0          0          0          0   entry8b.o
         8          4          0          0          0          0   entry9a.o
         8          4          0          4          0         60   errno.o
        30          0          0          0          0          0   handlers.o
        36          8          0          0          0         68   init.o
       116         12         12          0          0         72   localtime_i.o
        16          6          0          0         44         68   localtime_w.o
        26          0          0          0          0         72   memcmp.o
        36          0          0          0          0         60   memcpya.o
        36          0          0          0          0        100   memseta.o
      1172         52          0          0          0        324   printf8.o
        36         12          0          4          0        120   rand.o
        18          0          0          0          0         60   strcpy.o
       112          4          0          0          0         76   strtol.o
        44          0          0          0          0         72   uidiv.o
      5464        960         16        260       1620       3832   lib.o
       452          4          0          0          0        184   math.o
       220         38          0          0          0        212   calibration.o

    ----------------------------------------------------------------------
      8176       1112        164        268       1668       5656   Library Totals
        18          0          3          0          4          0   (incl. Padding)

    ----------------------------------------------------------------------

      Code (inc. data)   RO Data    RW Data    ZI Data      Debug   Library Name

      2022        110        145          8         44       1428   mc_p.l
      5916        964         16        260       1620       4016   qn9020b2_lib_peripheral.lib
       220         38          0          0          0        212   qn902xb2_lib_lite.lib

    ----------------------------------------------------------------------
      8176       1112        164        268       1668       5656   Library Totals

    ----------------------------------------------------------------------

==============================================================================


      Code (inc. data)   RO Data    RW Data    ZI Data      Debug   

     20476       3562       1764        388       4492     427093   Grand Totals
     20476       3562       1764         92       4492     427093   ELF Image Totals (compressed)
     20476       3562       1764         92          0          0   ROM Totals

==============================================================================

    Total RO  Size (Code + RO Data)                22240 (  21.72kB)
    Total RW  Size (RW Data + ZI Data)              4880 (   4.77kB)
    Total ROM Size (Code + RO Data + RW Data)      22332 (  21.81kB)

==============================================================================

